Archive member included to satisfy reference by file (symbol)

/usr/local/Cellar/arm-none-eabi-gcc/10.3-2021.07/gcc/bin/../lib/gcc/arm-none-eabi/10.3.1/thumb/v6-m/nofp/libgcc.a(_dvmd_tls.o)
                              CMakeFiles/blink.dir/Users/calhound/VSARM/pico/pico-sdk/src/rp2_common/pico_divider/divider.S.obj (__aeabi_idiv0)
/usr/local/Cellar/arm-none-eabi-gcc/10.3-2021.07/gcc/bin/../lib/gcc/arm-none-eabi/10.3.1/../../../../arm-none-eabi/lib/thumb/v6-m/nofp/libg.a(lib_a-calloc.o)
                              CMakeFiles/blink.dir/Users/calhound/VSARM/pico/pico-sdk/src/rp2_common/pico_malloc/pico_malloc.c.obj (calloc)
/usr/local/Cellar/arm-none-eabi-gcc/10.3-2021.07/gcc/bin/../lib/gcc/arm-none-eabi/10.3.1/../../../../arm-none-eabi/lib/thumb/v6-m/nofp/libg.a(lib_a-callocr.o)
                              /usr/local/Cellar/arm-none-eabi-gcc/10.3-2021.07/gcc/bin/../lib/gcc/arm-none-eabi/10.3.1/../../../../arm-none-eabi/lib/thumb/v6-m/nofp/libg.a(lib_a-calloc.o) (_calloc_r)
/usr/local/Cellar/arm-none-eabi-gcc/10.3-2021.07/gcc/bin/../lib/gcc/arm-none-eabi/10.3.1/../../../../arm-none-eabi/lib/thumb/v6-m/nofp/libg.a(lib_a-ctype_.o)
                              CMakeFiles/blink.dir/Users/calhound/VSARM/pico/pico-sdk/lib/tinyusb/src/tusb.c.obj (_ctype_)
/usr/local/Cellar/arm-none-eabi-gcc/10.3-2021.07/gcc/bin/../lib/gcc/arm-none-eabi/10.3.1/../../../../arm-none-eabi/lib/thumb/v6-m/nofp/libg.a(lib_a-errno.o)
                              /usr/local/Cellar/arm-none-eabi-gcc/10.3-2021.07/gcc/bin/../lib/gcc/arm-none-eabi/10.3.1/../../../../arm-none-eabi/lib/thumb/v6-m/nofp/libg.a(lib_a-callocr.o) (__errno)
/usr/local/Cellar/arm-none-eabi-gcc/10.3-2021.07/gcc/bin/../lib/gcc/arm-none-eabi/10.3.1/../../../../arm-none-eabi/lib/thumb/v6-m/nofp/libg.a(lib_a-impure.o)
                              /usr/local/Cellar/arm-none-eabi-gcc/10.3-2021.07/gcc/bin/../lib/gcc/arm-none-eabi/10.3.1/../../../../arm-none-eabi/lib/thumb/v6-m/nofp/libg.a(lib_a-calloc.o) (_impure_ptr)
/usr/local/Cellar/arm-none-eabi-gcc/10.3-2021.07/gcc/bin/../lib/gcc/arm-none-eabi/10.3.1/../../../../arm-none-eabi/lib/thumb/v6-m/nofp/libg.a(lib_a-init.o)
                              /usr/local/Cellar/arm-none-eabi-gcc/10.3-2021.07/gcc/bin/../lib/gcc/arm-none-eabi/10.3.1/../../../../arm-none-eabi/lib/thumb/v6-m/nofp/crt0.o (__libc_init_array)
/usr/local/Cellar/arm-none-eabi-gcc/10.3-2021.07/gcc/bin/../lib/gcc/arm-none-eabi/10.3.1/../../../../arm-none-eabi/lib/thumb/v6-m/nofp/libg.a(lib_a-malloc.o)
                              CMakeFiles/blink.dir/Users/calhound/VSARM/pico/pico-sdk/src/rp2_common/pico_malloc/pico_malloc.c.obj (malloc)
/usr/local/Cellar/arm-none-eabi-gcc/10.3-2021.07/gcc/bin/../lib/gcc/arm-none-eabi/10.3.1/../../../../arm-none-eabi/lib/thumb/v6-m/nofp/libg.a(lib_a-mallocr.o)
                              /usr/local/Cellar/arm-none-eabi-gcc/10.3-2021.07/gcc/bin/../lib/gcc/arm-none-eabi/10.3.1/../../../../arm-none-eabi/lib/thumb/v6-m/nofp/libg.a(lib_a-callocr.o) (_malloc_r)
/usr/local/Cellar/arm-none-eabi-gcc/10.3-2021.07/gcc/bin/../lib/gcc/arm-none-eabi/10.3.1/../../../../arm-none-eabi/lib/thumb/v6-m/nofp/libg.a(lib_a-mlock.o)
                              /usr/local/Cellar/arm-none-eabi-gcc/10.3-2021.07/gcc/bin/../lib/gcc/arm-none-eabi/10.3.1/../../../../arm-none-eabi/lib/thumb/v6-m/nofp/libg.a(lib_a-mallocr.o) (__malloc_lock)
/usr/local/Cellar/arm-none-eabi-gcc/10.3-2021.07/gcc/bin/../lib/gcc/arm-none-eabi/10.3.1/../../../../arm-none-eabi/lib/thumb/v6-m/nofp/libg.a(lib_a-sbrkr.o)
                              /usr/local/Cellar/arm-none-eabi-gcc/10.3-2021.07/gcc/bin/../lib/gcc/arm-none-eabi/10.3.1/../../../../arm-none-eabi/lib/thumb/v6-m/nofp/libg.a(lib_a-mallocr.o) (_sbrk_r)
/usr/local/Cellar/arm-none-eabi-gcc/10.3-2021.07/gcc/bin/../lib/gcc/arm-none-eabi/10.3.1/../../../../arm-none-eabi/lib/thumb/v6-m/nofp/libg.a(lib_a-strlen-stub.o)
                              CMakeFiles/blink.dir/Users/calhound/VSARM/pico/pico-sdk/src/rp2_common/pico_stdio/stdio.c.obj (strlen)
/usr/local/Cellar/arm-none-eabi-gcc/10.3-2021.07/gcc/bin/../lib/gcc/arm-none-eabi/10.3.1/../../../../arm-none-eabi/lib/thumb/v6-m/nofp/libg.a(lib_a-freer.o)
                              /usr/local/Cellar/arm-none-eabi-gcc/10.3-2021.07/gcc/bin/../lib/gcc/arm-none-eabi/10.3.1/../../../../arm-none-eabi/lib/thumb/v6-m/nofp/libg.a(lib_a-malloc.o) (_free_r)
/usr/local/Cellar/arm-none-eabi-gcc/10.3-2021.07/gcc/bin/../lib/gcc/arm-none-eabi/10.3.1/../../../../arm-none-eabi/lib/thumb/v6-m/nofp/libg.a(lib_a-lock.o)
                              /usr/local/Cellar/arm-none-eabi-gcc/10.3-2021.07/gcc/bin/../lib/gcc/arm-none-eabi/10.3.1/../../../../arm-none-eabi/lib/thumb/v6-m/nofp/libg.a(lib_a-mlock.o) (__retarget_lock_acquire_recursive)
/usr/local/Cellar/arm-none-eabi-gcc/10.3-2021.07/gcc/bin/../lib/gcc/arm-none-eabi/10.3.1/../../../../arm-none-eabi/lib/thumb/v6-m/nofp/libg.a(lib_a-reent.o)
[...]
Memory Configuration

Name             Origin             Length             Attributes
FLASH            0x0000000010000000 0x0000000000200000 xr
RAM              0x0000000020000000 0x0000000000040000 xrw
SCRATCH_X        0x0000000020040000 0x0000000000001000 xrw
SCRATCH_Y        0x0000000020041000 0x0000000000001000 xrw
*default*        0x0000000000000000 0xffffffffffffffff

Linker script and memory map

LOAD /usr/local/Cellar/arm-none-eabi-gcc/10.3-2021.07/gcc/bin/../lib/gcc/arm-none-eabi/10.3.1/thumb/v6-m/nofp/crti.o
LOAD /usr/local/Cellar/arm-none-eabi-gcc/10.3-2021.07/gcc/bin/../lib/gcc/arm-none-eabi/10.3.1/thumb/v6-m/nofp/crtbegin.o
LOAD /usr/local/Cellar/arm-none-eabi-gcc/10.3-2021.07/gcc/bin/../lib/gcc/arm-none-eabi/10.3.1/../../../../arm-none-eabi/lib/thumb/v6-m/nofp/crt0.o

.flash_begin    0x0000000010000000        0x0
                0x0000000010000000                __flash_binary_start = .

.boot2          0x0000000010000000      0x100
                0x0000000010000000                __boot2_start__ = .
 *(.boot2)
 .boot2         0x0000000010000000      0x100 /var/folders/zt/kg0hwm0s04v__nny36mphjjw0000gn/T//ccIxJDO3.o
                0x0000000010000100                __boot2_end__ = .
                0x0000000000000001                ASSERT (((__boot2_end__ - __boot2_start__) == 0x100), ERROR: Pico second stage bootloader must be 256 bytes in size)

.text           0x0000000010000100     0x6f10
                0x0000000010000100                __logical_binary_start = .
 *(.vectors)
 .vectors       0x0000000010000100       0xd4 CMakeFiles/blink.dir/Users/calhound/VSARM/pico/pico-sdk/src/rp2_common/pico_standard_link/crt0.S.obj
                0x0000000010000100                __VECTOR_TABLE
                0x0000000010000100                __vectors
                0x00000000100001c0                __default_isrs_start
                0x00000000100001c0                isr_invalid
                0x00000000100001c2                isr_nmi
                0x00000000100001c4                isr_hardfault
                0x00000000100001c6                isr_svcall
                0x00000000100001c8                isr_pendsv
                0x00000000100001ca                isr_systick
                0x00000000100001cc                isr_irq28
                0x00000000100001cc                isr_irq19
                0x00000000100001cc                isr_irq0
                0x00000000100001cc                isr_irq6
                0x00000000100001cc                isr_irq22
                0x00000000100001cc                isr_irq17
                0x00000000100001cc                isr_irq14
                0x00000000100001cc                isr_irq2
                0x00000000100001cc                isr_irq10
                0x00000000100001cc                isr_irq8
                0x00000000100001cc                isr_irq24
                0x00000000100001cc                isr_irq1
                0x00000000100001cc                isr_irq7
                0x00000000100001cc                isr_irq21
                0x00000000100001cc                isr_irq20
                0x00000000100001cc                isr_irq15
                0x00000000100001cc                isr_irq25
                0x00000000100001cc                isr_irq4
                0x00000000100001cc                isr_irq16
                0x00000000100001cc                isr_irq29
                0x00000000100001cc                isr_irq26
                0x00000000100001cc                __default_isrs_end
                0x00000000100001cc                isr_irq3
                0x00000000100001cc                isr_irq9
                0x00000000100001cc                __unhandled_user_irq
                0x00000000100001cc                isr_irq13
                0x00000000100001cc                isr_irq27
                0x00000000100001cc                isr_irq31
                0x00000000100001cc                isr_irq5
                0x00000000100001cc                isr_irq11
                0x00000000100001cc                isr_irq23
                0x00000000100001cc                isr_irq18
                0x00000000100001cc                isr_irq30
                0x00000000100001cc                isr_irq12
                0x00000000100001d2                unhandled_user_irq_num_in_r0
 *(.binary_info_header)
 .binary_info_header
                0x00000000100001d4       0x14 CMakeFiles/blink.dir/Users/calhound/VSARM/pico/pico-sdk/src/rp2_common/pico_standard_link/crt0.S.obj
                0x00000000100001e8                __binary_info_header_end = .
 *(.reset)
 .reset         0x00000000100001e8       0xa8 CMakeFiles/blink.dir/Users/calhound/VSARM/pico/pico-sdk/src/rp2_common/pico_standard_link/crt0.S.obj
                0x00000000100001e8                _entry_point
                0x0000000010000266                __get_current_exception
 .reset         0x0000000010000290       0x30 CMakeFiles/blink.dir/Users/calhound/VSARM/pico/pico-sdk/src/rp2_common/pico_standard_link/binary_info.c.obj
 *(.init)
 .init          0x00000000100002c0        0x4 /usr/local/Cellar/arm-none-eabi-gcc/10.3-2021.07/gcc/bin/../lib/gcc/arm-none-eabi/10.3.1/thumb/v6-m/nofp/crti.o
                0x00000000100002c0                _init
 *(EXCLUDE_FILE(*libm.a: *libc.a:*lib_a-mem*.o *libgcc.a:) .text*)
 .text          0x00000000100002c4       0x48 /usr/local/Cellar/arm-none-eabi-gcc/10.3-2021.07/gcc/bin/../lib/gcc/arm-none-eabi/10.3.1/thumb/v6-m/nofp/crtbegin.o
 .text.main     0x000000001000030c       0x3c CMakeFiles/blink.dir/main.c.obj
                0x000000001000030c                main
 .text.gpio_set_function
                0x0000000010000348       0x30 CMakeFiles/blink.dir/Users/calhound/VSARM/pico/pico-sdk/src/rp2_common/hardware_gpio/gpio.c.obj
                0x0000000010000348                gpio_set_function
 .text.gpio_init
                0x0000000010000378       0x16 CMakeFiles/blink.dir/Users/calhound/VSARM/pico/pico-sdk/src/rp2_common/hardware_gpio/gpio.c.obj
                0x0000000010000378                gpio_init
 *fill*         0x000000001000038e        0x2 
 .text.hw_claim_lock
                0x0000000010000390       0x18 CMakeFiles/blink.dir/Users/calhound/VSARM/pico/pico-sdk/src/rp2_common/hardware_claim/claim.c.obj
                0x0000000010000390                hw_claim_lock
 .text.hw_claim_unlock
                0x00000000100003a8       0x14 CMakeFiles/blink.dir/Users/calhound/VSARM/pico/pico-sdk/src/rp2_common/hardware_claim/claim.c.obj
                0x00000000100003a8                hw_claim_unlock
 .text.hw_claim_or_assert
                0x00000000100003bc       0x32 CMakeFiles/blink.dir/Users/calhound/VSARM/pico/pico-sdk/src/rp2_common/hardware_claim/claim.c.obj
                0x00000000100003bc                hw_claim_or_assert
 .text.hw_claim_unused_from_range
                0x00000000100003ee       0x50 CMakeFiles/blink.dir/Users/calhound/VSARM/pico/pico-sdk/src/rp2_common/hardware_claim/claim.c.obj
                0x00000000100003ee                hw_claim_unused_from_range
 *fill*         0x000000001000043e        0x2 
 .text.running_on_fpga
                0x0000000010000440       0x14 CMakeFiles/blink.dir/Users/calhound/VSARM/pico/pico-sdk/src/rp2_common/pico_platform/platform.c.obj
                0x0000000010000440                running_on_fpga
 .text.spin_locks_reset
                0x0000000010000454       0x20 CMakeFiles/blink.dir/Users/calhound/VSARM/pico/pico-sdk/src/rp2_common/hardware_sync/sync.c.obj
                0x0000000010000454                spin_locks_reset
 .text.next_striped_spin_lock_num
                0x0000000010000474       0x1c CMakeFiles/blink.dir/Users/calhound/VSARM/pico/pico-sdk/src/rp2_common/hardware_sync/sync.c.obj
                0x0000000010000474                next_striped_spin_lock_num
 .text.spin_lock_claim_unused
                0x0000000010000490       0x20 CMakeFiles/blink.dir/Users/calhound/VSARM/pico/pico-sdk/src/rp2_common/hardware_sync/sync.c.obj
                0x0000000010000490                spin_lock_claim_unused
 .text.alarm_pool_post_alloc_init
                0x00000000100004b0       0x40 CMakeFiles/blink.dir/Users/calhound/VSARM/pico/pico-sdk/src/common/pico_time/time.c.obj
 .text.sleep_until_callback
                0x00000000100004f0       0x30 CMakeFiles/blink.dir/Users/calhound/VSARM/pico/pico-sdk/src/common/pico_time/time.c.obj
 .text.timer_pool_entry_comparator
                0x0000000010000520       0x7c CMakeFiles/blink.dir/Users/calhound/VSARM/pico/pico-sdk/src/common/pico_time/time.c.obj
                0x0000000010000520                timer_pool_entry_comparator
 .text.ph_add_child_node
                0x000000001000059c       0xa4 CMakeFiles/blink.dir/Users/calhound/VSARM/pico/pico-sdk/src/common/pico_time/time.c.obj
 .text.ph_merge_nodes
                0x0000000010000640       0x3e CMakeFiles/blink.dir/Users/calhound/VSARM/pico/pico-sdk/src/common/pico_time/time.c.obj
 *fill*         0x000000001000067e        0x2 
 .text.add_alarm_under_lock
                0x0000000010000680      0x174 CMakeFiles/blink.dir/Users/calhound/VSARM/pico/pico-sdk/src/common/pico_time/time.c.obj
 .text.alarm_pool_alarm_callback
                0x00000000100007f4      0x328 CMakeFiles/blink.dir/Users/calhound/VSARM/pico/pico-sdk/src/common/pico_time/time.c.obj
 .text.alarm_pool_init_default
                0x0000000010000b1c       0x38 CMakeFiles/blink.dir/Users/calhound/VSARM/pico/pico-sdk/src/common/pico_time/time.c.obj
                0x0000000010000b1c                alarm_pool_init_default
 .text.alarm_pool_get_default
                0x0000000010000b54       0x2c CMakeFiles/blink.dir/Users/calhound/VSARM/pico/pico-sdk/src/common/pico_time/time.c.obj
                0x0000000010000b54                alarm_pool_get_default
 .text.alarm_pool_add_alarm_at
                0x0000000010000b80      0x170 CMakeFiles/blink.dir/Users/calhound/VSARM/pico/pico-sdk/src/common/pico_time/time.c.obj
                0x0000000010000b80                alarm_pool_add_alarm_at
 .text.alarm_pool_cancel_alarm
                0x0000000010000cf0       0xec CMakeFiles/blink.dir/Users/calhound/VSARM/pico/pico-sdk/src/common/pico_time/time.c.obj
                0x0000000010000cf0                alarm_pool_cancel_alarm
 .text.sleep_until
                0x0000000010000ddc       0xfc CMakeFiles/blink.dir/Users/calhound/VSARM/pico/pico-sdk/src/common/pico_time/time.c.obj
                0x0000000010000ddc                sleep_until
 .text.sleep_us
                0x0000000010000ed8       0x58 CMakeFiles/blink.dir/Users/calhound/VSARM/pico/pico-sdk/src/common/pico_time/time.c.obj
                0x0000000010000ed8                sleep_us
 .text.sleep_ms
                0x0000000010000f30       0x14 CMakeFiles/blink.dir/Users/calhound/VSARM/pico/pico-sdk/src/common/pico_time/time.c.obj
                0x0000000010000f30                sleep_ms
 .text.best_effort_wfe_or_timeout
                0x0000000010000f44       0x80 CMakeFiles/blink.dir/Users/calhound/VSARM/pico/pico-sdk/src/common/pico_time/time.c.obj
                0x0000000010000f44                best_effort_wfe_or_timeout
 .text.hardware_alarm_irq_handler
                0x0000000010000fc4       0x8c CMakeFiles/blink.dir/Users/calhound/VSARM/pico/pico-sdk/src/rp2_common/hardware_timer/timer.c.obj
 .text.hardware_alarm_claim
                0x0000000010001050       0x18 CMakeFiles/blink.dir/Users/calhound/VSARM/pico/pico-sdk/src/rp2_common/hardware_timer/timer.c.obj
                0x0000000010001050                hardware_alarm_claim
 .text.time_us_64
                0x0000000010001068       0x18 CMakeFiles/blink.dir/Users/calhound/VSARM/pico/pico-sdk/src/rp2_common/hardware_timer/timer.c.obj
                0x0000000010001068                time_us_64
 .text.busy_wait_until
                0x0000000010001080       0x28 CMakeFiles/blink.dir/Users/calhound/VSARM/pico/pico-sdk/src/rp2_common/hardware_timer/timer.c.obj
                0x0000000010001080                busy_wait_until
 .text.hardware_alarm_set_callback
                0x00000000100010a8       0x90 CMakeFiles/blink.dir/Users/calhound/VSARM/pico/pico-sdk/src/rp2_common/hardware_timer/timer.c.obj
                0x00000000100010a8                hardware_alarm_set_callback
 .text.hardware_alarm_set_target
                0x0000000010001138       0xe8 CMakeFiles/blink.dir/Users/calhound/VSARM/pico/pico-sdk/src/rp2_common/hardware_timer/timer.c.obj
                0x0000000010001138                hardware_alarm_set_target
 .text.hardware_alarm_cancel
                0x0000000010001220       0x40 CMakeFiles/blink.dir/Users/calhound/VSARM/pico/pico-sdk/src/rp2_common/hardware_timer/timer.c.obj
                0x0000000010001220                hardware_alarm_cancel
 .text.lock_init
                0x0000000010001260       0x10 CMakeFiles/blink.dir/Users/calhound/VSARM/pico/pico-sdk/src/common/pico_sync/lock_core.c.obj
                0x0000000010001260                lock_init
 .text.mutex_init_internal
                0x0000000010001270       0x1e CMakeFiles/blink.dir/Users/calhound/VSARM/pico/pico-sdk/src/common/pico_sync/mutex.c.obj
 .text.mutex_init
                0x000000001000128e        0xa CMakeFiles/blink.dir/Users/calhound/VSARM/pico/pico-sdk/src/common/pico_sync/mutex.c.obj
                0x000000001000128e                mutex_init
 .text.recursive_mutex_init
                0x0000000010001298        0xa CMakeFiles/blink.dir/Users/calhound/VSARM/pico/pico-sdk/src/common/pico_sync/mutex.c.obj
                0x0000000010001298                recursive_mutex_init
 *fill*         0x00000000100012a2        0x2 
 .text.critical_section_init_with_lock_num
                0x00000000100012a4       0x14 CMakeFiles/blink.dir/Users/calhound/VSARM/pico/pico-sdk/src/common/pico_sync/critical_section.c.obj
                0x00000000100012a4                critical_section_init_with_lock_num
 .text.critical_section_init
                0x00000000100012b8       0x14 CMakeFiles/blink.dir/Users/calhound/VSARM/pico/pico-sdk/src/common/pico_sync/critical_section.c.obj
                0x00000000100012b8                critical_section_init
 .text.ph_add_child_node
                0x00000000100012cc       0xa4 CMakeFiles/blink.dir/Users/calhound/VSARM/pico/pico-sdk/src/common/pico_util/pheap.c.obj
 .text.ph_merge_nodes
                0x0000000010001370       0x3e CMakeFiles/blink.dir/Users/calhound/VSARM/pico/pico-sdk/src/common/pico_util/pheap.c.obj
 *fill*         0x00000000100013ae        0x2 
 .text.ph_clear
                0x00000000100013b0       0x70 CMakeFiles/blink.dir/Users/calhound/VSARM/pico/pico-sdk/src/common/pico_util/pheap.c.obj
                0x00000000100013b0                ph_clear
 .text.ph_post_alloc_init
                0x0000000010001420        0xe CMakeFiles/blink.dir/Users/calhound/VSARM/pico/pico-sdk/src/common/pico_util/pheap.c.obj
                0x0000000010001420                ph_post_alloc_init
 *fill*         0x000000001000142e        0x2 
 .text.ph_merge_two_pass
                0x0000000010001430       0xa8 CMakeFiles/blink.dir/Users/calhound/VSARM/pico/pico-sdk/src/common/pico_util/pheap.c.obj
                0x0000000010001430                ph_merge_two_pass
 .text.ph_remove_any_head
                0x00000000100014d8      0x108 CMakeFiles/blink.dir/Users/calhound/VSARM/pico/pico-sdk/src/common/pico_util/pheap.c.obj
 .text.ph_remove_head
                0x00000000100015e0       0x14 CMakeFiles/blink.dir/Users/calhound/VSARM/pico/pico-sdk/src/common/pico_util/pheap.c.obj
                0x00000000100015e0                ph_remove_head
 .text.ph_remove_and_free_node
                0x00000000100015f4       0xf8 CMakeFiles/blink.dir/Users/calhound/VSARM/pico/pico-sdk/src/common/pico_util/pheap.c.obj
                0x00000000100015f4                ph_remove_and_free_node
 .text.runtime_init
                0x00000000100016ec       0xd8 CMakeFiles/blink.dir/Users/calhound/VSARM/pico/pico-sdk/src/rp2_common/pico_runtime/runtime.c.obj
                0x00000000100016ec                runtime_init
 .text._exit    0x00000000100017c4        0x4 CMakeFiles/blink.dir/Users/calhound/VSARM/pico/pico-sdk/src/rp2_common/pico_runtime/runtime.c.obj
                0x00000000100017c4                _exit
 .text.exit     0x00000000100017c8        0x6 CMakeFiles/blink.dir/Users/calhound/VSARM/pico/pico-sdk/src/rp2_common/pico_runtime/runtime.c.obj
                0x00000000100017c8                exit
 *fill*         0x00000000100017ce        0x2 
 .text.__assert_func
                0x00000000100017d0       0x3c CMakeFiles/blink.dir/Users/calhound/VSARM/pico/pico-sdk/src/rp2_common/pico_runtime/runtime.c.obj
                0x00000000100017d0                __assert_func
 .text.panic    0x000000001000180c       0x30 CMakeFiles/blink.dir/Users/calhound/VSARM/pico/pico-sdk/src/rp2_common/pico_runtime/runtime.c.obj
                0x000000001000180c                panic
 .text.clock_configure
                0x000000001000183c      0x104 CMakeFiles/blink.dir/Users/calhound/VSARM/pico/pico-sdk/src/rp2_common/hardware_clocks/clocks.c.obj
                0x000000001000183c                clock_configure
 .text.clocks_init
                0x0000000010001940      0x100 CMakeFiles/blink.dir/Users/calhound/VSARM/pico/pico-sdk/src/rp2_common/hardware_clocks/clocks.c.obj
                0x0000000010001940                clocks_init
 .text.set_raw_irq_handler_and_unlock
                0x0000000010001a40       0x28 CMakeFiles/blink.dir/Users/calhound/VSARM/pico/pico-sdk/src/rp2_common/hardware_irq/irq.c.obj
 .text.make_branch
                0x0000000010001a68       0x34 CMakeFiles/blink.dir/Users/calhound/VSARM/pico/pico-sdk/src/rp2_common/hardware_irq/irq.c.obj
 .text.insert_branch_and_link
                0x0000000010001a9c       0x40 CMakeFiles/blink.dir/Users/calhound/VSARM/pico/pico-sdk/src/rp2_common/hardware_irq/irq.c.obj
 .text.irq_is_enabled
                0x0000000010001adc       0x18 CMakeFiles/blink.dir/Users/calhound/VSARM/pico/pico-sdk/src/rp2_common/hardware_irq/irq.c.obj
                0x0000000010001adc                irq_is_enabled
 .text.irq_set_mask_enabled
                0x0000000010001af4       0x20 CMakeFiles/blink.dir/Users/calhound/VSARM/pico/pico-sdk/src/rp2_common/hardware_irq/irq.c.obj
                0x0000000010001af4                irq_set_mask_enabled
 .text.irq_set_enabled
                0x0000000010001b14        0xe CMakeFiles/blink.dir/Users/calhound/VSARM/pico/pico-sdk/src/rp2_common/hardware_irq/irq.c.obj
                0x0000000010001b14                irq_set_enabled
 *fill*         0x0000000010001b22        0x2 
 .text.irq_set_pending
                0x0000000010001b24       0x10 CMakeFiles/blink.dir/Users/calhound/VSARM/pico/pico-sdk/src/rp2_common/hardware_irq/irq.c.obj
                0x0000000010001b24                irq_set_pending
 .text.irq_get_vtable_handler
                0x0000000010001b34       0x10 CMakeFiles/blink.dir/Users/calhound/VSARM/pico/pico-sdk/src/rp2_common/hardware_irq/irq.c.obj
                0x0000000010001b34                irq_get_vtable_handler
 .text.irq_set_exclusive_handler
                0x0000000010001b44       0x54 CMakeFiles/blink.dir/Users/calhound/VSARM/pico/pico-sdk/src/rp2_common/hardware_irq/irq.c.obj
                0x0000000010001b44                irq_set_exclusive_handler
 .text.irq_remove_handler
                0x0000000010001b98      0x1ac CMakeFiles/blink.dir/Users/calhound/VSARM/pico/pico-sdk/src/rp2_common/hardware_irq/irq.c.obj
                0x0000000010001b98                irq_remove_handler
 .text.irq_set_priority
                0x0000000010001d44       0x28 CMakeFiles/blink.dir/Users/calhound/VSARM/pico/pico-sdk/src/rp2_common/hardware_irq/irq.c.obj
                0x0000000010001d44                irq_set_priority
 .text.irq_add_tail_to_free_list
                0x0000000010001d6c       0xf0 CMakeFiles/blink.dir/Users/calhound/VSARM/pico/pico-sdk/src/rp2_common/hardware_irq/irq.c.obj
                0x0000000010001d6c                irq_add_tail_to_free_list
 .text.irq_init_priorities
                0x0000000010001e5c       0x16 CMakeFiles/blink.dir/Users/calhound/VSARM/pico/pico-sdk/src/rp2_common/hardware_irq/irq.c.obj
                0x0000000010001e5c                irq_init_priorities
 *fill*         0x0000000010001e72        0x2 
 .text.pll_init
                0x0000000010001e74      0x118 CMakeFiles/blink.dir/Users/calhound/VSARM/pico/pico-sdk/src/rp2_common/hardware_pll/pll.c.obj
                0x0000000010001e74                pll_init
 .text.watchdog_start_tick
                0x0000000010001f8c       0x10 CMakeFiles/blink.dir/Users/calhound/VSARM/pico/pico-sdk/src/rp2_common/hardware_watchdog/watchdog.c.obj
                0x0000000010001f8c                watchdog_start_tick
 .text.watchdog_update
                0x0000000010001f9c       0x14 CMakeFiles/blink.dir/Users/calhound/VSARM/pico/pico-sdk/src/rp2_common/hardware_watchdog/watchdog.c.obj
                0x0000000010001f9c                watchdog_update
 .text._watchdog_enable
                0x0000000010001fb0       0x70 CMakeFiles/blink.dir/Users/calhound/VSARM/pico/pico-sdk/src/rp2_common/hardware_watchdog/watchdog.c.obj
                0x0000000010001fb0                _watchdog_enable
 .text.watchdog_reboot
                0x0000000010002020       0x48 CMakeFiles/blink.dir/Users/calhound/VSARM/pico/pico-sdk/src/rp2_common/hardware_watchdog/watchdog.c.obj
                0x0000000010002020                watchdog_reboot
 .text.xosc_init
                0x0000000010002068       0x28 CMakeFiles/blink.dir/Users/calhound/VSARM/pico/pico-sdk/src/rp2_common/hardware_xosc/xosc.c.obj
                0x0000000010002068                xosc_init
 .text._out_null
                0x0000000010002090        0x2 CMakeFiles/blink.dir/Users/calhound/VSARM/pico/pico-sdk/src/rp2_common/pico_printf/printf.c.obj
 .text._out_fct
                0x0000000010002092        0xe CMakeFiles/blink.dir/Users/calhound/VSARM/pico/pico-sdk/src/rp2_common/pico_printf/printf.c.obj
 .text._atoi    0x00000000100020a0       0x24 CMakeFiles/blink.dir/Users/calhound/VSARM/pico/pico-sdk/src/rp2_common/pico_printf/printf.c.obj
 .text._out_rev
                0x00000000100020c4       0xae CMakeFiles/blink.dir/Users/calhound/VSARM/pico/pico-sdk/src/rp2_common/pico_printf/printf.c.obj
 .text._ntoa_format
                0x0000000010002172      0x112 CMakeFiles/blink.dir/Users/calhound/VSARM/pico/pico-sdk/src/rp2_common/pico_printf/printf.c.obj
 .text._ntoa_long
                0x0000000010002284       0xbc CMakeFiles/blink.dir/Users/calhound/VSARM/pico/pico-sdk/src/rp2_common/pico_printf/printf.c.obj
 .text._ntoa_long_long
                0x0000000010002340       0xe2 CMakeFiles/blink.dir/Users/calhound/VSARM/pico/pico-sdk/src/rp2_common/pico_printf/printf.c.obj
 *fill*         0x0000000010002422        0x2 
 .text._etoa    0x0000000010002424      0x414 CMakeFiles/blink.dir/Users/calhound/VSARM/pico/pico-sdk/src/rp2_common/pico_printf/printf.c.obj
 .text._ftoa    0x0000000010002838      0x354 CMakeFiles/blink.dir/Users/calhound/VSARM/pico/pico-sdk/src/rp2_common/pico_printf/printf.c.obj
 .text._vsnprintf
                0x0000000010002b8c      0x624 CMakeFiles/blink.dir/Users/calhound/VSARM/pico/pico-sdk/src/rp2_common/pico_printf/printf.c.obj
 .text.vfctprintf
                0x00000000100031b0       0x20 CMakeFiles/blink.dir/Users/calhound/VSARM/pico/pico-sdk/src/rp2_common/pico_printf/printf.c.obj
                0x00000000100031b0                vfctprintf
 .text          0x00000000100031d0       0x10 CMakeFiles/blink.dir/Users/calhound/VSARM/pico/pico-sdk/src/rp2_common/pico_bit_ops/bit_ops_aeabi.S.obj
 .text.rom_func_lookup
                0x00000000100031e0       0x10 CMakeFiles/blink.dir/Users/calhound/VSARM/pico/pico-sdk/src/rp2_common/pico_bootrom/bootrom.c.obj
                0x00000000100031e0                rom_func_lookup
 .text.rom_data_lookup
                0x00000000100031f0       0x10 CMakeFiles/blink.dir/Users/calhound/VSARM/pico/pico-sdk/src/rp2_common/pico_bootrom/bootrom.c.obj
                0x00000000100031f0                rom_data_lookup
 .text.rom_funcs_lookup
                0x0000000010003200       0x36 CMakeFiles/blink.dir/Users/calhound/VSARM/pico/pico-sdk/src/rp2_common/pico_bootrom/bootrom.c.obj
                0x0000000010003200                rom_funcs_lookup
 *fill*         0x0000000010003236        0x2 
 .text.__wrap___aeabi_idiv
                0x0000000010003238       0x50 CMakeFiles/blink.dir/Users/calhound/VSARM/pico/pico-sdk/src/rp2_common/pico_divider/divider.S.obj
                0x0000000010003238                __wrap___aeabi_idivmod
                0x0000000010003238                divmod_s32s32
                0x0000000010003238                div_s32s32
                0x0000000010003238                __wrap___aeabi_idiv
                0x0000000010003240                divmod_s32s32_unsafe
                0x000000001000326c                divmod_s32s32_savestate
 .text.__wrap___aeabi_uidiv
                0x0000000010003288       0x4c CMakeFiles/blink.dir/Users/calhound/VSARM/pico/pico-sdk/src/rp2_common/pico_divider/divider.S.obj
                0x0000000010003288                __wrap___aeabi_uidiv
                0x0000000010003288                __wrap___aeabi_uidivmod
                0x0000000010003288                div_u32u32
                0x0000000010003288                divmod_u32u32
                0x0000000010003290                divmod_u32u32_unsafe
                0x00000000100032b8                divmod_u32u32_savestate
 .text.__wrap___aeabi_ldiv
                0x00000000100032d4      0x430 CMakeFiles/blink.dir/Users/calhound/VSARM/pico/pico-sdk/src/rp2_common/pico_divider/divider.S.obj
                0x00000000100032d4                __wrap___aeabi_ldivmod
                0x00000000100032d4                div_s64s64
                0x00000000100032d4                divmod_s64s64
                0x000000001000330c                divmod_u64u64
                0x000000001000330c                div_u64u64
                0x000000001000330c                __wrap___aeabi_uldivmod
                0x000000001000331c                divmod_u64u64_savestate
                0x0000000010003344                divmod_s64s64_unsafe
                0x00000000100033cc                divmod_u64u64_unsafe
 .text.__wrap___aeabi_darithmetic
                0x0000000010003704       0x80 CMakeFiles/blink.dir/Users/calhound/VSARM/pico/pico-sdk/src/rp2_common/pico_double/double_aeabi.S.obj
                0x0000000010003704                __wrap___aeabi_drsub
                0x000000001000370a                __wrap___aeabi_dsub
                0x000000001000371c                __wrap___aeabi_dadd
                0x000000001000372e                __wrap___aeabi_ddiv
                0x000000001000376a                __wrap___aeabi_dmul
 .text.__wrap___aeabi_cdcmple
                0x0000000010003784       0x6c CMakeFiles/blink.dir/Users/calhound/VSARM/pico/pico-sdk/src/rp2_common/pico_double/double_aeabi.S.obj
                0x0000000010003784                __wrap___aeabi_cdrcmple
                0x0000000010003794                __wrap___aeabi_cdcmple
                0x0000000010003794                __wrap___aeabi_cdcmpeq
 .text.__wrap___aeabi_dcmplt
                0x00000000100037f0        0xc CMakeFiles/blink.dir/Users/calhound/VSARM/pico/pico-sdk/src/rp2_common/pico_double/double_aeabi.S.obj
                0x00000000100037f0                __wrap___aeabi_dcmplt
 .text.__wrap___aeabi_dcmple
                0x00000000100037fc       0x10 CMakeFiles/blink.dir/Users/calhound/VSARM/pico/pico-sdk/src/rp2_common/pico_double/double_aeabi.S.obj
                0x00000000100037fc                __wrap___aeabi_dcmple
 .text.__wrap___aeabi_dcmpge
                0x000000001000380c       0x10 CMakeFiles/blink.dir/Users/calhound/VSARM/pico/pico-sdk/src/rp2_common/pico_double/double_aeabi.S.obj
                0x000000001000380c                __wrap___aeabi_dcmpge
 .text.__wrap___aeabi_dcmpgt
                0x000000001000381c        0xa CMakeFiles/blink.dir/Users/calhound/VSARM/pico/pico-sdk/src/rp2_common/pico_double/double_aeabi.S.obj
                0x000000001000381c                __wrap___aeabi_dcmpgt
 .text.__wrap___aeabi_dcmpun
                0x0000000010003826       0x1c CMakeFiles/blink.dir/Users/calhound/VSARM/pico/pico-sdk/src/rp2_common/pico_double/double_aeabi.S.obj
                0x0000000010003826                __wrap___aeabi_dcmpun
 *fill*         0x0000000010003842        0x2 
 .text.__wrap___aeabi_i2d
                0x0000000010003844       0x38 CMakeFiles/blink.dir/Users/calhound/VSARM/pico/pico-sdk/src/rp2_common/pico_double/double_aeabi.S.obj
                0x0000000010003844                __wrap___aeabi_ui2d
                0x000000001000384c                __wrap___aeabi_i2d
 .text.__wrap___aeabi_d2iz
                0x000000001000387c       0x48 CMakeFiles/blink.dir/Users/calhound/VSARM/pico/pico-sdk/src/rp2_common/pico_double/double_aeabi.S.obj
                0x000000001000387c                __wrap___aeabi_d2iz
                0x000000001000387c                double2int_z
 .text.__wrap___aeabi_d2uiz
                0x00000000100038c4       0x18 CMakeFiles/blink.dir/Users/calhound/VSARM/pico/pico-sdk/src/rp2_common/pico_double/double_aeabi.S.obj
                0x00000000100038c4                double2uint
                0x00000000100038c4                __wrap___aeabi_d2uiz
 .text.__aeabi_double_init
                0x00000000100038dc       0xb8 CMakeFiles/blink.dir/Users/calhound/VSARM/pico/pico-sdk/src/rp2_common/pico_double/double_init_rom.c.obj
                0x00000000100038dc                __aeabi_double_init
 .text.double_table_shim_on_use_helper
                0x0000000010003994       0x34 CMakeFiles/blink.dir/Users/calhound/VSARM/pico/pico-sdk/src/rp2_common/pico_double/double_v1_rom_shim.S.obj
                0x0000000010003994                double_table_shim_on_use_helper
 .text.__wrap___aeabi_dsub
                0x00000000100039c8       0x10 CMakeFiles/blink.dir/Users/calhound/VSARM/pico/pico-sdk/src/rp2_common/pico_double/double_v1_rom_shim.S.obj
                0x00000000100039c8                drsub_shim
                0x00000000100039ce                dsub_shim
 .text.dadd_shim
                0x00000000100039d8      0x15c CMakeFiles/blink.dir/Users/calhound/VSARM/pico/pico-sdk/src/rp2_common/pico_double/double_v1_rom_shim.S.obj
                0x00000000100039d8                dadd_shim
 .text.dmul_shim
                0x0000000010003b34      0x15c CMakeFiles/blink.dir/Users/calhound/VSARM/pico/pico-sdk/src/rp2_common/pico_double/double_v1_rom_shim.S.obj
                0x0000000010003b34                dmul_shim
 .text.ddiv_shim
                0x0000000010003c90      0x1b0 CMakeFiles/blink.dir/Users/calhound/VSARM/pico/pico-sdk/src/rp2_common/pico_double/double_v1_rom_shim.S.obj
                0x0000000010003c90                ddiv_shim
 .text.dcordic_rot_step
                0x0000000010003e40       0x7c CMakeFiles/blink.dir/Users/calhound/VSARM/pico/pico-sdk/src/rp2_common/pico_double/double_v1_rom_shim.S.obj
                0x0000000010003e40                dcordic_rot_step
 .text.double2uint_shim
                0x0000000010003ebc        0xe CMakeFiles/blink.dir/Users/calhound/VSARM/pico/pico-sdk/src/rp2_common/pico_double/double_v1_rom_shim.S.obj
                0x0000000010003ebc                double2uint_shim
                0x0000000010003ebe                double2ufix_shim
 *fill*         0x0000000010003eca        0x2 
 .text.double2uint64_shim
                0x0000000010003ecc       0x6c CMakeFiles/blink.dir/Users/calhound/VSARM/pico/pico-sdk/src/rp2_common/pico_double/double_v1_rom_shim.S.obj
                0x0000000010003ecc                double2uint64_shim
                0x0000000010003ece                double2ufix64_shim
                0x0000000010003ee8                d2fix_a
 .text.dunpacks
                0x0000000010003f38       0x3c CMakeFiles/blink.dir/Users/calhound/VSARM/pico/pico-sdk/src/rp2_common/pico_double/double_v1_rom_shim.S.obj
                0x0000000010003f38                dunpacks
 .text.__aeabi_lmul
                0x0000000010003f74       0x32 CMakeFiles/blink.dir/Users/calhound/VSARM/pico/pico-sdk/src/rp2_common/pico_int64_ops/pico_int64_ops_aeabi.S.obj
                0x0000000010003f74                __wrap___aeabi_lmul
 *fill*         0x0000000010003fa6        0x2 
 .text.__aeabi_float_init
                0x0000000010003fa8       0xfc CMakeFiles/blink.dir/Users/calhound/VSARM/pico/pico-sdk/src/rp2_common/pico_float/float_init_rom.c.obj
                0x0000000010003fa8                __aeabi_float_init
 .text.float_table_shim_on_use_helper
                0x00000000100040a4       0x34 CMakeFiles/blink.dir/Users/calhound/VSARM/pico/pico-sdk/src/rp2_common/pico_float/float_v1_rom_shim.S.obj
                0x00000000100040a4                float_table_shim_on_use_helper
 .text          0x00000000100040d8       0x10 CMakeFiles/blink.dir/Users/calhound/VSARM/pico/pico-sdk/src/rp2_common/pico_mem_ops/mem_ops_aeabi.S.obj
                0x00000000100040d8                __aeabi_mem_init
 .text.memset   0x00000000100040e8        0xc CMakeFiles/blink.dir/Users/calhound/VSARM/pico/pico-sdk/src/rp2_common/pico_mem_ops/mem_ops_aeabi.S.obj
                0x00000000100040e8                __wrap_memset
 .text.memcpy   0x00000000100040f4        0xc CMakeFiles/blink.dir/Users/calhound/VSARM/pico/pico-sdk/src/rp2_common/pico_mem_ops/mem_ops_aeabi.S.obj
                0x00000000100040f4                __wrap___aeabi_memcpy
                0x00000000100040f4                __wrap_memcpy
 .text.stdio_out_chars_crlf
                0x0000000010004100       0x80 CMakeFiles/blink.dir/Users/calhound/VSARM/pico/pico-sdk/src/rp2_common/pico_stdio/stdio.c.obj
 .text.stdio_stack_buffer_flush
                0x0000000010004180       0x44 CMakeFiles/blink.dir/Users/calhound/VSARM/pico/pico-sdk/src/rp2_common/pico_stdio/stdio.c.obj
 .text.stdio_buffered_printer
                0x00000000100041c4       0x20 CMakeFiles/blink.dir/Users/calhound/VSARM/pico/pico-sdk/src/rp2_common/pico_stdio/stdio.c.obj
 .text.stdout_serialize_begin
                0x00000000100041e4       0x30 CMakeFiles/blink.dir/Users/calhound/VSARM/pico/pico-sdk/src/rp2_common/pico_stdio/stdio.c.obj
                0x00000000100041e4                stdout_serialize_begin
 .text.stdout_serialize_end
                0x0000000010004214       0x10 CMakeFiles/blink.dir/Users/calhound/VSARM/pico/pico-sdk/src/rp2_common/pico_stdio/stdio.c.obj
                0x0000000010004214                stdout_serialize_end
 .text.stdio_put_string
                0x0000000010004224       0x84 CMakeFiles/blink.dir/Users/calhound/VSARM/pico/pico-sdk/src/rp2_common/pico_stdio/stdio.c.obj
 .text.stdio_set_driver_enabled
                0x00000000100042a8       0x38 CMakeFiles/blink.dir/Users/calhound/VSARM/pico/pico-sdk/src/rp2_common/pico_stdio/stdio.c.obj
                0x00000000100042a8                stdio_set_driver_enabled
 .text.stdio_flush
                0x00000000100042e0       0x20 CMakeFiles/blink.dir/Users/calhound/VSARM/pico/pico-sdk/src/rp2_common/pico_stdio/stdio.c.obj
                0x00000000100042e0                stdio_flush
 .text.__wrap_puts
                0x0000000010004300       0x1c CMakeFiles/blink.dir/Users/calhound/VSARM/pico/pico-sdk/src/rp2_common/pico_stdio/stdio.c.obj
                0x0000000010004300                __wrap_puts
 .text.__wrap_vprintf
                0x000000001000431c       0x44 CMakeFiles/blink.dir/Users/calhound/VSARM/pico/pico-sdk/src/rp2_common/pico_stdio/stdio.c.obj
                0x000000001000431c                __wrap_vprintf
 .text.__wrap_printf
                0x0000000010004360       0x18 CMakeFiles/blink.dir/Users/calhound/VSARM/pico/pico-sdk/src/rp2_common/pico_stdio/stdio.c.obj
                0x0000000010004360                __wrap_printf
 .text.stdio_init_all
                0x0000000010004378        0x8 CMakeFiles/blink.dir/Users/calhound/VSARM/pico/pico-sdk/src/rp2_common/pico_stdio/stdio.c.obj
                0x0000000010004378                stdio_init_all
 .text.resetd_init
                0x0000000010004380        0x2 CMakeFiles/blink.dir/Users/calhound/VSARM/pico/pico-sdk/src/rp2_common/pico_stdio_usb/reset_interface.c.obj
 *fill*         0x0000000010004382        0x2 
 .text.resetd_reset
                0x0000000010004384        0xc CMakeFiles/blink.dir/Users/calhound/VSARM/pico/pico-sdk/src/rp2_common/pico_stdio_usb/reset_interface.c.obj
 .text.resetd_open
                0x0000000010004390       0x34 CMakeFiles/blink.dir/Users/calhound/VSARM/pico/pico-sdk/src/rp2_common/pico_stdio_usb/reset_interface.c.obj
 .text.resetd_xfer_cb
                0x00000000100043c4        0x4 CMakeFiles/blink.dir/Users/calhound/VSARM/pico/pico-sdk/src/rp2_common/pico_stdio_usb/reset_interface.c.obj
 .text.reset_usb_boot
                0x00000000100043c8       0x18 CMakeFiles/blink.dir/Users/calhound/VSARM/pico/pico-sdk/src/rp2_common/pico_stdio_usb/reset_interface.c.obj
 .text.resetd_control_xfer_cb
                0x00000000100043e0       0x5c CMakeFiles/blink.dir/Users/calhound/VSARM/pico/pico-sdk/src/rp2_common/pico_stdio_usb/reset_interface.c.obj
 .text.usbd_app_driver_get_cb
                0x000000001000443c        0xc CMakeFiles/blink.dir/Users/calhound/VSARM/pico/pico-sdk/src/rp2_common/pico_stdio_usb/reset_interface.c.obj
                0x000000001000443c                usbd_app_driver_get_cb
 .text.tud_cdc_line_coding_cb
                0x0000000010004448       0x28 CMakeFiles/blink.dir/Users/calhound/VSARM/pico/pico-sdk/src/rp2_common/pico_stdio_usb/reset_interface.c.obj
                0x0000000010004448                tud_cdc_line_coding_cb
 .text.stdio_usb_in_chars
                0x0000000010004470       0x70 CMakeFiles/blink.dir/Users/calhound/VSARM/pico/pico-sdk/src/rp2_common/pico_stdio_usb/stdio_usb.c.obj
                0x0000000010004470                stdio_usb_in_chars
 .text.low_priority_worker_irq
                0x00000000100044e0       0x20 CMakeFiles/blink.dir/Users/calhound/VSARM/pico/pico-sdk/src/rp2_common/pico_stdio_usb/stdio_usb.c.obj
 .text.stdio_usb_out_chars
                0x0000000010004500       0xd4 CMakeFiles/blink.dir/Users/calhound/VSARM/pico/pico-sdk/src/rp2_common/pico_stdio_usb/stdio_usb.c.obj
 .text.timer_task
                0x00000000100045d4       0x10 CMakeFiles/blink.dir/Users/calhound/VSARM/pico/pico-sdk/src/rp2_common/pico_stdio_usb/stdio_usb.c.obj
 .text.stdio_usb_init
                0x00000000100045e4       0xb8 CMakeFiles/blink.dir/Users/calhound/VSARM/pico/pico-sdk/src/rp2_common/pico_stdio_usb/stdio_usb.c.obj
                0x00000000100045e4                stdio_usb_init
 .text.tud_descriptor_device_cb
                0x000000001000469c        0x8 CMakeFiles/blink.dir/Users/calhound/VSARM/pico/pico-sdk/src/rp2_common/pico_stdio_usb/stdio_usb_descriptors.c.obj
                0x000000001000469c                tud_descriptor_device_cb
 .text.tud_descriptor_configuration_cb
                0x00000000100046a4        0x8 CMakeFiles/blink.dir/Users/calhound/VSARM/pico/pico-sdk/src/rp2_common/pico_stdio_usb/stdio_usb_descriptors.c.obj
                0x00000000100046a4                tud_descriptor_configuration_cb
 .text.tud_descriptor_string_cb
                0x00000000100046ac       0x68 CMakeFiles/blink.dir/Users/calhound/VSARM/pico/pico-sdk/src/rp2_common/pico_stdio_usb/stdio_usb_descriptors.c.obj
                0x00000000100046ac                tud_descriptor_string_cb
 .text.hw_endpoint_get_by_addr
                0x0000000010004714       0x18 CMakeFiles/blink.dir/Users/calhound/VSARM/pico/pico-sdk/lib/tinyusb/src/portable/raspberrypi/rp2040/dcd_rp2040.c.obj
 .text.reset_ep0
                0x000000001000472c       0x2c CMakeFiles/blink.dir/Users/calhound/VSARM/pico/pico-sdk/lib/tinyusb/src/portable/raspberrypi/rp2040/dcd_rp2040.c.obj
 .text._hw_endpoint_alloc
                0x0000000010004758       0x80 CMakeFiles/blink.dir/Users/calhound/VSARM/pico/pico-sdk/lib/tinyusb/src/portable/raspberrypi/rp2040/dcd_rp2040.c.obj
 .text._hw_endpoint_init
                0x00000000100047d8       0xbc CMakeFiles/blink.dir/Users/calhound/VSARM/pico/pico-sdk/lib/tinyusb/src/portable/raspberrypi/rp2040/dcd_rp2040.c.obj
 .text.hw_endpoint_init
                0x0000000010004894       0x18 CMakeFiles/blink.dir/Users/calhound/VSARM/pico/pico-sdk/lib/tinyusb/src/portable/raspberrypi/rp2040/dcd_rp2040.c.obj
 .text.hw_handle_buff_status
                0x00000000100048ac       0xb4 CMakeFiles/blink.dir/Users/calhound/VSARM/pico/pico-sdk/lib/tinyusb/src/portable/raspberrypi/rp2040/dcd_rp2040.c.obj
 .text.dcd_rp2040_irq
                0x0000000010004960       0xa8 CMakeFiles/blink.dir/Users/calhound/VSARM/pico/pico-sdk/lib/tinyusb/src/portable/raspberrypi/rp2040/dcd_rp2040.c.obj
 .text.hw_endpoint_xfer
                0x0000000010004a08       0x18 CMakeFiles/blink.dir/Users/calhound/VSARM/pico/pico-sdk/lib/tinyusb/src/portable/raspberrypi/rp2040/dcd_rp2040.c.obj
 .text.ep0_0len_status
                0x0000000010004a20       0x14 CMakeFiles/blink.dir/Users/calhound/VSARM/pico/pico-sdk/lib/tinyusb/src/portable/raspberrypi/rp2040/dcd_rp2040.c.obj
 .text._hw_endpoint_stall
                0x0000000010004a34       0x54 CMakeFiles/blink.dir/Users/calhound/VSARM/pico/pico-sdk/lib/tinyusb/src/portable/raspberrypi/rp2040/dcd_rp2040.c.obj
 .text.hw_endpoint_stall
                0x0000000010004a88        0xc CMakeFiles/blink.dir/Users/calhound/VSARM/pico/pico-sdk/lib/tinyusb/src/portable/raspberrypi/rp2040/dcd_rp2040.c.obj
 .text._hw_endpoint_clear_stall
                0x0000000010004a94       0x34 CMakeFiles/blink.dir/Users/calhound/VSARM/pico/pico-sdk/lib/tinyusb/src/portable/raspberrypi/rp2040/dcd_rp2040.c.obj
 .text.hw_endpoint_clear_stall
                0x0000000010004ac8        0xc CMakeFiles/blink.dir/Users/calhound/VSARM/pico/pico-sdk/lib/tinyusb/src/portable/raspberrypi/rp2040/dcd_rp2040.c.obj
 .text.dcd_int_enable
                0x0000000010004ad4       0x2c CMakeFiles/blink.dir/Users/calhound/VSARM/pico/pico-sdk/lib/tinyusb/src/portable/raspberrypi/rp2040/dcd_rp2040.c.obj
                0x0000000010004ad4                dcd_int_enable
 .text.dcd_set_address
                0x0000000010004b00       0x28 CMakeFiles/blink.dir/Users/calhound/VSARM/pico/pico-sdk/lib/tinyusb/src/portable/raspberrypi/rp2040/dcd_rp2040.c.obj
                0x0000000010004b00                dcd_set_address
 .text.dcd_connect
                0x0000000010004b28       0x30 CMakeFiles/blink.dir/Users/calhound/VSARM/pico/pico-sdk/lib/tinyusb/src/portable/raspberrypi/rp2040/dcd_rp2040.c.obj
                0x0000000010004b28                dcd_connect
 .text.dcd_init
                0x0000000010004b58       0x84 CMakeFiles/blink.dir/Users/calhound/VSARM/pico/pico-sdk/lib/tinyusb/src/portable/raspberrypi/rp2040/dcd_rp2040.c.obj
                0x0000000010004b58                dcd_init
 .text.dcd_edpt0_status_complete
                0x0000000010004bdc       0x40 CMakeFiles/blink.dir/Users/calhound/VSARM/pico/pico-sdk/lib/tinyusb/src/portable/raspberrypi/rp2040/dcd_rp2040.c.obj
                0x0000000010004bdc                dcd_edpt0_status_complete
 .text.dcd_edpt_open
                0x0000000010004c1c       0x40 CMakeFiles/blink.dir/Users/calhound/VSARM/pico/pico-sdk/lib/tinyusb/src/portable/raspberrypi/rp2040/dcd_rp2040.c.obj
                0x0000000010004c1c                dcd_edpt_open
 .text.dcd_edpt_xfer
                0x0000000010004c5c       0x34 CMakeFiles/blink.dir/Users/calhound/VSARM/pico/pico-sdk/lib/tinyusb/src/portable/raspberrypi/rp2040/dcd_rp2040.c.obj
                0x0000000010004c5c                dcd_edpt_xfer
 .text.dcd_edpt_stall
                0x0000000010004c90       0x28 CMakeFiles/blink.dir/Users/calhound/VSARM/pico/pico-sdk/lib/tinyusb/src/portable/raspberrypi/rp2040/dcd_rp2040.c.obj
                0x0000000010004c90                dcd_edpt_stall
 .text.dcd_edpt_clear_stall
                0x0000000010004cb8       0x2c CMakeFiles/blink.dir/Users/calhound/VSARM/pico/pico-sdk/lib/tinyusb/src/portable/raspberrypi/rp2040/dcd_rp2040.c.obj
                0x0000000010004cb8                dcd_edpt_clear_stall
 .text.rp2040_usb_init
                0x0000000010004ce4       0x50 CMakeFiles/blink.dir/Users/calhound/VSARM/pico/pico-sdk/lib/tinyusb/src/portable/raspberrypi/rp2040/rp2040_usb.c.obj
                0x0000000010004ce4                rp2040_usb_init
 .text.hw_endpoint_reset_transfer
                0x0000000010004d34       0x10 CMakeFiles/blink.dir/Users/calhound/VSARM/pico/pico-sdk/lib/tinyusb/src/portable/raspberrypi/rp2040/rp2040_usb.c.obj
                0x0000000010004d34                hw_endpoint_reset_transfer
 .text._hw_endpoint_buffer_control_update32
                0x0000000010004d44       0x58 CMakeFiles/blink.dir/Users/calhound/VSARM/pico/pico-sdk/lib/tinyusb/src/portable/raspberrypi/rp2040/rp2040_usb.c.obj
                0x0000000010004d44                _hw_endpoint_buffer_control_update32
 .text._hw_endpoint_start_next_buffer
                0x0000000010004d9c       0x50 CMakeFiles/blink.dir/Users/calhound/VSARM/pico/pico-sdk/lib/tinyusb/src/portable/raspberrypi/rp2040/rp2040_usb.c.obj
                0x0000000010004d9c                _hw_endpoint_start_next_buffer
 .text._hw_endpoint_xfer_start
                0x0000000010004dec       0x3e CMakeFiles/blink.dir/Users/calhound/VSARM/pico/pico-sdk/lib/tinyusb/src/portable/raspberrypi/rp2040/rp2040_usb.c.obj
                0x0000000010004dec                _hw_endpoint_xfer_start
 *fill*         0x0000000010004e2a        0x2 
 .text._hw_endpoint_xfer_sync
                0x0000000010004e2c       0x74 CMakeFiles/blink.dir/Users/calhound/VSARM/pico/pico-sdk/lib/tinyusb/src/portable/raspberrypi/rp2040/rp2040_usb.c.obj
                0x0000000010004e2c                _hw_endpoint_xfer_sync
 .text._hw_endpoint_xfer_continue
                0x0000000010004ea0       0x60 CMakeFiles/blink.dir/Users/calhound/VSARM/pico/pico-sdk/lib/tinyusb/src/portable/raspberrypi/rp2040/rp2040_usb.c.obj
                0x0000000010004ea0                _hw_endpoint_xfer_continue
 .text._hw_endpoint_xfer
                0x0000000010004f00       0x34 CMakeFiles/blink.dir/Users/calhound/VSARM/pico/pico-sdk/lib/tinyusb/src/portable/raspberrypi/rp2040/rp2040_usb.c.obj
                0x0000000010004f00                _hw_endpoint_xfer
 .text.mark_interface_endpoint
                0x0000000010004f34       0x2a CMakeFiles/blink.dir/Users/calhound/VSARM/pico/pico-sdk/lib/tinyusb/src/device/usbd.c.obj
 *fill*         0x0000000010004f5e        0x2 
 .text.usbd_reset
                0x0000000010004f60       0x88 CMakeFiles/blink.dir/Users/calhound/VSARM/pico/pico-sdk/lib/tinyusb/src/device/usbd.c.obj
 .text.invoke_class_control
                0x0000000010004fe8       0x1a CMakeFiles/blink.dir/Users/calhound/VSARM/pico/pico-sdk/lib/tinyusb/src/device/usbd.c.obj
 *fill*         0x0000000010005002        0x2 
 .text.process_set_config
                0x0000000010005004      0x1d4 CMakeFiles/blink.dir/Users/calhound/VSARM/pico/pico-sdk/lib/tinyusb/src/device/usbd.c.obj
 .text.process_get_descriptor
                0x00000000100051d8       0xf8 CMakeFiles/blink.dir/Users/calhound/VSARM/pico/pico-sdk/lib/tinyusb/src/device/usbd.c.obj
 .text.tud_mounted
                0x00000000100052d0       0x10 CMakeFiles/blink.dir/Users/calhound/VSARM/pico/pico-sdk/lib/tinyusb/src/device/usbd.c.obj
                0x00000000100052d0                tud_mounted
 .text.tud_suspended
                0x00000000100052e0       0x10 CMakeFiles/blink.dir/Users/calhound/VSARM/pico/pico-sdk/lib/tinyusb/src/device/usbd.c.obj
                0x00000000100052e0                tud_suspended
 .text.tud_inited
                0x00000000100052f0        0xc CMakeFiles/blink.dir/Users/calhound/VSARM/pico/pico-sdk/lib/tinyusb/src/device/usbd.c.obj
                0x00000000100052f0                tud_inited
 .text.tud_init
                0x00000000100052fc       0xcc CMakeFiles/blink.dir/Users/calhound/VSARM/pico/pico-sdk/lib/tinyusb/src/device/usbd.c.obj
                0x00000000100052fc                tud_init
 .text.dcd_event_handler
                0x00000000100053c8      0x174 CMakeFiles/blink.dir/Users/calhound/VSARM/pico/pico-sdk/lib/tinyusb/src/device/usbd.c.obj
                0x00000000100053c8                dcd_event_handler
 .text.dcd_event_bus_signal
                0x000000001000553c       0x26 CMakeFiles/blink.dir/Users/calhound/VSARM/pico/pico-sdk/lib/tinyusb/src/device/usbd.c.obj
                0x000000001000553c                dcd_event_bus_signal
 .text.dcd_event_bus_reset
                0x0000000010005562       0x2a CMakeFiles/blink.dir/Users/calhound/VSARM/pico/pico-sdk/lib/tinyusb/src/device/usbd.c.obj
                0x0000000010005562                dcd_event_bus_reset
 .text.dcd_event_setup_received
                0x000000001000558c       0x34 CMakeFiles/blink.dir/Users/calhound/VSARM/pico/pico-sdk/lib/tinyusb/src/device/usbd.c.obj
                0x000000001000558c                dcd_event_setup_received
 .text.dcd_event_xfer_complete
                0x00000000100055c0       0x44 CMakeFiles/blink.dir/Users/calhound/VSARM/pico/pico-sdk/lib/tinyusb/src/device/usbd.c.obj
                0x00000000100055c0                dcd_event_xfer_complete
 .text.usbd_edpt_open
                0x0000000010005604       0xe0 CMakeFiles/blink.dir/Users/calhound/VSARM/pico/pico-sdk/lib/tinyusb/src/device/usbd.c.obj
                0x0000000010005604                usbd_edpt_open
 .text.usbd_open_edpt_pair
                0x00000000100056e4       0x8c CMakeFiles/blink.dir/Users/calhound/VSARM/pico/pico-sdk/lib/tinyusb/src/device/usbd.c.obj
                0x00000000100056e4                usbd_open_edpt_pair
 .text.usbd_edpt_claim
                0x0000000010005770       0x8c CMakeFiles/blink.dir/Users/calhound/VSARM/pico/pico-sdk/lib/tinyusb/src/device/usbd.c.obj
                0x0000000010005770                usbd_edpt_claim
 .text.usbd_edpt_release
                0x00000000100057fc       0x68 CMakeFiles/blink.dir/Users/calhound/VSARM/pico/pico-sdk/lib/tinyusb/src/device/usbd.c.obj
                0x00000000100057fc                usbd_edpt_release
 .text.usbd_edpt_xfer
                0x0000000010005864       0x80 CMakeFiles/blink.dir/Users/calhound/VSARM/pico/pico-sdk/lib/tinyusb/src/device/usbd.c.obj
                0x0000000010005864                usbd_edpt_xfer
 .text.usbd_edpt_stall
                0x00000000100058e4       0x2c CMakeFiles/blink.dir/Users/calhound/VSARM/pico/pico-sdk/lib/tinyusb/src/device/usbd.c.obj
                0x00000000100058e4                usbd_edpt_stall
 .text.usbd_edpt_clear_stall
                0x0000000010005910       0x2c CMakeFiles/blink.dir/Users/calhound/VSARM/pico/pico-sdk/lib/tinyusb/src/device/usbd.c.obj
                0x0000000010005910                usbd_edpt_clear_stall
 .text.usbd_edpt_stalled
                0x000000001000593c       0x1c CMakeFiles/blink.dir/Users/calhound/VSARM/pico/pico-sdk/lib/tinyusb/src/device/usbd.c.obj
                0x000000001000593c                usbd_edpt_stalled
 .text.process_control_request
                0x0000000010005958      0x380 CMakeFiles/blink.dir/Users/calhound/VSARM/pico/pico-sdk/lib/tinyusb/src/device/usbd.c.obj
 .text.tud_task
                0x0000000010005cd8      0x204 CMakeFiles/blink.dir/Users/calhound/VSARM/pico/pico-sdk/lib/tinyusb/src/device/usbd.c.obj
                0x0000000010005cd8                tud_task
 .text._data_stage_xact
                0x0000000010005edc       0x58 CMakeFiles/blink.dir/Users/calhound/VSARM/pico/pico-sdk/lib/tinyusb/src/device/usbd_control.c.obj
 .text.tud_control_status
                0x0000000010005f34       0x38 CMakeFiles/blink.dir/Users/calhound/VSARM/pico/pico-sdk/lib/tinyusb/src/device/usbd_control.c.obj
                0x0000000010005f34                tud_control_status
 .text.tud_control_xfer
                0x0000000010005f6c       0xa8 CMakeFiles/blink.dir/Users/calhound/VSARM/pico/pico-sdk/lib/tinyusb/src/device/usbd_control.c.obj
                0x0000000010005f6c                tud_control_xfer
 .text.usbd_control_reset
                0x0000000010006014       0x14 CMakeFiles/blink.dir/Users/calhound/VSARM/pico/pico-sdk/lib/tinyusb/src/device/usbd_control.c.obj
                0x0000000010006014                usbd_control_reset
 .text.usbd_control_set_complete_callback
                0x0000000010006028        0xc CMakeFiles/blink.dir/Users/calhound/VSARM/pico/pico-sdk/lib/tinyusb/src/device/usbd_control.c.obj
                0x0000000010006028                usbd_control_set_complete_callback
 .text.usbd_control_set_request
                0x0000000010006034       0x1c CMakeFiles/blink.dir/Users/calhound/VSARM/pico/pico-sdk/lib/tinyusb/src/device/usbd_control.c.obj
                0x0000000010006034                usbd_control_set_request
 .text.usbd_control_xfer_cb
                0x0000000010006050       0xfc CMakeFiles/blink.dir/Users/calhound/VSARM/pico/pico-sdk/lib/tinyusb/src/device/usbd_control.c.obj
                0x0000000010006050                usbd_control_xfer_cb
 .text._prep_out_transaction
                0x000000001000614c       0x46 CMakeFiles/blink.dir/Users/calhound/VSARM/pico/pico-sdk/lib/tinyusb/src/class/cdc/cdc_device.c.obj
 *fill*         0x0000000010006192        0x2 
 .text.tud_cdc_n_connected
                0x0000000010006194       0x44 CMakeFiles/blink.dir/Users/calhound/VSARM/pico/pico-sdk/lib/tinyusb/src/class/cdc/cdc_device.c.obj
                0x0000000010006194                tud_cdc_n_connected
 .text.tud_cdc_n_available
                0x00000000100061d8       0x18 CMakeFiles/blink.dir/Users/calhound/VSARM/pico/pico-sdk/lib/tinyusb/src/class/cdc/cdc_device.c.obj
                0x00000000100061d8                tud_cdc_n_available
 .text.tud_cdc_n_read
                0x00000000100061f0       0x28 CMakeFiles/blink.dir/Users/calhound/VSARM/pico/pico-sdk/lib/tinyusb/src/class/cdc/cdc_device.c.obj
                0x00000000100061f0                tud_cdc_n_read
 .text.tud_cdc_n_write_flush
                0x0000000010006218       0xcc CMakeFiles/blink.dir/Users/calhound/VSARM/pico/pico-sdk/lib/tinyusb/src/class/cdc/cdc_device.c.obj
                0x0000000010006218                tud_cdc_n_write_flush
 .text.tud_cdc_n_write
                0x00000000100062e4       0x38 CMakeFiles/blink.dir/Users/calhound/VSARM/pico/pico-sdk/lib/tinyusb/src/class/cdc/cdc_device.c.obj
                0x00000000100062e4                tud_cdc_n_write
 .text.tud_cdc_n_write_available
                0x000000001000631c       0x1c CMakeFiles/blink.dir/Users/calhound/VSARM/pico/pico-sdk/lib/tinyusb/src/class/cdc/cdc_device.c.obj
                0x000000001000631c                tud_cdc_n_write_available
 .text.cdcd_init
                0x0000000010006338       0xbc CMakeFiles/blink.dir/Users/calhound/VSARM/pico/pico-sdk/lib/tinyusb/src/class/cdc/cdc_device.c.obj
                0x0000000010006338                cdcd_init
 .text.cdcd_reset
                0x00000000100063f4       0x44 CMakeFiles/blink.dir/Users/calhound/VSARM/pico/pico-sdk/lib/tinyusb/src/class/cdc/cdc_device.c.obj
                0x00000000100063f4                cdcd_reset
 .text.cdcd_open
                0x0000000010006438      0x10c CMakeFiles/blink.dir/Users/calhound/VSARM/pico/pico-sdk/lib/tinyusb/src/class/cdc/cdc_device.c.obj
                0x0000000010006438                cdcd_open
 .text.cdcd_control_xfer_cb
                0x0000000010006544      0x134 CMakeFiles/blink.dir/Users/calhound/VSARM/pico/pico-sdk/lib/tinyusb/src/class/cdc/cdc_device.c.obj
                0x0000000010006544                cdcd_control_xfer_cb
 .text.cdcd_xfer_cb
                0x0000000010006678      0x144 CMakeFiles/blink.dir/Users/calhound/VSARM/pico/pico-sdk/lib/tinyusb/src/class/cdc/cdc_device.c.obj
                0x0000000010006678                cdcd_xfer_cb
 .text.tusb_init
                0x00000000100067bc       0x24 CMakeFiles/blink.dir/Users/calhound/VSARM/pico/pico-sdk/lib/tinyusb/src/tusb.c.obj
                0x00000000100067bc                tusb_init
 .text.tusb_inited
                0x00000000100067e0        0xe CMakeFiles/blink.dir/Users/calhound/VSARM/pico/pico-sdk/lib/tinyusb/src/tusb.c.obj
                0x00000000100067e0                tusb_inited
 .text.advance_pointer
                0x00000000100067ee       0x1e CMakeFiles/blink.dir/Users/calhound/VSARM/pico/pico-sdk/lib/tinyusb/src/common/tusb_fifo.c.obj
 .text.backward_pointer
                0x000000001000680c       0x1a CMakeFiles/blink.dir/Users/calhound/VSARM/pico/pico-sdk/lib/tinyusb/src/common/tusb_fifo.c.obj
 .text.get_relative_pointer
                0x0000000010006826       0x10 CMakeFiles/blink.dir/Users/calhound/VSARM/pico/pico-sdk/lib/tinyusb/src/common/tusb_fifo.c.obj
 .text._tu_fifo_peek
                0x0000000010006836       0x50 CMakeFiles/blink.dir/Users/calhound/VSARM/pico/pico-sdk/lib/tinyusb/src/common/tusb_fifo.c.obj
 .text._ff_pull_const_addr
                0x0000000010006886       0x4c CMakeFiles/blink.dir/Users/calhound/VSARM/pico/pico-sdk/lib/tinyusb/src/common/tusb_fifo.c.obj
 .text._ff_pull_n
                0x00000000100068d2      0x10c CMakeFiles/blink.dir/Users/calhound/VSARM/pico/pico-sdk/lib/tinyusb/src/common/tusb_fifo.c.obj
 .text._tu_fifo_peek_n
                0x00000000100069de       0x5e CMakeFiles/blink.dir/Users/calhound/VSARM/pico/pico-sdk/lib/tinyusb/src/common/tusb_fifo.c.obj
 .text._tu_fifo_read_n
                0x0000000010006a3c       0x4e CMakeFiles/blink.dir/Users/calhound/VSARM/pico/pico-sdk/lib/tinyusb/src/common/tusb_fifo.c.obj
 .text._ff_push_const_addr
                0x0000000010006a8a       0x40 CMakeFiles/blink.dir/Users/calhound/VSARM/pico/pico-sdk/lib/tinyusb/src/common/tusb_fifo.c.obj
 .text._ff_push_n
                0x0000000010006aca      0x108 CMakeFiles/blink.dir/Users/calhound/VSARM/pico/pico-sdk/lib/tinyusb/src/common/tusb_fifo.c.obj
 .text._tu_fifo_write_n
                0x0000000010006bd2       0x9e CMakeFiles/blink.dir/Users/calhound/VSARM/pico/pico-sdk/lib/tinyusb/src/common/tusb_fifo.c.obj
 .text.tu_fifo_config
                0x0000000010006c70       0x72 CMakeFiles/blink.dir/Users/calhound/VSARM/pico/pico-sdk/lib/tinyusb/src/common/tusb_fifo.c.obj
                0x0000000010006c70                tu_fifo_config
 .text.tu_fifo_count
                0x0000000010006ce2       0x26 CMakeFiles/blink.dir/Users/calhound/VSARM/pico/pico-sdk/lib/tinyusb/src/common/tusb_fifo.c.obj
                0x0000000010006ce2                tu_fifo_count
 .text.tu_fifo_empty
                0x0000000010006d08       0x10 CMakeFiles/blink.dir/Users/calhound/VSARM/pico/pico-sdk/lib/tinyusb/src/common/tusb_fifo.c.obj
                0x0000000010006d08                tu_fifo_empty
 .text.tu_fifo_remaining
                0x0000000010006d18       0x20 CMakeFiles/blink.dir/Users/calhound/VSARM/pico/pico-sdk/lib/tinyusb/src/common/tusb_fifo.c.obj
                0x0000000010006d18                tu_fifo_remaining
 .text.tu_fifo_read
                0x0000000010006d38       0x42 CMakeFiles/blink.dir/Users/calhound/VSARM/pico/pico-sdk/lib/tinyusb/src/common/tusb_fifo.c.obj
                0x0000000010006d38                tu_fifo_read
 .text.tu_fifo_read_n
                0x0000000010006d7a        0xa CMakeFiles/blink.dir/Users/calhound/VSARM/pico/pico-sdk/lib/tinyusb/src/common/tusb_fifo.c.obj
                0x0000000010006d7a                tu_fifo_read_n
 .text.tu_fifo_write
                0x0000000010006d84       0x6c CMakeFiles/blink.dir/Users/calhound/VSARM/pico/pico-sdk/lib/tinyusb/src/common/tusb_fifo.c.obj
                0x0000000010006d84                tu_fifo_write
 .text.tu_fifo_write_n
                0x0000000010006df0        0xa CMakeFiles/blink.dir/Users/calhound/VSARM/pico/pico-sdk/lib/tinyusb/src/common/tusb_fifo.c.obj
                0x0000000010006df0                tu_fifo_write_n
 .text.tu_fifo_clear
                0x0000000010006dfa       0x4c CMakeFiles/blink.dir/Users/calhound/VSARM/pico/pico-sdk/lib/tinyusb/src/common/tusb_fifo.c.obj
                0x0000000010006dfa                tu_fifo_clear
 .text.tu_fifo_set_overwritable
                0x0000000010006e46       0x3c CMakeFiles/blink.dir/Users/calhound/VSARM/pico/pico-sdk/lib/tinyusb/src/common/tusb_fifo.c.obj
                0x0000000010006e46                tu_fifo_set_overwritable
 *fill*         0x0000000010006e82        0x2 
 .text._retrieve_unique_id_on_boot
                0x0000000010006e84       0x10 CMakeFiles/blink.dir/Users/calhound/VSARM/pico/pico-sdk/src/rp2_common/pico_unique_id/unique_id.c.obj
 .text.pico_get_unique_board_id_string
                0x0000000010006e94       0x60 CMakeFiles/blink.dir/Users/calhound/VSARM/pico/pico-sdk/src/rp2_common/pico_unique_id/unique_id.c.obj
                0x0000000010006e94                pico_get_unique_board_id_string
 .text.flash_get_unique_id
                0x0000000010006ef4       0x46 CMakeFiles/blink.dir/Users/calhound/VSARM/pico/pico-sdk/src/rp2_common/hardware_flash/flash.c.obj
                0x0000000010006ef4                flash_get_unique_id
 *fill*         0x0000000010006f3a        0x2 
 .text.strlen   0x0000000010006f3c       0x5c /usr/local/Cellar/arm-none-eabi-gcc/10.3-2021.07/gcc/bin/../lib/gcc/arm-none-eabi/10.3.1/../../../../arm-none-eabi/lib/thumb/v6-m/nofp/libg.a(lib_a-strlen-stub.o)
                0x0000000010006f3c                strlen
 *(.fini)
 .fini          0x0000000010006f98        0x4 /usr/local/Cellar/arm-none-eabi-gcc/10.3-2021.07/gcc/bin/../lib/gcc/arm-none-eabi/10.3.1/thumb/v6-m/nofp/crti.o
                0x0000000010006f98                _fini
 *fill*         0x0000000010006f9c        0x4 
 .fini.__stub   0x0000000010006fa0       0x70 linker stubs
 *crtbegin.o(.ctors)
 *crtbegin?.o(.ctors)
 *(EXCLUDE_FILE(*crtend.o *crtend?.o) .ctors)
 *(SORT_BY_NAME(.ctors.*))
 *(.ctors)
 *crtbegin.o(.dtors)
 *crtbegin?.o(.dtors)
 *(EXCLUDE_FILE(*crtend.o *crtend?.o) .dtors)
 *(SORT_BY_NAME(.dtors.*))
 *(.dtors)
 *(.eh_frame*)
 .eh_frame      0x0000000010007010        0x0 /usr/local/Cellar/arm-none-eabi-gcc/10.3-2021.07/gcc/bin/../lib/gcc/arm-none-eabi/10.3.1/thumb/v6-m/nofp/crtbegin.o
                0x0000000010007010                . = ALIGN (0x4)

.glue_7         0x0000000010007010        0x0
 .glue_7        0x0000000010007010        0x0 linker stubs

.glue_7t        0x0000000010007010        0x0
 .glue_7t       0x0000000010007010        0x0 linker stubs

.vfp11_veneer   0x0000000010007010        0x0
 .vfp11_veneer  0x0000000010007010        0x0 linker stubs

.v4_bx          0x0000000010007010        0x0
 .v4_bx         0x0000000010007010        0x0 linker stubs

.iplt           0x0000000010007010        0x0
 .iplt          0x0000000010007010        0x0 /usr/local/Cellar/arm-none-eabi-gcc/10.3-2021.07/gcc/bin/../lib/gcc/arm-none-eabi/10.3.1/thumb/v6-m/nofp/crtbegin.o

.rodata         0x0000000010007010     0x16e8
 *(EXCLUDE_FILE(*libm.a: *libc.a:*lib_a-mem*.o *libgcc.a:) .rodata*)
 .rodata.main.str1.4
                0x0000000010007010       0x37 CMakeFiles/blink.dir/main.c.obj
 *fill*         0x0000000010007047        0x1 
 .rodata.spin_lock_claim_unused.str1.4
                0x0000000010007048       0x1b CMakeFiles/blink.dir/Users/calhound/VSARM/pico/pico-sdk/src/rp2_common/hardware_sync/sync.c.obj
 *fill*         0x0000000010007063        0x1 
 .rodata.repeating_timer_callback.str1.4
                0x0000000010007064       0x54 CMakeFiles/blink.dir/Users/calhound/VSARM/pico/pico-sdk/src/common/pico_time/time.c.obj
 .rodata.alarm_pool_dump_key.str1.4
                0x00000000100070b8       0x33 CMakeFiles/blink.dir/Users/calhound/VSARM/pico/pico-sdk/src/common/pico_time/time.c.obj
 *fill*         0x00000000100070eb        0x1 
 .rodata.ph_add_child_node.str1.4
                0x00000000100070ec       0x9e CMakeFiles/blink.dir/Users/calhound/VSARM/pico/pico-sdk/src/common/pico_time/time.c.obj
 *fill*         0x000000001000718a        0x2 
 .rodata.add_alarm_under_lock.str1.4
                0x000000001000718c       0x28 CMakeFiles/blink.dir/Users/calhound/VSARM/pico/pico-sdk/src/common/pico_time/time.c.obj
                                         0x2b (size before relaxing)
 .rodata.alarm_pool_alarm_callback.str1.4
                0x00000000100071b4       0xee CMakeFiles/blink.dir/Users/calhound/VSARM/pico/pico-sdk/src/common/pico_time/time.c.obj
 *fill*         0x00000000100072a2        0x2 
 .rodata.alarm_pool_get_default.str1.4
                0x00000000100072a4       0x21 CMakeFiles/blink.dir/Users/calhound/VSARM/pico/pico-sdk/src/common/pico_time/time.c.obj
 *fill*         0x00000000100072c5        0x3 
 .rodata.alarm_pool_cancel_alarm.str1.4
                0x00000000100072c8       0x27 CMakeFiles/blink.dir/Users/calhound/VSARM/pico/pico-sdk/src/common/pico_time/time.c.obj
 *fill*         0x00000000100072ef        0x1 
 .rodata.sleep_until.str1.4
                0x00000000100072f0       0x4d CMakeFiles/blink.dir/Users/calhound/VSARM/pico/pico-sdk/src/common/pico_time/time.c.obj
 *fill*         0x000000001000733d        0x3 
 .rodata.__func__.1
                0x0000000010007340       0x18 CMakeFiles/blink.dir/Users/calhound/VSARM/pico/pico-sdk/src/common/pico_time/time.c.obj
 .rodata.__func__.10
                0x0000000010007358       0x15 CMakeFiles/blink.dir/Users/calhound/VSARM/pico/pico-sdk/src/common/pico_time/time.c.obj
 *fill*         0x000000001000736d        0x3 
 .rodata.__func__.11
                0x0000000010007370       0x1a CMakeFiles/blink.dir/Users/calhound/VSARM/pico/pico-sdk/src/common/pico_time/time.c.obj
 *fill*         0x000000001000738a        0x2 
 .rodata.__func__.12
                0x000000001000738c        0xa CMakeFiles/blink.dir/Users/calhound/VSARM/pico/pico-sdk/src/common/pico_time/time.c.obj
 *fill*         0x0000000010007396        0x2 
 .rodata.__func__.3
                0x0000000010007398       0x17 CMakeFiles/blink.dir/Users/calhound/VSARM/pico/pico-sdk/src/common/pico_time/time.c.obj
 *fill*         0x00000000100073af        0x1 
 .rodata.__func__.4
                0x00000000100073b0       0x12 CMakeFiles/blink.dir/Users/calhound/VSARM/pico/pico-sdk/src/common/pico_time/time.c.obj
 *fill*         0x00000000100073c2        0x2 
 .rodata.__func__.5
                0x00000000100073c4        0xd CMakeFiles/blink.dir/Users/calhound/VSARM/pico/pico-sdk/src/common/pico_time/time.c.obj
 *fill*         0x00000000100073d1        0x3 
 .rodata.__func__.6
                0x00000000100073d4       0x12 CMakeFiles/blink.dir/Users/calhound/VSARM/pico/pico-sdk/src/common/pico_time/time.c.obj
 *fill*         0x00000000100073e6        0x2 
 .rodata.__func__.7
                0x00000000100073e8        0xf CMakeFiles/blink.dir/Users/calhound/VSARM/pico/pico-sdk/src/common/pico_time/time.c.obj
 *fill*         0x00000000100073f7        0x1 
 .rodata.__func__.8
                0x00000000100073f8        0xc CMakeFiles/blink.dir/Users/calhound/VSARM/pico/pico-sdk/src/common/pico_time/time.c.obj
 .rodata.__func__.9
                0x0000000010007404       0x15 CMakeFiles/blink.dir/Users/calhound/VSARM/pico/pico-sdk/src/common/pico_time/time.c.obj
 *fill*         0x0000000010007419        0x3 
 .rodata.hardware_alarm_claim.str1.4
                0x000000001000741c       0x22 CMakeFiles/blink.dir/Users/calhound/VSARM/pico/pico-sdk/src/rp2_common/hardware_timer/timer.c.obj
 *fill*         0x000000001000743e        0x2 
 .rodata.hardware_alarm_set_target.str1.4
                0x0000000010007440       0x6e CMakeFiles/blink.dir/Users/calhound/VSARM/pico/pico-sdk/src/rp2_common/hardware_timer/timer.c.obj
 *fill*         0x00000000100074ae        0x2 
 .rodata.__func__.0
                0x00000000100074b0       0x1a CMakeFiles/blink.dir/Users/calhound/VSARM/pico/pico-sdk/src/rp2_common/hardware_timer/timer.c.obj
 *fill*         0x00000000100074ca        0x2 
 .rodata.str1.4
                0x00000000100074cc       0xbd CMakeFiles/blink.dir/Users/calhound/VSARM/pico/pico-sdk/src/common/pico_sync/mutex.c.obj
                                        0x129 (size before relaxing)
 *fill*         0x0000000010007589        0x3 
 .rodata.__func__.0
                0x000000001000758c        0xb CMakeFiles/blink.dir/Users/calhound/VSARM/pico/pico-sdk/src/common/pico_sync/mutex.c.obj
 *fill*         0x0000000010007597        0x1 
 .rodata.__func__.1
                0x0000000010007598       0x18 CMakeFiles/blink.dir/Users/calhound/VSARM/pico/pico-sdk/src/common/pico_sync/mutex.c.obj
 .rodata.__func__.2
                0x00000000100075b0       0x15 CMakeFiles/blink.dir/Users/calhound/VSARM/pico/pico-sdk/src/common/pico_sync/mutex.c.obj
 *fill*         0x00000000100075c5        0x3 
 .rodata.__func__.3
                0x00000000100075c8       0x15 CMakeFiles/blink.dir/Users/calhound/VSARM/pico/pico-sdk/src/common/pico_sync/mutex.c.obj
 .rodata.ph_add_child_node.str1.4
                0x00000000100075dd       0x9e CMakeFiles/blink.dir/Users/calhound/VSARM/pico/pico-sdk/src/common/pico_util/pheap.c.obj
 *fill*         0x00000000100075dd        0x3 
 .rodata.ph_remove_any_head.str1.4
                0x00000000100075e0       0x98 CMakeFiles/blink.dir/Users/calhound/VSARM/pico/pico-sdk/src/common/pico_util/pheap.c.obj
 .rodata.ph_remove_and_free_node.str1.4
                0x0000000010007678       0x26 CMakeFiles/blink.dir/Users/calhound/VSARM/pico/pico-sdk/src/common/pico_util/pheap.c.obj
 *fill*         0x000000001000769e        0x2 
 .rodata.__func__.0
                0x00000000100076a0       0x18 CMakeFiles/blink.dir/Users/calhound/VSARM/pico/pico-sdk/src/common/pico_util/pheap.c.obj
 .rodata.__func__.1
                0x00000000100076b8       0x13 CMakeFiles/blink.dir/Users/calhound/VSARM/pico/pico-sdk/src/common/pico_util/pheap.c.obj
 *fill*         0x00000000100076cb        0x1 
 .rodata.__func__.2
                0x00000000100076cc       0x12 CMakeFiles/blink.dir/Users/calhound/VSARM/pico/pico-sdk/src/common/pico_util/pheap.c.obj
 *fill*         0x00000000100076de        0x2 
 .rodata.__func__.3
                0x00000000100076e0        0xc CMakeFiles/blink.dir/Users/calhound/VSARM/pico/pico-sdk/src/common/pico_util/pheap.c.obj
 .rodata.__assert_func.str1.4
                0x00000000100076ec       0x3f CMakeFiles/blink.dir/Users/calhound/VSARM/pico/pico-sdk/src/rp2_common/pico_runtime/runtime.c.obj
                                         0x43 (size before relaxing)
 *fill*         0x000000001000772b        0x1 
 .rodata.panic.str1.4
                0x000000001000772c       0x12 CMakeFiles/blink.dir/Users/calhound/VSARM/pico/pico-sdk/src/rp2_common/pico_runtime/runtime.c.obj
 *fill*         0x000000001000773e        0x2 
 .rodata.clock_configure.str1.4
                0x0000000010007740       0x60 CMakeFiles/blink.dir/Users/calhound/VSARM/pico/pico-sdk/src/rp2_common/hardware_clocks/clocks.c.obj
 .rodata.__func__.1
                0x00000000100077a0       0x10 CMakeFiles/blink.dir/Users/calhound/VSARM/pico/pico-sdk/src/rp2_common/hardware_clocks/clocks.c.obj
 .rodata.make_branch.str1.4
                0x00000000100077b0       0x56 CMakeFiles/blink.dir/Users/calhound/VSARM/pico/pico-sdk/src/rp2_common/hardware_irq/irq.c.obj
 *fill*         0x0000000010007806        0x2 
 .rodata.irq_set_exclusive_handler.str1.4
                0x0000000010007808       0x36 CMakeFiles/blink.dir/Users/calhound/VSARM/pico/pico-sdk/src/rp2_common/hardware_irq/irq.c.obj
 *fill*         0x000000001000783e        0x2 
 .rodata.irq_add_shared_handler.str1.4
                0x0000000010007840       0xd9 CMakeFiles/blink.dir/Users/calhound/VSARM/pico/pico-sdk/src/rp2_common/hardware_irq/irq.c.obj
 *fill*         0x0000000010007919        0x3 
 .rodata.irq_remove_handler.str1.4
                0x000000001000791c       0x2a CMakeFiles/blink.dir/Users/calhound/VSARM/pico/pico-sdk/src/rp2_common/hardware_irq/irq.c.obj
 *fill*         0x0000000010007946        0x2 
 .rodata.irq_add_tail_to_free_list.str1.4
                0x0000000010007948       0x32 CMakeFiles/blink.dir/Users/calhound/VSARM/pico/pico-sdk/src/rp2_common/hardware_irq/irq.c.obj
                                         0x3a (size before relaxing)
 *fill*         0x000000001000797a        0x2 
 .rodata.__func__.0
                0x000000001000797c       0x1a CMakeFiles/blink.dir/Users/calhound/VSARM/pico/pico-sdk/src/rp2_common/hardware_irq/irq.c.obj
 *fill*         0x0000000010007996        0x2 
 .rodata.__func__.1
                0x0000000010007998       0x17 CMakeFiles/blink.dir/Users/calhound/VSARM/pico/pico-sdk/src/rp2_common/hardware_irq/irq.c.obj
 *fill*         0x00000000100079af        0x1 
 .rodata.__func__.2
                0x00000000100079b0       0x13 CMakeFiles/blink.dir/Users/calhound/VSARM/pico/pico-sdk/src/rp2_common/hardware_irq/irq.c.obj
 *fill*         0x00000000100079c3        0x1 
 .rodata.__func__.3
                0x00000000100079c4        0xc CMakeFiles/blink.dir/Users/calhound/VSARM/pico/pico-sdk/src/rp2_common/hardware_irq/irq.c.obj
 .rodata.__func__.4
                0x00000000100079d0        0xf CMakeFiles/blink.dir/Users/calhound/VSARM/pico/pico-sdk/src/rp2_common/hardware_irq/irq.c.obj
 *fill*         0x00000000100079df        0x1 
 .rodata.__func__.6
                0x00000000100079e0       0x1a CMakeFiles/blink.dir/Users/calhound/VSARM/pico/pico-sdk/src/rp2_common/hardware_irq/irq.c.obj
 *fill*         0x00000000100079fa        0x2 
 .rodata.pll_init.str1.4
                0x00000000100079fc       0xe3 CMakeFiles/blink.dir/Users/calhound/VSARM/pico/pico-sdk/src/rp2_common/hardware_pll/pll.c.obj
 *fill*         0x0000000010007adf        0x1 
 .rodata.__func__.0
                0x0000000010007ae0        0x9 CMakeFiles/blink.dir/Users/calhound/VSARM/pico/pico-sdk/src/rp2_common/hardware_pll/pll.c.obj
 *fill*         0x0000000010007ae9        0x3 
 .rodata._ftoa.str1.4
                0x0000000010007aec       0x15 CMakeFiles/blink.dir/Users/calhound/VSARM/pico/pico-sdk/src/rp2_common/pico_printf/printf.c.obj
 *fill*         0x0000000010007b01        0x3 
 .rodata._vsnprintf
                0x0000000010007b04      0x1e0 CMakeFiles/blink.dir/Users/calhound/VSARM/pico/pico-sdk/src/rp2_common/pico_printf/printf.c.obj
 *fill*         0x0000000010007ce4        0x4 
 .rodata.pow10.0
                0x0000000010007ce8       0x50 CMakeFiles/blink.dir/Users/calhound/VSARM/pico/pico-sdk/src/rp2_common/pico_printf/printf.c.obj
 .rodata.__aeabi_double_init.str1.4
                0x0000000010007d38       0xb1 CMakeFiles/blink.dir/Users/calhound/VSARM/pico/pico-sdk/src/rp2_common/pico_double/double_init_rom.c.obj
 *fill*         0x0000000010007de9        0x3 
 .rodata.__func__.0
                0x0000000010007dec       0x14 CMakeFiles/blink.dir/Users/calhound/VSARM/pico/pico-sdk/src/rp2_common/pico_double/double_init_rom.c.obj
 .rodata.__aeabi_float_init.str1.4
                0x0000000010007e00       0x83 CMakeFiles/blink.dir/Users/calhound/VSARM/pico/pico-sdk/src/rp2_common/pico_float/float_init_rom.c.obj
                                         0x87 (size before relaxing)
 *fill*         0x0000000010007e83        0x1 
 .rodata.__func__.0
                0x0000000010007e84       0x13 CMakeFiles/blink.dir/Users/calhound/VSARM/pico/pico-sdk/src/rp2_common/pico_float/float_init_rom.c.obj
 *fill*         0x0000000010007e97        0x1 
 .rodata.str1.4
                0x0000000010007e98       0x3c CMakeFiles/blink.dir/Users/calhound/VSARM/pico/pico-sdk/src/rp2_common/pico_standard_link/binary_info.c.obj
 .rodata.__bi_44
                0x0000000010007ed4        0xc CMakeFiles/blink.dir/Users/calhound/VSARM/pico/pico-sdk/src/rp2_common/pico_standard_link/binary_info.c.obj
 .rodata.__bi_75
                0x0000000010007ee0        0xc CMakeFiles/blink.dir/Users/calhound/VSARM/pico/pico-sdk/src/rp2_common/pico_standard_link/binary_info.c.obj
 .rodata.__bi_81
                0x0000000010007eec        0xc CMakeFiles/blink.dir/Users/calhound/VSARM/pico/pico-sdk/src/rp2_common/pico_standard_link/binary_info.c.obj
 .rodata.crlf_str.3
                0x0000000010007ef8        0x2 CMakeFiles/blink.dir/Users/calhound/VSARM/pico/pico-sdk/src/rp2_common/pico_stdio/stdio.c.obj
 *fill*         0x0000000010007efa        0x2 
 .rodata._resetd_driver
                0x0000000010007efc       0x18 CMakeFiles/blink.dir/Users/calhound/VSARM/pico/pico-sdk/src/rp2_common/pico_stdio_usb/reset_interface.c.obj
 .rodata.stdio_usb_init.str1.4
                0x0000000010007f14       0x6a CMakeFiles/blink.dir/Users/calhound/VSARM/pico/pico-sdk/src/rp2_common/pico_stdio_usb/stdio_usb.c.obj
 .rodata.str1.4
                0x0000000010007f14       0x13 CMakeFiles/blink.dir/Users/calhound/VSARM/pico/pico-sdk/src/rp2_common/pico_stdio_usb/stdio_usb.c.obj
 *fill*         0x0000000010007f27        0x1 
 .rodata.__bi_93.1
                0x0000000010007f28        0xc CMakeFiles/blink.dir/Users/calhound/VSARM/pico/pico-sdk/src/rp2_common/pico_stdio_usb/stdio_usb.c.obj
 .rodata.__func__.0
                0x0000000010007f34       0x15 CMakeFiles/blink.dir/Users/calhound/VSARM/pico/pico-sdk/src/rp2_common/pico_stdio_usb/stdio_usb.c.obj
 *fill*         0x0000000010007f49        0x3 
 .rodata.str1.4
                0x0000000010007f4c       0x2a CMakeFiles/blink.dir/Users/calhound/VSARM/pico/pico-sdk/src/rp2_common/pico_stdio_usb/stdio_usb_descriptors.c.obj
 *fill*         0x0000000010007f76        0x2 
 .rodata.usbd_desc_cfg
                0x0000000010007f78       0x54 CMakeFiles/blink.dir/Users/calhound/VSARM/pico/pico-sdk/src/rp2_common/pico_stdio_usb/stdio_usb_descriptors.c.obj
 .rodata.usbd_desc_device
                0x0000000010007fcc       0x12 CMakeFiles/blink.dir/Users/calhound/VSARM/pico/pico-sdk/src/rp2_common/pico_stdio_usb/stdio_usb_descriptors.c.obj
 *fill*         0x0000000010007fde        0x2 
 .rodata.usbd_desc_str
                0x0000000010007fe0       0x18 CMakeFiles/blink.dir/Users/calhound/VSARM/pico/pico-sdk/src/rp2_common/pico_stdio_usb/stdio_usb_descriptors.c.obj
 .rodata._hw_endpoint_alloc.str1.4
                0x0000000010007ff8       0xc1 CMakeFiles/blink.dir/Users/calhound/VSARM/pico/pico-sdk/lib/tinyusb/src/portable/raspberrypi/rp2040/dcd_rp2040.c.obj
 *fill*         0x00000000100080b9        0x3 
 .rodata._hw_endpoint_init.str1.4
                0x00000000100080bc       0x28 CMakeFiles/blink.dir/Users/calhound/VSARM/pico/pico-sdk/lib/tinyusb/src/portable/raspberrypi/rp2040/dcd_rp2040.c.obj
 .rodata.hw_handle_buff_status.str1.4
                0x00000000100080e4        0xb CMakeFiles/blink.dir/Users/calhound/VSARM/pico/pico-sdk/lib/tinyusb/src/portable/raspberrypi/rp2040/dcd_rp2040.c.obj
 *fill*         0x00000000100080ef        0x1 
 .rodata.dcd_rp2040_irq.str1.4
                0x00000000100080f0       0x14 CMakeFiles/blink.dir/Users/calhound/VSARM/pico/pico-sdk/lib/tinyusb/src/portable/raspberrypi/rp2040/dcd_rp2040.c.obj
 .rodata._hw_endpoint_stall.str1.4
                0x0000000010008104        0xd CMakeFiles/blink.dir/Users/calhound/VSARM/pico/pico-sdk/lib/tinyusb/src/portable/raspberrypi/rp2040/dcd_rp2040.c.obj
 *fill*         0x0000000010008111        0x3 
 .rodata.dcd_int_enable.str1.4
                0x0000000010008114        0xc CMakeFiles/blink.dir/Users/calhound/VSARM/pico/pico-sdk/lib/tinyusb/src/portable/raspberrypi/rp2040/dcd_rp2040.c.obj
 .rodata.__func__.0
                0x0000000010008120       0x15 CMakeFiles/blink.dir/Users/calhound/VSARM/pico/pico-sdk/lib/tinyusb/src/portable/raspberrypi/rp2040/dcd_rp2040.c.obj
 *fill*         0x0000000010008135        0x3 
 .rodata.__func__.1
                0x0000000010008138       0x13 CMakeFiles/blink.dir/Users/calhound/VSARM/pico/pico-sdk/lib/tinyusb/src/portable/raspberrypi/rp2040/dcd_rp2040.c.obj
 *fill*         0x000000001000814b        0x1 
 .rodata.__func__.11
                0x000000001000814c        0xf CMakeFiles/blink.dir/Users/calhound/VSARM/pico/pico-sdk/lib/tinyusb/src/portable/raspberrypi/rp2040/dcd_rp2040.c.obj
 *fill*         0x000000001000815b        0x1 
 .rodata.__func__.12
                0x000000001000815c       0x13 CMakeFiles/blink.dir/Users/calhound/VSARM/pico/pico-sdk/lib/tinyusb/src/portable/raspberrypi/rp2040/dcd_rp2040.c.obj
 *fill*         0x000000001000816f        0x1 
 .rodata.__func__.13
                0x0000000010008170       0x16 CMakeFiles/blink.dir/Users/calhound/VSARM/pico/pico-sdk/lib/tinyusb/src/portable/raspberrypi/rp2040/dcd_rp2040.c.obj
 *fill*         0x0000000010008186        0x2 
 .rodata.__func__.14
                0x0000000010008188        0x9 CMakeFiles/blink.dir/Users/calhound/VSARM/pico/pico-sdk/lib/tinyusb/src/portable/raspberrypi/rp2040/dcd_rp2040.c.obj
 *fill*         0x0000000010008191        0x3 
 .rodata.__func__.2
                0x0000000010008194        0xf CMakeFiles/blink.dir/Users/calhound/VSARM/pico/pico-sdk/lib/tinyusb/src/portable/raspberrypi/rp2040/dcd_rp2040.c.obj
 *fill*         0x00000000100081a3        0x1 
 .rodata.__func__.3
                0x00000000100081a4        0xe CMakeFiles/blink.dir/Users/calhound/VSARM/pico/pico-sdk/lib/tinyusb/src/portable/raspberrypi/rp2040/dcd_rp2040.c.obj
 *fill*         0x00000000100081b2        0x2 
 .rodata.__func__.4
                0x00000000100081b4        0xe CMakeFiles/blink.dir/Users/calhound/VSARM/pico/pico-sdk/lib/tinyusb/src/portable/raspberrypi/rp2040/dcd_rp2040.c.obj
 *fill*         0x00000000100081c2        0x2 
 .rodata.__func__.5
                0x00000000100081c4       0x1a CMakeFiles/blink.dir/Users/calhound/VSARM/pico/pico-sdk/lib/tinyusb/src/portable/raspberrypi/rp2040/dcd_rp2040.c.obj
 *fill*         0x00000000100081de        0x2 
 .rodata.__func__.6
                0x00000000100081e0        0xc CMakeFiles/blink.dir/Users/calhound/VSARM/pico/pico-sdk/lib/tinyusb/src/portable/raspberrypi/rp2040/dcd_rp2040.c.obj
 .rodata.__func__.9
                0x00000000100081ec       0x10 CMakeFiles/blink.dir/Users/calhound/VSARM/pico/pico-sdk/lib/tinyusb/src/portable/raspberrypi/rp2040/dcd_rp2040.c.obj
 .rodata._hw_endpoint_buffer_control_update32.str1.4
                0x00000000100081fc       0x1f CMakeFiles/blink.dir/Users/calhound/VSARM/pico/pico-sdk/lib/tinyusb/src/portable/raspberrypi/rp2040/rp2040_usb.c.obj
 *fill*         0x000000001000821b        0x1 
 .rodata._hw_endpoint_xfer_sync.str1.4
                0x000000001000821c       0x9d CMakeFiles/blink.dir/Users/calhound/VSARM/pico/pico-sdk/lib/tinyusb/src/portable/raspberrypi/rp2040/rp2040_usb.c.obj
 *fill*         0x00000000100082b9        0x3 
 .rodata._hw_endpoint_xfer_continue.str1.4
                0x00000000100082bc       0x50 CMakeFiles/blink.dir/Users/calhound/VSARM/pico/pico-sdk/lib/tinyusb/src/portable/raspberrypi/rp2040/rp2040_usb.c.obj
 .rodata._hw_endpoint_xfer.str1.4
                0x000000001000830c        0xf CMakeFiles/blink.dir/Users/calhound/VSARM/pico/pico-sdk/lib/tinyusb/src/portable/raspberrypi/rp2040/rp2040_usb.c.obj
 *fill*         0x000000001000831b        0x1 
 .rodata.str1.4
                0x000000001000831c        0x7 CMakeFiles/blink.dir/Users/calhound/VSARM/pico/pico-sdk/lib/tinyusb/src/portable/raspberrypi/rp2040/rp2040_usb.c.obj
 *fill*         0x0000000010008323        0x1 
 .rodata.__func__.0
                0x0000000010008324       0x12 CMakeFiles/blink.dir/Users/calhound/VSARM/pico/pico-sdk/lib/tinyusb/src/portable/raspberrypi/rp2040/rp2040_usb.c.obj
 *fill*         0x0000000010008336        0x2 
 .rodata.__func__.1
                0x0000000010008338       0x17 CMakeFiles/blink.dir/Users/calhound/VSARM/pico/pico-sdk/lib/tinyusb/src/portable/raspberrypi/rp2040/rp2040_usb.c.obj
 *fill*         0x000000001000834f        0x1 
 .rodata.process_set_config.str1.4
                0x0000000010008350       0x17 CMakeFiles/blink.dir/Users/calhound/VSARM/pico/pico-sdk/lib/tinyusb/src/device/usbd.c.obj
 *fill*         0x0000000010008367        0x1 
 .rodata.process_get_descriptor
                0x0000000010008368       0x40 CMakeFiles/blink.dir/Users/calhound/VSARM/pico/pico-sdk/lib/tinyusb/src/device/usbd.c.obj
 .rodata.process_control_request
                0x00000000100083a8       0x28 CMakeFiles/blink.dir/Users/calhound/VSARM/pico/pico-sdk/lib/tinyusb/src/device/usbd.c.obj
 .rodata.tud_task
                0x00000000100083d0       0x24 CMakeFiles/blink.dir/Users/calhound/VSARM/pico/pico-sdk/lib/tinyusb/src/device/usbd.c.obj
 .rodata.__func__.2
                0x00000000100083f4        0xf CMakeFiles/blink.dir/Users/calhound/VSARM/pico/pico-sdk/lib/tinyusb/src/device/usbd.c.obj
 *fill*         0x0000000010008403        0x1 
 .rodata.__func__.3
                0x0000000010008404        0xf CMakeFiles/blink.dir/Users/calhound/VSARM/pico/pico-sdk/lib/tinyusb/src/device/usbd.c.obj
 *fill*         0x0000000010008413        0x1 
 .rodata.__func__.4
                0x0000000010008414       0x14 CMakeFiles/blink.dir/Users/calhound/VSARM/pico/pico-sdk/lib/tinyusb/src/device/usbd.c.obj
 .rodata.__func__.5
                0x0000000010008428       0x10 CMakeFiles/blink.dir/Users/calhound/VSARM/pico/pico-sdk/lib/tinyusb/src/device/usbd.c.obj
 .rodata.__func__.6
                0x0000000010008438       0x17 CMakeFiles/blink.dir/Users/calhound/VSARM/pico/pico-sdk/lib/tinyusb/src/device/usbd.c.obj
 *fill*         0x000000001000844f        0x1 
 .rodata.__func__.7
                0x0000000010008450       0x13 CMakeFiles/blink.dir/Users/calhound/VSARM/pico/pico-sdk/lib/tinyusb/src/device/usbd.c.obj
 *fill*         0x0000000010008463        0x1 
 .rodata.__func__.8
                0x0000000010008464       0x18 CMakeFiles/blink.dir/Users/calhound/VSARM/pico/pico-sdk/lib/tinyusb/src/device/usbd.c.obj
 .rodata.__func__.9
                0x000000001000847c        0x9 CMakeFiles/blink.dir/Users/calhound/VSARM/pico/pico-sdk/lib/tinyusb/src/device/usbd.c.obj
 *fill*         0x0000000010008485        0x3 
 .rodata._usbd_driver
                0x0000000010008488       0x18 CMakeFiles/blink.dir/Users/calhound/VSARM/pico/pico-sdk/lib/tinyusb/src/device/usbd.c.obj
 .rodata.tud_control_xfer.str1.4
                0x00000000100084a0       0x17 CMakeFiles/blink.dir/Users/calhound/VSARM/pico/pico-sdk/lib/tinyusb/src/device/usbd_control.c.obj
 .rodata.__func__.0
                0x00000000100084a0       0x15 CMakeFiles/blink.dir/Users/calhound/VSARM/pico/pico-sdk/lib/tinyusb/src/device/usbd_control.c.obj
 *fill*         0x00000000100084b5        0x3 
 .rodata.__func__.1
                0x00000000100084b8       0x11 CMakeFiles/blink.dir/Users/calhound/VSARM/pico/pico-sdk/lib/tinyusb/src/device/usbd_control.c.obj
 .rodata.tud_cdc_n_write_flush.str1.4
                0x00000000100084c9       0x17 CMakeFiles/blink.dir/Users/calhound/VSARM/pico/pico-sdk/lib/tinyusb/src/class/cdc/cdc_device.c.obj
 *fill*         0x00000000100084c9        0x3 
 .rodata.__func__.0
                0x00000000100084cc        0xd CMakeFiles/blink.dir/Users/calhound/VSARM/pico/pico-sdk/lib/tinyusb/src/class/cdc/cdc_device.c.obj
 *fill*         0x00000000100084d9        0x3 
 .rodata.__func__.1
                0x00000000100084dc        0xa CMakeFiles/blink.dir/Users/calhound/VSARM/pico/pico-sdk/lib/tinyusb/src/class/cdc/cdc_device.c.obj
 *fill*         0x00000000100084e6        0x2 
 .rodata.__func__.2
                0x00000000100084e8       0x16 CMakeFiles/blink.dir/Users/calhound/VSARM/pico/pico-sdk/lib/tinyusb/src/class/cdc/cdc_device.c.obj
 .rodata.tusb_init.str1.4
                0x00000000100084fe       0x17 CMakeFiles/blink.dir/Users/calhound/VSARM/pico/pico-sdk/lib/tinyusb/src/tusb.c.obj
 *fill*         0x00000000100084fe        0x2 
 .rodata.__func__.0
                0x0000000010008500        0xa CMakeFiles/blink.dir/Users/calhound/VSARM/pico/pico-sdk/lib/tinyusb/src/tusb.c.obj
 *fill*         0x000000001000850a        0x2 
 .rodata.pico_get_unique_board_id_string.str1.4
                0x000000001000850c       0x56 CMakeFiles/blink.dir/Users/calhound/VSARM/pico/pico-sdk/src/rp2_common/pico_unique_id/unique_id.c.obj
 *fill*         0x0000000010008562        0x2 
 .rodata.__func__.0
                0x0000000010008564       0x20 CMakeFiles/blink.dir/Users/calhound/VSARM/pico/pico-sdk/src/rp2_common/pico_unique_id/unique_id.c.obj
 .rodata.str1.4
                0x0000000010008584      0x162 CMakeFiles/blink.dir/Users/calhound/VSARM/pico/pico-sdk/src/rp2_common/hardware_flash/flash.c.obj
 *fill*         0x00000000100086e6        0x2 
 .rodata.__func__.0
                0x00000000100086e8        0xd CMakeFiles/blink.dir/Users/calhound/VSARM/pico/pico-sdk/src/rp2_common/hardware_flash/flash.c.obj
                0x00000000100086f8                . = ALIGN (0x4)
 *fill*         0x00000000100086f5        0x3 
 *(SORT_BY_ALIGNMENT(SORT_BY_NAME(.flashdata*)))
                0x00000000100086f8                . = ALIGN (0x4)

.rel.dyn        0x00000000100086f8        0x0
 .rel.iplt      0x00000000100086f8        0x0 /usr/local/Cellar/arm-none-eabi-gcc/10.3-2021.07/gcc/bin/../lib/gcc/arm-none-eabi/10.3.1/thumb/v6-m/nofp/crtbegin.o

.ARM.extab
 *(.ARM.extab* .gnu.linkonce.armextab.*)
                0x00000000100086f8                __exidx_start = .

.ARM.exidx
 *(.ARM.exidx* .gnu.linkonce.armexidx.*)
                0x00000000100086f8                __exidx_end = .
                0x00000000100086f8                . = ALIGN (0x4)
                0x00000000100086f8                __binary_info_start = .

.binary_info    0x00000000100086f8       0x20
 *(.binary_info.keep.*)
 .binary_info.keep.__bi_ptr22
                0x00000000100086f8        0x4 CMakeFiles/blink.dir/Users/calhound/VSARM/pico/pico-sdk/src/rp2_common/pico_standard_link/binary_info.c.obj
 .binary_info.keep.__bi_ptr30
                0x00000000100086fc        0x4 CMakeFiles/blink.dir/Users/calhound/VSARM/pico/pico-sdk/src/rp2_common/pico_standard_link/binary_info.c.obj
 .binary_info.keep.__bi_ptr38
                0x0000000010008700        0x4 CMakeFiles/blink.dir/Users/calhound/VSARM/pico/pico-sdk/src/rp2_common/pico_standard_link/binary_info.c.obj
 .binary_info.keep.__bi_ptr44
                0x0000000010008704        0x4 CMakeFiles/blink.dir/Users/calhound/VSARM/pico/pico-sdk/src/rp2_common/pico_standard_link/binary_info.c.obj
 .binary_info.keep.__bi_ptr50
                0x0000000010008708        0x4 CMakeFiles/blink.dir/Users/calhound/VSARM/pico/pico-sdk/src/rp2_common/pico_standard_link/binary_info.c.obj
 .binary_info.keep.__bi_ptr75
                0x000000001000870c        0x4 CMakeFiles/blink.dir/Users/calhound/VSARM/pico/pico-sdk/src/rp2_common/pico_standard_link/binary_info.c.obj
 .binary_info.keep.__bi_ptr81
                0x0000000010008710        0x4 CMakeFiles/blink.dir/Users/calhound/VSARM/pico/pico-sdk/src/rp2_common/pico_standard_link/binary_info.c.obj
 *(.binary_info.*)
 .binary_info.__bi_ptr93
                0x0000000010008714        0x4 CMakeFiles/blink.dir/Users/calhound/VSARM/pico/pico-sdk/src/rp2_common/pico_stdio_usb/stdio_usb.c.obj
                0x0000000010008718                __binary_info_end = .
                0x0000000010008718                . = ALIGN (0x4)
                0x0000000010008718                __etext = .

.ram_vector_table
                0x0000000020000000       0xc0
 *(.ram_vector_table)
 .ram_vector_table
                0x0000000020000000       0xc0 CMakeFiles/blink.dir/Users/calhound/VSARM/pico/pico-sdk/src/rp2_common/pico_runtime/runtime.c.obj
                0x0000000020000000                ram_vector_table

.data           0x00000000200000c0      0x500 load address 0x0000000010008718
                0x00000000200000c0                __data_start__ = .
 *(vtable)
 *(.time_critical*)
 .time_critical.mutex_enter_blocking
                0x00000000200000c0       0x94 CMakeFiles/blink.dir/Users/calhound/VSARM/pico/pico-sdk/src/common/pico_sync/mutex.c.obj
                0x00000000200000c0                mutex_enter_blocking
 .time_critical.mutex_try_enter
                0x0000000020000154       0x5a CMakeFiles/blink.dir/Users/calhound/VSARM/pico/pico-sdk/src/common/pico_sync/mutex.c.obj
                0x0000000020000154                mutex_try_enter
 *fill*         0x00000000200001ae        0x2 
 .time_critical.mutex_enter_block_until
                0x00000000200001b0       0x8c CMakeFiles/blink.dir/Users/calhound/VSARM/pico/pico-sdk/src/common/pico_sync/mutex.c.obj
                0x00000000200001b0                mutex_enter_block_until
 .time_critical.mutex_enter_timeout_ms
                0x000000002000023c       0x74 CMakeFiles/blink.dir/Users/calhound/VSARM/pico/pico-sdk/src/common/pico_sync/mutex.c.obj
                0x000000002000023c                mutex_enter_timeout_ms
 .time_critical.mutex_exit
                0x00000000200002b0       0x94 CMakeFiles/blink.dir/Users/calhound/VSARM/pico/pico-sdk/src/common/pico_sync/mutex.c.obj
                0x00000000200002b0                mutex_exit
 .time_critical.flash_init_boot2_copyout
                0x0000000020000344       0x30 CMakeFiles/blink.dir/Users/calhound/VSARM/pico/pico-sdk/src/rp2_common/hardware_flash/flash.c.obj
 .time_critical.flash_enable_xip_via_boot2
                0x0000000020000374       0x10 CMakeFiles/blink.dir/Users/calhound/VSARM/pico/pico-sdk/src/rp2_common/hardware_flash/flash.c.obj
 .time_critical.flash_cs_force
                0x0000000020000384       0x28 CMakeFiles/blink.dir/Users/calhound/VSARM/pico/pico-sdk/src/rp2_common/hardware_flash/flash.c.obj
 .time_critical.flash_do_cmd
                0x00000000200003ac       0xc0 CMakeFiles/blink.dir/Users/calhound/VSARM/pico/pico-sdk/src/rp2_common/hardware_flash/flash.c.obj
                0x00000000200003ac                flash_do_cmd
 *(.text*)
 .text          0x000000002000046c        0x4 /usr/local/Cellar/arm-none-eabi-gcc/10.3-2021.07/gcc/bin/../lib/gcc/arm-none-eabi/10.3.1/thumb/v6-m/nofp/libgcc.a(_dvmd_tls.o)
                0x000000002000046c                __aeabi_ldiv0
                0x000000002000046c                __aeabi_idiv0
 .text.__stub   0x0000000020000470       0x50 linker stubs
                0x00000000200004c0                . = ALIGN (0x4)
 *(.rodata*)
                0x00000000200004c0                . = ALIGN (0x4)
 *(.data*)
 .data.striped_spin_lock_num
                0x00000000200004c0        0x1 CMakeFiles/blink.dir/Users/calhound/VSARM/pico/pico-sdk/src/rp2_common/hardware_sync/sync.c.obj
 *fill*         0x00000000200004c1        0x3 