Archive member included to satisfy reference by file (symbol)

/usr/local/Cellar/arm-none-eabi-gcc/10.3-2021.07/gcc/bin/../lib/gcc/arm-none-eabi/10.3.1/thumb/v6-m/nofp/libgcc.a(_dvmd_tls.o)
                              CMakeFiles/i2c_bus_scan.dir/Users/calhound/VSARM/pico/pico-sdk/src/rp2_common/pico_divider/divider.S.obj (__aeabi_idiv0)
/usr/local/Cellar/arm-none-eabi-gcc/10.3-2021.07/gcc/bin/../lib/gcc/arm-none-eabi/10.3.1/../../../../arm-none-eabi/lib/thumb/v6-m/nofp/libg.a(lib_a-calloc.o)
                              CMakeFiles/i2c_bus_scan.dir/Users/calhound/VSARM/pico/pico-sdk/src/rp2_common/pico_malloc/pico_malloc.c.obj (calloc)
/usr/local/Cellar/arm-none-eabi-gcc/10.3-2021.07/gcc/bin/../lib/gcc/arm-none-eabi/10.3.1/../../../../arm-none-eabi/lib/thumb/v6-m/nofp/libg.a(lib_a-callocr.o)
                              /usr/local/Cellar/arm-none-eabi-gcc/10.3-2021.07/gcc/bin/../lib/gcc/arm-none-eabi/10.3.1/../../../../arm-none-eabi/lib/thumb/v6-m/nofp/libg.a(lib_a-calloc.o) (_calloc_r)
/usr/local/Cellar/arm-none-eabi-gcc/10.3-2021.07/gcc/bin/../lib/gcc/arm-none-eabi/10.3.1/../../../../arm-none-eabi/lib/thumb/v6-m/nofp/libg.a(lib_a-ctype_.o)
                              CMakeFiles/i2c_bus_scan.dir/Users/calhound/VSARM/pico/pico-sdk/lib/tinyusb/src/tusb.c.obj (_ctype_)
/usr/local/Cellar/arm-none-eabi-gcc/10.3-2021.07/gcc/bin/../lib/gcc/arm-none-eabi/10.3.1/../../../../arm-none-eabi/lib/thumb/v6-m/nofp/libg.a(lib_a-errno.o)
                              /usr/local/Cellar/arm-none-eabi-gcc/10.3-2021.07/gcc/bin/../lib/gcc/arm-none-eabi/10.3.1/../../../../arm-none-eabi/lib/thumb/v6-m/nofp/libg.a(lib_a-callocr.o) (__errno)
/usr/local/Cellar/arm-none-eabi-gcc/10.3-2021.07/gcc/bin/../lib/gcc/arm-none-eabi/10.3.1/../../../../arm-none-eabi/lib/thumb/v6-m/nofp/libg.a(lib_a-impure.o)
                              /usr/local/Cellar/arm-none-eabi-gcc/10.3-2021.07/gcc/bin/../lib/gcc/arm-none-eabi/10.3.1/../../../../arm-none-eabi/lib/thumb/v6-m/nofp/libg.a(lib_a-calloc.o) (_impure_ptr)
/usr/local/Cellar/arm-none-eabi-gcc/10.3-2021.07/gcc/bin/../lib/gcc/arm-none-eabi/10.3.1/../../../../arm-none-eabi/lib/thumb/v6-m/nofp/libg.a(lib_a-init.o)
                              /usr/local/Cellar/arm-none-eabi-gcc/10.3-2021.07/gcc/bin/../lib/gcc/arm-none-eabi/10.3.1/../../../../arm-none-eabi/lib/thumb/v6-m/nofp/crt0.o (__libc_init_array)
/usr/local/Cellar/arm-none-eabi-gcc/10.3-2021.07/gcc/bin/../lib/gcc/arm-none-eabi/10.3.1/../../../../arm-none-eabi/lib/thumb/v6-m/nofp/libg.a(lib_a-malloc.o)
                              CMakeFiles/i2c_bus_scan.dir/Users/calhound/VSARM/pico/pico-sdk/src/rp2_common/pico_malloc/pico_malloc.c.obj (malloc)
/usr/local/Cellar/arm-none-eabi-gcc/10.3-2021.07/gcc/bin/../lib/gcc/arm-none-eabi/10.3.1/../../../../arm-none-eabi/lib/thumb/v6-m/nofp/libg.a(lib_a-mallocr.o)
                              /usr/local/Cellar/arm-none-eabi-gcc/10.3-2021.07/gcc/bin/../lib/gcc/arm-none-eabi/10.3.1/../../../../arm-none-eabi/lib/thumb/v6-m/nofp/libg.a(lib_a-callocr.o) (_malloc_r)
/usr/local/Cellar/arm-none-eabi-gcc/10.3-2021.07/gcc/bin/../lib/gcc/arm-none-eabi/10.3.1/../../../../arm-none-eabi/lib/thumb/v6-m/nofp/libg.a(lib_a-mlock.o)
                              /usr/local/Cellar/arm-none-eabi-gcc/10.3-2021.07/gcc/bin/../lib/gcc/arm-none-eabi/10.3.1/../../../../arm-none-eabi/lib/thumb/v6-m/nofp/libg.a(lib_a-mallocr.o) (__malloc_lock)
/usr/local/Cellar/arm-none-eabi-gcc/10.3-2021.07/gcc/bin/../lib/gcc/arm-none-eabi/10.3.1/../../../../arm-none-eabi/lib/thumb/v6-m/nofp/libg.a(lib_a-sbrkr.o)
                              /usr/local/Cellar/arm-none-eabi-gcc/10.3-2021.07/gcc/bin/../lib/gcc/arm-none-eabi/10.3.1/../../../../arm-none-eabi/lib/thumb/v6-m/nofp/libg.a(lib_a-mallocr.o) (_sbrk_r)
/usr/local/Cellar/arm-none-eabi-gcc/10.3-2021.07/gcc/bin/../lib/gcc/arm-none-eabi/10.3.1/../../../../arm-none-eabi/lib/thumb/v6-m/nofp/libg.a(lib_a-strlen-stub.o)
                              CMakeFiles/i2c_bus_scan.dir/Users/calhound/VSARM/pico/pico-sdk/src/rp2_common/pico_stdio/stdio.c.obj (strlen)
/usr/local/Cellar/arm-none-eabi-gcc/10.3-2021.07/gcc/bin/../lib/gcc/arm-none-eabi/10.3.1/../../../../arm-none-eabi/lib/thumb/v6-m/nofp/libg.a(lib_a-freer.o)
                              /usr/local/Cellar/arm-none-eabi-gcc/10.3-2021.07/gcc/bin/../lib/gcc/arm-none-eabi/10.3.1/../../../../arm-none-eabi/lib/thumb/v6-m/nofp/libg.a(lib_a-malloc.o) (_free_r)
/usr/local/Cellar/arm-none-eabi-gcc/10.3-2021.07/gcc/bin/../lib/gcc/arm-none-eabi/10.3.1/../../../../arm-none-eabi/lib/thumb/v6-m/nofp/libg.a(lib_a-lock.o)
                              /usr/local/Cellar/arm-none-eabi-gcc/10.3-2021.07/gcc/bin/../lib/gcc/arm-none-eabi/10.3.1/../../../../arm-none-eabi/lib/thumb/v6-m/nofp/libg.a(lib_a-mlock.o) (__retarget_lock_acquire_recursive)
/usr/local/Cellar/arm-none-eabi-gcc/10.3-2021.07/gcc/bin/../lib/gcc/arm-none-eabi/10.3.1/../../../../arm-none-eabi/lib/thumb/v6-m/nofp/libg.a(lib_a-reent.o)
[...]
Memory Configuration

Name             Origin             Length             Attributes
FLASH            0x0000000010000000 0x0000000000200000 xr
RAM              0x0000000020000000 0x0000000000040000 xrw
SCRATCH_X        0x0000000020040000 0x0000000000001000 xrw
SCRATCH_Y        0x0000000020041000 0x0000000000001000 xrw
*default*        0x0000000000000000 0xffffffffffffffff

Linker script and memory map

LOAD /usr/local/Cellar/arm-none-eabi-gcc/10.3-2021.07/gcc/bin/../lib/gcc/arm-none-eabi/10.3.1/thumb/v6-m/nofp/crti.o
LOAD /usr/local/Cellar/arm-none-eabi-gcc/10.3-2021.07/gcc/bin/../lib/gcc/arm-none-eabi/10.3.1/thumb/v6-m/nofp/crtbegin.o
LOAD /usr/local/Cellar/arm-none-eabi-gcc/10.3-2021.07/gcc/bin/../lib/gcc/arm-none-eabi/10.3.1/../../../../arm-none-eabi/lib/thumb/v6-m/nofp/crt0.o

.flash_begin    0x0000000010000000        0x0
                0x0000000010000000                __flash_binary_start = .

.boot2          0x0000000010000000      0x100
                0x0000000010000000                __boot2_start__ = .
 *(.boot2)
 .boot2         0x0000000010000000      0x100 /var/folders/zt/kg0hwm0s04v__nny36mphjjw0000gn/T//ccUj4TGA.o
                0x0000000010000100                __boot2_end__ = .
                0x0000000000000001                ASSERT (((__boot2_end__ - __boot2_start__) == 0x100), ERROR: Pico second stage bootloader must be 256 bytes in size)

.text           0x0000000010000100     0x7238
                0x0000000010000100                __logical_binary_start = .
 *(.vectors)
 .vectors       0x0000000010000100       0xd4 CMakeFiles/i2c_bus_scan.dir/Users/calhound/VSARM/pico/pico-sdk/src/rp2_common/pico_standard_link/crt0.S.obj
                0x0000000010000100                __VECTOR_TABLE
                0x0000000010000100                __vectors
                0x00000000100001c0                __default_isrs_start
                0x00000000100001c0                isr_invalid
                0x00000000100001c2                isr_nmi
                0x00000000100001c4                isr_hardfault
                0x00000000100001c6                isr_svcall
                0x00000000100001c8                isr_pendsv
                0x00000000100001ca                isr_systick
                0x00000000100001cc                isr_irq28
                0x00000000100001cc                isr_irq19
                0x00000000100001cc                isr_irq0
                0x00000000100001cc                isr_irq6
                0x00000000100001cc                isr_irq22
                0x00000000100001cc                isr_irq17
                0x00000000100001cc                isr_irq14
                0x00000000100001cc                isr_irq2
                0x00000000100001cc                isr_irq10
                0x00000000100001cc                isr_irq8
                0x00000000100001cc                isr_irq24
                0x00000000100001cc                isr_irq1
                0x00000000100001cc                isr_irq7
                0x00000000100001cc                isr_irq21
                0x00000000100001cc                isr_irq20
                0x00000000100001cc                isr_irq15
                0x00000000100001cc                isr_irq25
                0x00000000100001cc                isr_irq4
                0x00000000100001cc                isr_irq16
                0x00000000100001cc                isr_irq29
                0x00000000100001cc                isr_irq26
                0x00000000100001cc                __default_isrs_end
                0x00000000100001cc                isr_irq3
                0x00000000100001cc                isr_irq9
                0x00000000100001cc                __unhandled_user_irq
                0x00000000100001cc                isr_irq13
                0x00000000100001cc                isr_irq27
                0x00000000100001cc                isr_irq31
                0x00000000100001cc                isr_irq5
                0x00000000100001cc                isr_irq11
                0x00000000100001cc                isr_irq23
                0x00000000100001cc                isr_irq18
                0x00000000100001cc                isr_irq30
                0x00000000100001cc                isr_irq12
                0x00000000100001d2                unhandled_user_irq_num_in_r0
 *(.binary_info_header)
 .binary_info_header
                0x00000000100001d4       0x14 CMakeFiles/i2c_bus_scan.dir/Users/calhound/VSARM/pico/pico-sdk/src/rp2_common/pico_standard_link/crt0.S.obj
                0x00000000100001e8                __binary_info_header_end = .
 *(.reset)
 .reset         0x00000000100001e8       0xa8 CMakeFiles/i2c_bus_scan.dir/Users/calhound/VSARM/pico/pico-sdk/src/rp2_common/pico_standard_link/crt0.S.obj
                0x00000000100001e8                _entry_point
                0x0000000010000266                __get_current_exception
 .reset         0x0000000010000290       0x30 CMakeFiles/i2c_bus_scan.dir/Users/calhound/VSARM/pico/pico-sdk/src/rp2_common/pico_standard_link/binary_info.c.obj
 *(.init)
 .init          0x00000000100002c0        0x4 /usr/local/Cellar/arm-none-eabi-gcc/10.3-2021.07/gcc/bin/../lib/gcc/arm-none-eabi/10.3.1/thumb/v6-m/nofp/crti.o
                0x00000000100002c0                _init
 *(EXCLUDE_FILE(*libm.a: *libc.a:*lib_a-mem*.o *libgcc.a:) .text*)
 .text          0x00000000100002c4       0x48 /usr/local/Cellar/arm-none-eabi-gcc/10.3-2021.07/gcc/bin/../lib/gcc/arm-none-eabi/10.3.1/thumb/v6-m/nofp/crtbegin.o
 .text.reserved_addr
                0x000000001000030c       0x1a CMakeFiles/i2c_bus_scan.dir/i2c_bus_scan.c.obj
                0x000000001000030c                reserved_addr
 *fill*         0x0000000010000326        0x2 
 .text.main     0x0000000010000328       0xe0 CMakeFiles/i2c_bus_scan.dir/i2c_bus_scan.c.obj
                0x0000000010000328                main
 .text.gpio_set_function
                0x0000000010000408       0x30 CMakeFiles/i2c_bus_scan.dir/Users/calhound/VSARM/pico/pico-sdk/src/rp2_common/hardware_gpio/gpio.c.obj
                0x0000000010000408                gpio_set_function
 .text.gpio_set_pulls
                0x0000000010000438       0x34 CMakeFiles/i2c_bus_scan.dir/Users/calhound/VSARM/pico/pico-sdk/src/rp2_common/hardware_gpio/gpio.c.obj
                0x0000000010000438                gpio_set_pulls
 .text.hw_claim_lock
                0x000000001000046c       0x18 CMakeFiles/i2c_bus_scan.dir/Users/calhound/VSARM/pico/pico-sdk/src/rp2_common/hardware_claim/claim.c.obj
                0x000000001000046c                hw_claim_lock
 .text.hw_claim_unlock
                0x0000000010000484       0x14 CMakeFiles/i2c_bus_scan.dir/Users/calhound/VSARM/pico/pico-sdk/src/rp2_common/hardware_claim/claim.c.obj
                0x0000000010000484                hw_claim_unlock
 .text.hw_claim_or_assert
                0x0000000010000498       0x32 CMakeFiles/i2c_bus_scan.dir/Users/calhound/VSARM/pico/pico-sdk/src/rp2_common/hardware_claim/claim.c.obj
                0x0000000010000498                hw_claim_or_assert
 .text.hw_claim_unused_from_range
                0x00000000100004ca       0x50 CMakeFiles/i2c_bus_scan.dir/Users/calhound/VSARM/pico/pico-sdk/src/rp2_common/hardware_claim/claim.c.obj
                0x00000000100004ca                hw_claim_unused_from_range
 *fill*         0x000000001000051a        0x2 
 .text.running_on_fpga
                0x000000001000051c       0x14 CMakeFiles/i2c_bus_scan.dir/Users/calhound/VSARM/pico/pico-sdk/src/rp2_common/pico_platform/platform.c.obj
                0x000000001000051c                running_on_fpga
 .text.spin_locks_reset
                0x0000000010000530       0x20 CMakeFiles/i2c_bus_scan.dir/Users/calhound/VSARM/pico/pico-sdk/src/rp2_common/hardware_sync/sync.c.obj
                0x0000000010000530                spin_locks_reset
 .text.next_striped_spin_lock_num
                0x0000000010000550       0x1c CMakeFiles/i2c_bus_scan.dir/Users/calhound/VSARM/pico/pico-sdk/src/rp2_common/hardware_sync/sync.c.obj
                0x0000000010000550                next_striped_spin_lock_num
 .text.spin_lock_claim_unused
                0x000000001000056c       0x20 CMakeFiles/i2c_bus_scan.dir/Users/calhound/VSARM/pico/pico-sdk/src/rp2_common/hardware_sync/sync.c.obj
                0x000000001000056c                spin_lock_claim_unused
 .text.alarm_pool_post_alloc_init
                0x000000001000058c       0x40 CMakeFiles/i2c_bus_scan.dir/Users/calhound/VSARM/pico/pico-sdk/src/common/pico_time/time.c.obj
 .text.sleep_until_callback
                0x00000000100005cc       0x30 CMakeFiles/i2c_bus_scan.dir/Users/calhound/VSARM/pico/pico-sdk/src/common/pico_time/time.c.obj
 .text.timer_pool_entry_comparator
                0x00000000100005fc       0x7c CMakeFiles/i2c_bus_scan.dir/Users/calhound/VSARM/pico/pico-sdk/src/common/pico_time/time.c.obj
                0x00000000100005fc                timer_pool_entry_comparator
 .text.ph_add_child_node
                0x0000000010000678       0xa4 CMakeFiles/i2c_bus_scan.dir/Users/calhound/VSARM/pico/pico-sdk/src/common/pico_time/time.c.obj
 .text.ph_merge_nodes
                0x000000001000071c       0x3e CMakeFiles/i2c_bus_scan.dir/Users/calhound/VSARM/pico/pico-sdk/src/common/pico_time/time.c.obj
 *fill*         0x000000001000075a        0x2 
 .text.add_alarm_under_lock
                0x000000001000075c      0x174 CMakeFiles/i2c_bus_scan.dir/Users/calhound/VSARM/pico/pico-sdk/src/common/pico_time/time.c.obj
 .text.alarm_pool_alarm_callback
                0x00000000100008d0      0x328 CMakeFiles/i2c_bus_scan.dir/Users/calhound/VSARM/pico/pico-sdk/src/common/pico_time/time.c.obj
 .text.alarm_pool_init_default
                0x0000000010000bf8       0x38 CMakeFiles/i2c_bus_scan.dir/Users/calhound/VSARM/pico/pico-sdk/src/common/pico_time/time.c.obj
                0x0000000010000bf8                alarm_pool_init_default
 .text.alarm_pool_get_default
                0x0000000010000c30       0x2c CMakeFiles/i2c_bus_scan.dir/Users/calhound/VSARM/pico/pico-sdk/src/common/pico_time/time.c.obj
                0x0000000010000c30                alarm_pool_get_default
 .text.alarm_pool_add_alarm_at
                0x0000000010000c5c      0x170 CMakeFiles/i2c_bus_scan.dir/Users/calhound/VSARM/pico/pico-sdk/src/common/pico_time/time.c.obj
                0x0000000010000c5c                alarm_pool_add_alarm_at
 .text.alarm_pool_cancel_alarm
                0x0000000010000dcc       0xec CMakeFiles/i2c_bus_scan.dir/Users/calhound/VSARM/pico/pico-sdk/src/common/pico_time/time.c.obj
                0x0000000010000dcc                alarm_pool_cancel_alarm
 .text.sleep_until
                0x0000000010000eb8       0xfc CMakeFiles/i2c_bus_scan.dir/Users/calhound/VSARM/pico/pico-sdk/src/common/pico_time/time.c.obj
                0x0000000010000eb8                sleep_until
 .text.sleep_us
                0x0000000010000fb4       0x58 CMakeFiles/i2c_bus_scan.dir/Users/calhound/VSARM/pico/pico-sdk/src/common/pico_time/time.c.obj
                0x0000000010000fb4                sleep_us
 .text.sleep_ms
                0x000000001000100c       0x14 CMakeFiles/i2c_bus_scan.dir/Users/calhound/VSARM/pico/pico-sdk/src/common/pico_time/time.c.obj
                0x000000001000100c                sleep_ms
 .text.best_effort_wfe_or_timeout
                0x0000000010001020       0x80 CMakeFiles/i2c_bus_scan.dir/Users/calhound/VSARM/pico/pico-sdk/src/common/pico_time/time.c.obj
                0x0000000010001020                best_effort_wfe_or_timeout
 .text.hardware_alarm_irq_handler
                0x00000000100010a0       0x8c CMakeFiles/i2c_bus_scan.dir/Users/calhound/VSARM/pico/pico-sdk/src/rp2_common/hardware_timer/timer.c.obj
 .text.hardware_alarm_claim
                0x000000001000112c       0x18 CMakeFiles/i2c_bus_scan.dir/Users/calhound/VSARM/pico/pico-sdk/src/rp2_common/hardware_timer/timer.c.obj
                0x000000001000112c                hardware_alarm_claim
 .text.time_us_64
                0x0000000010001144       0x18 CMakeFiles/i2c_bus_scan.dir/Users/calhound/VSARM/pico/pico-sdk/src/rp2_common/hardware_timer/timer.c.obj
                0x0000000010001144                time_us_64
 .text.busy_wait_until
                0x000000001000115c       0x28 CMakeFiles/i2c_bus_scan.dir/Users/calhound/VSARM/pico/pico-sdk/src/rp2_common/hardware_timer/timer.c.obj
                0x000000001000115c                busy_wait_until
 .text.hardware_alarm_set_callback
                0x0000000010001184       0x90 CMakeFiles/i2c_bus_scan.dir/Users/calhound/VSARM/pico/pico-sdk/src/rp2_common/hardware_timer/timer.c.obj
                0x0000000010001184                hardware_alarm_set_callback
 .text.hardware_alarm_set_target
                0x0000000010001214       0xe8 CMakeFiles/i2c_bus_scan.dir/Users/calhound/VSARM/pico/pico-sdk/src/rp2_common/hardware_timer/timer.c.obj
                0x0000000010001214                hardware_alarm_set_target
 .text.hardware_alarm_cancel
                0x00000000100012fc       0x40 CMakeFiles/i2c_bus_scan.dir/Users/calhound/VSARM/pico/pico-sdk/src/rp2_common/hardware_timer/timer.c.obj
                0x00000000100012fc                hardware_alarm_cancel
 .text.lock_init
                0x000000001000133c       0x10 CMakeFiles/i2c_bus_scan.dir/Users/calhound/VSARM/pico/pico-sdk/src/common/pico_sync/lock_core.c.obj
                0x000000001000133c                lock_init
 .text.mutex_init_internal
                0x000000001000134c       0x1e CMakeFiles/i2c_bus_scan.dir/Users/calhound/VSARM/pico/pico-sdk/src/common/pico_sync/mutex.c.obj
 .text.mutex_init
                0x000000001000136a        0xa CMakeFiles/i2c_bus_scan.dir/Users/calhound/VSARM/pico/pico-sdk/src/common/pico_sync/mutex.c.obj
                0x000000001000136a                mutex_init
 .text.recursive_mutex_init
                0x0000000010001374        0xa CMakeFiles/i2c_bus_scan.dir/Users/calhound/VSARM/pico/pico-sdk/src/common/pico_sync/mutex.c.obj
                0x0000000010001374                recursive_mutex_init
 *fill*         0x000000001000137e        0x2 
 .text.critical_section_init_with_lock_num
                0x0000000010001380       0x14 CMakeFiles/i2c_bus_scan.dir/Users/calhound/VSARM/pico/pico-sdk/src/common/pico_sync/critical_section.c.obj
                0x0000000010001380                critical_section_init_with_lock_num
 .text.critical_section_init
                0x0000000010001394       0x14 CMakeFiles/i2c_bus_scan.dir/Users/calhound/VSARM/pico/pico-sdk/src/common/pico_sync/critical_section.c.obj
                0x0000000010001394                critical_section_init
 .text.ph_add_child_node
                0x00000000100013a8       0xa4 CMakeFiles/i2c_bus_scan.dir/Users/calhound/VSARM/pico/pico-sdk/src/common/pico_util/pheap.c.obj
 .text.ph_merge_nodes
                0x000000001000144c       0x3e CMakeFiles/i2c_bus_scan.dir/Users/calhound/VSARM/pico/pico-sdk/src/common/pico_util/pheap.c.obj
 *fill*         0x000000001000148a        0x2 
 .text.ph_clear
                0x000000001000148c       0x70 CMakeFiles/i2c_bus_scan.dir/Users/calhound/VSARM/pico/pico-sdk/src/common/pico_util/pheap.c.obj
                0x000000001000148c                ph_clear
 .text.ph_post_alloc_init
                0x00000000100014fc        0xe CMakeFiles/i2c_bus_scan.dir/Users/calhound/VSARM/pico/pico-sdk/src/common/pico_util/pheap.c.obj
                0x00000000100014fc                ph_post_alloc_init
 *fill*         0x000000001000150a        0x2 
 .text.ph_merge_two_pass
                0x000000001000150c       0xa8 CMakeFiles/i2c_bus_scan.dir/Users/calhound/VSARM/pico/pico-sdk/src/common/pico_util/pheap.c.obj
                0x000000001000150c                ph_merge_two_pass
 .text.ph_remove_any_head
                0x00000000100015b4      0x108 CMakeFiles/i2c_bus_scan.dir/Users/calhound/VSARM/pico/pico-sdk/src/common/pico_util/pheap.c.obj
 .text.ph_remove_head
                0x00000000100016bc       0x14 CMakeFiles/i2c_bus_scan.dir/Users/calhound/VSARM/pico/pico-sdk/src/common/pico_util/pheap.c.obj
                0x00000000100016bc                ph_remove_head
 .text.ph_remove_and_free_node
                0x00000000100016d0       0xf8 CMakeFiles/i2c_bus_scan.dir/Users/calhound/VSARM/pico/pico-sdk/src/common/pico_util/pheap.c.obj
                0x00000000100016d0                ph_remove_and_free_node
 .text.runtime_init
                0x00000000100017c8       0xd8 CMakeFiles/i2c_bus_scan.dir/Users/calhound/VSARM/pico/pico-sdk/src/rp2_common/pico_runtime/runtime.c.obj
                0x00000000100017c8                runtime_init
 .text._exit    0x00000000100018a0        0x4 CMakeFiles/i2c_bus_scan.dir/Users/calhound/VSARM/pico/pico-sdk/src/rp2_common/pico_runtime/runtime.c.obj
                0x00000000100018a0                _exit
 .text.exit     0x00000000100018a4        0x6 CMakeFiles/i2c_bus_scan.dir/Users/calhound/VSARM/pico/pico-sdk/src/rp2_common/pico_runtime/runtime.c.obj
                0x00000000100018a4                exit
 *fill*         0x00000000100018aa        0x2 
 .text.__assert_func
                0x00000000100018ac       0x3c CMakeFiles/i2c_bus_scan.dir/Users/calhound/VSARM/pico/pico-sdk/src/rp2_common/pico_runtime/runtime.c.obj
                0x00000000100018ac                __assert_func
 .text.panic    0x00000000100018e8       0x30 CMakeFiles/i2c_bus_scan.dir/Users/calhound/VSARM/pico/pico-sdk/src/rp2_common/pico_runtime/runtime.c.obj
                0x00000000100018e8                panic
 .text.clock_configure
                0x0000000010001918      0x104 CMakeFiles/i2c_bus_scan.dir/Users/calhound/VSARM/pico/pico-sdk/src/rp2_common/hardware_clocks/clocks.c.obj
                0x0000000010001918                clock_configure
 .text.clocks_init
                0x0000000010001a1c      0x100 CMakeFiles/i2c_bus_scan.dir/Users/calhound/VSARM/pico/pico-sdk/src/rp2_common/hardware_clocks/clocks.c.obj
                0x0000000010001a1c                clocks_init
 .text.clock_get_hz
                0x0000000010001b1c        0xc CMakeFiles/i2c_bus_scan.dir/Users/calhound/VSARM/pico/pico-sdk/src/rp2_common/hardware_clocks/clocks.c.obj
                0x0000000010001b1c                clock_get_hz
 .text.set_raw_irq_handler_and_unlock
                0x0000000010001b28       0x28 CMakeFiles/i2c_bus_scan.dir/Users/calhound/VSARM/pico/pico-sdk/src/rp2_common/hardware_irq/irq.c.obj
 .text.make_branch
                0x0000000010001b50       0x34 CMakeFiles/i2c_bus_scan.dir/Users/calhound/VSARM/pico/pico-sdk/src/rp2_common/hardware_irq/irq.c.obj
 .text.insert_branch_and_link
                0x0000000010001b84       0x40 CMakeFiles/i2c_bus_scan.dir/Users/calhound/VSARM/pico/pico-sdk/src/rp2_common/hardware_irq/irq.c.obj
 .text.irq_is_enabled
                0x0000000010001bc4       0x18 CMakeFiles/i2c_bus_scan.dir/Users/calhound/VSARM/pico/pico-sdk/src/rp2_common/hardware_irq/irq.c.obj
                0x0000000010001bc4                irq_is_enabled
 .text.irq_set_mask_enabled
                0x0000000010001bdc       0x20 CMakeFiles/i2c_bus_scan.dir/Users/calhound/VSARM/pico/pico-sdk/src/rp2_common/hardware_irq/irq.c.obj
                0x0000000010001bdc                irq_set_mask_enabled
 .text.irq_set_enabled
                0x0000000010001bfc        0xe CMakeFiles/i2c_bus_scan.dir/Users/calhound/VSARM/pico/pico-sdk/src/rp2_common/hardware_irq/irq.c.obj
                0x0000000010001bfc                irq_set_enabled
 *fill*         0x0000000010001c0a        0x2 
 .text.irq_set_pending
                0x0000000010001c0c       0x10 CMakeFiles/i2c_bus_scan.dir/Users/calhound/VSARM/pico/pico-sdk/src/rp2_common/hardware_irq/irq.c.obj
                0x0000000010001c0c                irq_set_pending
 .text.irq_get_vtable_handler
                0x0000000010001c1c       0x10 CMakeFiles/i2c_bus_scan.dir/Users/calhound/VSARM/pico/pico-sdk/src/rp2_common/hardware_irq/irq.c.obj
                0x0000000010001c1c                irq_get_vtable_handler
 .text.irq_set_exclusive_handler
                0x0000000010001c2c       0x54 CMakeFiles/i2c_bus_scan.dir/Users/calhound/VSARM/pico/pico-sdk/src/rp2_common/hardware_irq/irq.c.obj
                0x0000000010001c2c                irq_set_exclusive_handler
 .text.irq_remove_handler
                0x0000000010001c80      0x1ac CMakeFiles/i2c_bus_scan.dir/Users/calhound/VSARM/pico/pico-sdk/src/rp2_common/hardware_irq/irq.c.obj
                0x0000000010001c80                irq_remove_handler
 .text.irq_set_priority
                0x0000000010001e2c       0x28 CMakeFiles/i2c_bus_scan.dir/Users/calhound/VSARM/pico/pico-sdk/src/rp2_common/hardware_irq/irq.c.obj
                0x0000000010001e2c                irq_set_priority
 .text.irq_add_tail_to_free_list
                0x0000000010001e54       0xf0 CMakeFiles/i2c_bus_scan.dir/Users/calhound/VSARM/pico/pico-sdk/src/rp2_common/hardware_irq/irq.c.obj
                0x0000000010001e54                irq_add_tail_to_free_list
 .text.irq_init_priorities
                0x0000000010001f44       0x16 CMakeFiles/i2c_bus_scan.dir/Users/calhound/VSARM/pico/pico-sdk/src/rp2_common/hardware_irq/irq.c.obj
                0x0000000010001f44                irq_init_priorities
 *fill*         0x0000000010001f5a        0x2 
 .text.pll_init
                0x0000000010001f5c      0x118 CMakeFiles/i2c_bus_scan.dir/Users/calhound/VSARM/pico/pico-sdk/src/rp2_common/hardware_pll/pll.c.obj
                0x0000000010001f5c                pll_init
 .text.watchdog_start_tick
                0x0000000010002074       0x10 CMakeFiles/i2c_bus_scan.dir/Users/calhound/VSARM/pico/pico-sdk/src/rp2_common/hardware_watchdog/watchdog.c.obj
                0x0000000010002074                watchdog_start_tick
 .text.watchdog_update
                0x0000000010002084       0x14 CMakeFiles/i2c_bus_scan.dir/Users/calhound/VSARM/pico/pico-sdk/src/rp2_common/hardware_watchdog/watchdog.c.obj
                0x0000000010002084                watchdog_update
 .text._watchdog_enable
                0x0000000010002098       0x70 CMakeFiles/i2c_bus_scan.dir/Users/calhound/VSARM/pico/pico-sdk/src/rp2_common/hardware_watchdog/watchdog.c.obj
                0x0000000010002098                _watchdog_enable
 .text.watchdog_reboot
                0x0000000010002108       0x48 CMakeFiles/i2c_bus_scan.dir/Users/calhound/VSARM/pico/pico-sdk/src/rp2_common/hardware_watchdog/watchdog.c.obj
                0x0000000010002108                watchdog_reboot
 .text.xosc_init
                0x0000000010002150       0x28 CMakeFiles/i2c_bus_scan.dir/Users/calhound/VSARM/pico/pico-sdk/src/rp2_common/hardware_xosc/xosc.c.obj
                0x0000000010002150                xosc_init
 .text._out_null
                0x0000000010002178        0x2 CMakeFiles/i2c_bus_scan.dir/Users/calhound/VSARM/pico/pico-sdk/src/rp2_common/pico_printf/printf.c.obj
 .text._out_fct
                0x000000001000217a        0xe CMakeFiles/i2c_bus_scan.dir/Users/calhound/VSARM/pico/pico-sdk/src/rp2_common/pico_printf/printf.c.obj
 .text._atoi    0x0000000010002188       0x24 CMakeFiles/i2c_bus_scan.dir/Users/calhound/VSARM/pico/pico-sdk/src/rp2_common/pico_printf/printf.c.obj
 .text._out_rev
                0x00000000100021ac       0xae CMakeFiles/i2c_bus_scan.dir/Users/calhound/VSARM/pico/pico-sdk/src/rp2_common/pico_printf/printf.c.obj
 .text._ntoa_format
                0x000000001000225a      0x112 CMakeFiles/i2c_bus_scan.dir/Users/calhound/VSARM/pico/pico-sdk/src/rp2_common/pico_printf/printf.c.obj
 .text._ntoa_long
                0x000000001000236c       0xbc CMakeFiles/i2c_bus_scan.dir/Users/calhound/VSARM/pico/pico-sdk/src/rp2_common/pico_printf/printf.c.obj
 .text._ntoa_long_long
                0x0000000010002428       0xe2 CMakeFiles/i2c_bus_scan.dir/Users/calhound/VSARM/pico/pico-sdk/src/rp2_common/pico_printf/printf.c.obj
 *fill*         0x000000001000250a        0x2 
 .text._etoa    0x000000001000250c      0x414 CMakeFiles/i2c_bus_scan.dir/Users/calhound/VSARM/pico/pico-sdk/src/rp2_common/pico_printf/printf.c.obj
 .text._ftoa    0x0000000010002920      0x354 CMakeFiles/i2c_bus_scan.dir/Users/calhound/VSARM/pico/pico-sdk/src/rp2_common/pico_printf/printf.c.obj
 .text._vsnprintf
                0x0000000010002c74      0x624 CMakeFiles/i2c_bus_scan.dir/Users/calhound/VSARM/pico/pico-sdk/src/rp2_common/pico_printf/printf.c.obj
 .text.vfctprintf
                0x0000000010003298       0x20 CMakeFiles/i2c_bus_scan.dir/Users/calhound/VSARM/pico/pico-sdk/src/rp2_common/pico_printf/printf.c.obj
                0x0000000010003298                vfctprintf
 .text          0x00000000100032b8       0x10 CMakeFiles/i2c_bus_scan.dir/Users/calhound/VSARM/pico/pico-sdk/src/rp2_common/pico_bit_ops/bit_ops_aeabi.S.obj
 .text.rom_func_lookup
                0x00000000100032c8       0x10 CMakeFiles/i2c_bus_scan.dir/Users/calhound/VSARM/pico/pico-sdk/src/rp2_common/pico_bootrom/bootrom.c.obj
                0x00000000100032c8                rom_func_lookup
 .text.rom_data_lookup
                0x00000000100032d8       0x10 CMakeFiles/i2c_bus_scan.dir/Users/calhound/VSARM/pico/pico-sdk/src/rp2_common/pico_bootrom/bootrom.c.obj
                0x00000000100032d8                rom_data_lookup
 .text.rom_funcs_lookup
                0x00000000100032e8       0x36 CMakeFiles/i2c_bus_scan.dir/Users/calhound/VSARM/pico/pico-sdk/src/rp2_common/pico_bootrom/bootrom.c.obj
                0x00000000100032e8                rom_funcs_lookup
 *fill*         0x000000001000331e        0x2 
 .text.__wrap___aeabi_idiv
                0x0000000010003320       0x50 CMakeFiles/i2c_bus_scan.dir/Users/calhound/VSARM/pico/pico-sdk/src/rp2_common/pico_divider/divider.S.obj
                0x0000000010003320                __wrap___aeabi_idivmod
                0x0000000010003320                divmod_s32s32
                0x0000000010003320                div_s32s32
                0x0000000010003320                __wrap___aeabi_idiv
                0x0000000010003328                divmod_s32s32_unsafe
                0x0000000010003354                divmod_s32s32_savestate
 .text.__wrap___aeabi_uidiv
                0x0000000010003370       0x4c CMakeFiles/i2c_bus_scan.dir/Users/calhound/VSARM/pico/pico-sdk/src/rp2_common/pico_divider/divider.S.obj
                0x0000000010003370                __wrap___aeabi_uidiv
                0x0000000010003370                __wrap___aeabi_uidivmod
                0x0000000010003370                div_u32u32
                0x0000000010003370                divmod_u32u32
                0x0000000010003378                divmod_u32u32_unsafe
                0x00000000100033a0                divmod_u32u32_savestate
 .text.__wrap___aeabi_ldiv
                0x00000000100033bc      0x430 CMakeFiles/i2c_bus_scan.dir/Users/calhound/VSARM/pico/pico-sdk/src/rp2_common/pico_divider/divider.S.obj
                0x00000000100033bc                __wrap___aeabi_ldivmod
                0x00000000100033bc                div_s64s64
                0x00000000100033bc                divmod_s64s64
                0x00000000100033f4                divmod_u64u64
                0x00000000100033f4                div_u64u64
                0x00000000100033f4                __wrap___aeabi_uldivmod
                0x0000000010003404                divmod_u64u64_savestate
                0x000000001000342c                divmod_s64s64_unsafe
                0x00000000100034b4                divmod_u64u64_unsafe
 .text.__wrap___aeabi_darithmetic
                0x00000000100037ec       0x80 CMakeFiles/i2c_bus_scan.dir/Users/calhound/VSARM/pico/pico-sdk/src/rp2_common/pico_double/double_aeabi.S.obj
                0x00000000100037ec                __wrap___aeabi_drsub
                0x00000000100037f2                __wrap___aeabi_dsub
                0x0000000010003804                __wrap___aeabi_dadd
                0x0000000010003816                __wrap___aeabi_ddiv
                0x0000000010003852                __wrap___aeabi_dmul
 .text.__wrap___aeabi_cdcmple
                0x000000001000386c       0x6c CMakeFiles/i2c_bus_scan.dir/Users/calhound/VSARM/pico/pico-sdk/src/rp2_common/pico_double/double_aeabi.S.obj
                0x000000001000386c                __wrap___aeabi_cdrcmple
                0x000000001000387c                __wrap___aeabi_cdcmple
                0x000000001000387c                __wrap___aeabi_cdcmpeq
 .text.__wrap___aeabi_dcmplt
                0x00000000100038d8        0xc CMakeFiles/i2c_bus_scan.dir/Users/calhound/VSARM/pico/pico-sdk/src/rp2_common/pico_double/double_aeabi.S.obj
                0x00000000100038d8                __wrap___aeabi_dcmplt
 .text.__wrap___aeabi_dcmple
                0x00000000100038e4       0x10 CMakeFiles/i2c_bus_scan.dir/Users/calhound/VSARM/pico/pico-sdk/src/rp2_common/pico_double/double_aeabi.S.obj
                0x00000000100038e4                __wrap___aeabi_dcmple
 .text.__wrap___aeabi_dcmpge
                0x00000000100038f4       0x10 CMakeFiles/i2c_bus_scan.dir/Users/calhound/VSARM/pico/pico-sdk/src/rp2_common/pico_double/double_aeabi.S.obj
                0x00000000100038f4                __wrap___aeabi_dcmpge
 .text.__wrap___aeabi_dcmpgt
                0x0000000010003904        0xa CMakeFiles/i2c_bus_scan.dir/Users/calhound/VSARM/pico/pico-sdk/src/rp2_common/pico_double/double_aeabi.S.obj
                0x0000000010003904                __wrap___aeabi_dcmpgt
 .text.__wrap___aeabi_dcmpun
                0x000000001000390e       0x1c CMakeFiles/i2c_bus_scan.dir/Users/calhound/VSARM/pico/pico-sdk/src/rp2_common/pico_double/double_aeabi.S.obj
                0x000000001000390e                __wrap___aeabi_dcmpun
 *fill*         0x000000001000392a        0x2 
 .text.__wrap___aeabi_i2d
                0x000000001000392c       0x38 CMakeFiles/i2c_bus_scan.dir/Users/calhound/VSARM/pico/pico-sdk/src/rp2_common/pico_double/double_aeabi.S.obj
                0x000000001000392c                __wrap___aeabi_ui2d
                0x0000000010003934                __wrap___aeabi_i2d
 .text.__wrap___aeabi_d2iz
                0x0000000010003964       0x48 CMakeFiles/i2c_bus_scan.dir/Users/calhound/VSARM/pico/pico-sdk/src/rp2_common/pico_double/double_aeabi.S.obj
                0x0000000010003964                __wrap___aeabi_d2iz
                0x0000000010003964                double2int_z
 .text.__wrap___aeabi_d2uiz
                0x00000000100039ac       0x18 CMakeFiles/i2c_bus_scan.dir/Users/calhound/VSARM/pico/pico-sdk/src/rp2_common/pico_double/double_aeabi.S.obj
                0x00000000100039ac                double2uint
                0x00000000100039ac                __wrap___aeabi_d2uiz
 .text.__aeabi_double_init
                0x00000000100039c4       0xb8 CMakeFiles/i2c_bus_scan.dir/Users/calhound/VSARM/pico/pico-sdk/src/rp2_common/pico_double/double_init_rom.c.obj
                0x00000000100039c4                __aeabi_double_init
 .text.double_table_shim_on_use_helper
                0x0000000010003a7c       0x34 CMakeFiles/i2c_bus_scan.dir/Users/calhound/VSARM/pico/pico-sdk/src/rp2_common/pico_double/double_v1_rom_shim.S.obj
                0x0000000010003a7c                double_table_shim_on_use_helper
 .text.__wrap___aeabi_dsub
                0x0000000010003ab0       0x10 CMakeFiles/i2c_bus_scan.dir/Users/calhound/VSARM/pico/pico-sdk/src/rp2_common/pico_double/double_v1_rom_shim.S.obj
                0x0000000010003ab0                drsub_shim
                0x0000000010003ab6                dsub_shim
 .text.dadd_shim
                0x0000000010003ac0      0x15c CMakeFiles/i2c_bus_scan.dir/Users/calhound/VSARM/pico/pico-sdk/src/rp2_common/pico_double/double_v1_rom_shim.S.obj
                0x0000000010003ac0                dadd_shim
 .text.dmul_shim
                0x0000000010003c1c      0x15c CMakeFiles/i2c_bus_scan.dir/Users/calhound/VSARM/pico/pico-sdk/src/rp2_common/pico_double/double_v1_rom_shim.S.obj
                0x0000000010003c1c                dmul_shim
 .text.ddiv_shim
                0x0000000010003d78      0x1b0 CMakeFiles/i2c_bus_scan.dir/Users/calhound/VSARM/pico/pico-sdk/src/rp2_common/pico_double/double_v1_rom_shim.S.obj
                0x0000000010003d78                ddiv_shim
 .text.dcordic_rot_step
                0x0000000010003f28       0x7c CMakeFiles/i2c_bus_scan.dir/Users/calhound/VSARM/pico/pico-sdk/src/rp2_common/pico_double/double_v1_rom_shim.S.obj
                0x0000000010003f28                dcordic_rot_step
 .text.double2uint_shim
                0x0000000010003fa4        0xe CMakeFiles/i2c_bus_scan.dir/Users/calhound/VSARM/pico/pico-sdk/src/rp2_common/pico_double/double_v1_rom_shim.S.obj
                0x0000000010003fa4                double2uint_shim
                0x0000000010003fa6                double2ufix_shim
 *fill*         0x0000000010003fb2        0x2 
 .text.double2uint64_shim
                0x0000000010003fb4       0x6c CMakeFiles/i2c_bus_scan.dir/Users/calhound/VSARM/pico/pico-sdk/src/rp2_common/pico_double/double_v1_rom_shim.S.obj
                0x0000000010003fb4                double2uint64_shim
                0x0000000010003fb6                double2ufix64_shim
                0x0000000010003fd0                d2fix_a
 .text.dunpacks
                0x0000000010004020       0x3c CMakeFiles/i2c_bus_scan.dir/Users/calhound/VSARM/pico/pico-sdk/src/rp2_common/pico_double/double_v1_rom_shim.S.obj
                0x0000000010004020                dunpacks
 .text.__aeabi_lmul
                0x000000001000405c       0x32 CMakeFiles/i2c_bus_scan.dir/Users/calhound/VSARM/pico/pico-sdk/src/rp2_common/pico_int64_ops/pico_int64_ops_aeabi.S.obj
                0x000000001000405c                __wrap___aeabi_lmul
 *fill*         0x000000001000408e        0x2 
 .text.__aeabi_float_init
                0x0000000010004090       0xfc CMakeFiles/i2c_bus_scan.dir/Users/calhound/VSARM/pico/pico-sdk/src/rp2_common/pico_float/float_init_rom.c.obj
                0x0000000010004090                __aeabi_float_init
 .text.float_table_shim_on_use_helper
                0x000000001000418c       0x34 CMakeFiles/i2c_bus_scan.dir/Users/calhound/VSARM/pico/pico-sdk/src/rp2_common/pico_float/float_v1_rom_shim.S.obj
                0x000000001000418c                float_table_shim_on_use_helper
 .text          0x00000000100041c0       0x10 CMakeFiles/i2c_bus_scan.dir/Users/calhound/VSARM/pico/pico-sdk/src/rp2_common/pico_mem_ops/mem_ops_aeabi.S.obj
                0x00000000100041c0                __aeabi_mem_init
 .text.memset   0x00000000100041d0        0xc CMakeFiles/i2c_bus_scan.dir/Users/calhound/VSARM/pico/pico-sdk/src/rp2_common/pico_mem_ops/mem_ops_aeabi.S.obj
                0x00000000100041d0                __wrap_memset
 .text.memcpy   0x00000000100041dc        0xc CMakeFiles/i2c_bus_scan.dir/Users/calhound/VSARM/pico/pico-sdk/src/rp2_common/pico_mem_ops/mem_ops_aeabi.S.obj
                0x00000000100041dc                __wrap___aeabi_memcpy
                0x00000000100041dc                __wrap_memcpy
 .text.stdio_out_chars_crlf
                0x00000000100041e8       0x80 CMakeFiles/i2c_bus_scan.dir/Users/calhound/VSARM/pico/pico-sdk/src/rp2_common/pico_stdio/stdio.c.obj
 .text.stdio_stack_buffer_flush
                0x0000000010004268       0x44 CMakeFiles/i2c_bus_scan.dir/Users/calhound/VSARM/pico/pico-sdk/src/rp2_common/pico_stdio/stdio.c.obj
 .text.stdio_buffered_printer
                0x00000000100042ac       0x20 CMakeFiles/i2c_bus_scan.dir/Users/calhound/VSARM/pico/pico-sdk/src/rp2_common/pico_stdio/stdio.c.obj
 .text.stdout_serialize_begin
                0x00000000100042cc       0x30 CMakeFiles/i2c_bus_scan.dir/Users/calhound/VSARM/pico/pico-sdk/src/rp2_common/pico_stdio/stdio.c.obj
                0x00000000100042cc                stdout_serialize_begin
 .text.stdout_serialize_end
                0x00000000100042fc       0x10 CMakeFiles/i2c_bus_scan.dir/Users/calhound/VSARM/pico/pico-sdk/src/rp2_common/pico_stdio/stdio.c.obj
                0x00000000100042fc                stdout_serialize_end
 .text.stdio_put_string
                0x000000001000430c       0x84 CMakeFiles/i2c_bus_scan.dir/Users/calhound/VSARM/pico/pico-sdk/src/rp2_common/pico_stdio/stdio.c.obj
 .text.stdio_set_driver_enabled
                0x0000000010004390       0x38 CMakeFiles/i2c_bus_scan.dir/Users/calhound/VSARM/pico/pico-sdk/src/rp2_common/pico_stdio/stdio.c.obj
                0x0000000010004390                stdio_set_driver_enabled
 .text.stdio_flush
                0x00000000100043c8       0x20 CMakeFiles/i2c_bus_scan.dir/Users/calhound/VSARM/pico/pico-sdk/src/rp2_common/pico_stdio/stdio.c.obj
                0x00000000100043c8                stdio_flush
 .text.__wrap_puts
                0x00000000100043e8       0x1c CMakeFiles/i2c_bus_scan.dir/Users/calhound/VSARM/pico/pico-sdk/src/rp2_common/pico_stdio/stdio.c.obj
                0x00000000100043e8                __wrap_puts
 .text.__wrap_vprintf
                0x0000000010004404       0x44 CMakeFiles/i2c_bus_scan.dir/Users/calhound/VSARM/pico/pico-sdk/src/rp2_common/pico_stdio/stdio.c.obj
                0x0000000010004404                __wrap_vprintf
 .text.__wrap_printf
                0x0000000010004448       0x18 CMakeFiles/i2c_bus_scan.dir/Users/calhound/VSARM/pico/pico-sdk/src/rp2_common/pico_stdio/stdio.c.obj
                0x0000000010004448                __wrap_printf
 .text.stdio_init_all
                0x0000000010004460        0x8 CMakeFiles/i2c_bus_scan.dir/Users/calhound/VSARM/pico/pico-sdk/src/rp2_common/pico_stdio/stdio.c.obj
                0x0000000010004460                stdio_init_all
 .text.resetd_init
                0x0000000010004468        0x2 CMakeFiles/i2c_bus_scan.dir/Users/calhound/VSARM/pico/pico-sdk/src/rp2_common/pico_stdio_usb/reset_interface.c.obj
 *fill*         0x000000001000446a        0x2 
 .text.resetd_reset
                0x000000001000446c        0xc CMakeFiles/i2c_bus_scan.dir/Users/calhound/VSARM/pico/pico-sdk/src/rp2_common/pico_stdio_usb/reset_interface.c.obj
 .text.resetd_open
                0x0000000010004478       0x34 CMakeFiles/i2c_bus_scan.dir/Users/calhound/VSARM/pico/pico-sdk/src/rp2_common/pico_stdio_usb/reset_interface.c.obj
 .text.resetd_xfer_cb
                0x00000000100044ac        0x4 CMakeFiles/i2c_bus_scan.dir/Users/calhound/VSARM/pico/pico-sdk/src/rp2_common/pico_stdio_usb/reset_interface.c.obj
 .text.reset_usb_boot
                0x00000000100044b0       0x18 CMakeFiles/i2c_bus_scan.dir/Users/calhound/VSARM/pico/pico-sdk/src/rp2_common/pico_stdio_usb/reset_interface.c.obj
 .text.resetd_control_xfer_cb
                0x00000000100044c8       0x5c CMakeFiles/i2c_bus_scan.dir/Users/calhound/VSARM/pico/pico-sdk/src/rp2_common/pico_stdio_usb/reset_interface.c.obj
 .text.usbd_app_driver_get_cb
                0x0000000010004524        0xc CMakeFiles/i2c_bus_scan.dir/Users/calhound/VSARM/pico/pico-sdk/src/rp2_common/pico_stdio_usb/reset_interface.c.obj
                0x0000000010004524                usbd_app_driver_get_cb
 .text.tud_cdc_line_coding_cb
                0x0000000010004530       0x28 CMakeFiles/i2c_bus_scan.dir/Users/calhound/VSARM/pico/pico-sdk/src/rp2_common/pico_stdio_usb/reset_interface.c.obj
                0x0000000010004530                tud_cdc_line_coding_cb
 .text.stdio_usb_in_chars
                0x0000000010004558       0x70 CMakeFiles/i2c_bus_scan.dir/Users/calhound/VSARM/pico/pico-sdk/src/rp2_common/pico_stdio_usb/stdio_usb.c.obj
                0x0000000010004558                stdio_usb_in_chars
 .text.low_priority_worker_irq
                0x00000000100045c8       0x20 CMakeFiles/i2c_bus_scan.dir/Users/calhound/VSARM/pico/pico-sdk/src/rp2_common/pico_stdio_usb/stdio_usb.c.obj
 .text.stdio_usb_out_chars
                0x00000000100045e8       0xd4 CMakeFiles/i2c_bus_scan.dir/Users/calhound/VSARM/pico/pico-sdk/src/rp2_common/pico_stdio_usb/stdio_usb.c.obj
 .text.timer_task
                0x00000000100046bc       0x10 CMakeFiles/i2c_bus_scan.dir/Users/calhound/VSARM/pico/pico-sdk/src/rp2_common/pico_stdio_usb/stdio_usb.c.obj
 .text.stdio_usb_init
                0x00000000100046cc       0xb8 CMakeFiles/i2c_bus_scan.dir/Users/calhound/VSARM/pico/pico-sdk/src/rp2_common/pico_stdio_usb/stdio_usb.c.obj
                0x00000000100046cc                stdio_usb_init
 .text.tud_descriptor_device_cb
                0x0000000010004784        0x8 CMakeFiles/i2c_bus_scan.dir/Users/calhound/VSARM/pico/pico-sdk/src/rp2_common/pico_stdio_usb/stdio_usb_descriptors.c.obj
                0x0000000010004784                tud_descriptor_device_cb
 .text.tud_descriptor_configuration_cb
                0x000000001000478c        0x8 CMakeFiles/i2c_bus_scan.dir/Users/calhound/VSARM/pico/pico-sdk/src/rp2_common/pico_stdio_usb/stdio_usb_descriptors.c.obj
                0x000000001000478c                tud_descriptor_configuration_cb
 .text.tud_descriptor_string_cb
                0x0000000010004794       0x68 CMakeFiles/i2c_bus_scan.dir/Users/calhound/VSARM/pico/pico-sdk/src/rp2_common/pico_stdio_usb/stdio_usb_descriptors.c.obj
                0x0000000010004794                tud_descriptor_string_cb
 .text.hw_endpoint_get_by_addr
                0x00000000100047fc       0x18 CMakeFiles/i2c_bus_scan.dir/Users/calhound/VSARM/pico/pico-sdk/lib/tinyusb/src/portable/raspberrypi/rp2040/dcd_rp2040.c.obj
 .text.reset_ep0
                0x0000000010004814       0x2c CMakeFiles/i2c_bus_scan.dir/Users/calhound/VSARM/pico/pico-sdk/lib/tinyusb/src/portable/raspberrypi/rp2040/dcd_rp2040.c.obj
 .text._hw_endpoint_alloc
                0x0000000010004840       0x80 CMakeFiles/i2c_bus_scan.dir/Users/calhound/VSARM/pico/pico-sdk/lib/tinyusb/src/portable/raspberrypi/rp2040/dcd_rp2040.c.obj
 .text._hw_endpoint_init
                0x00000000100048c0       0xbc CMakeFiles/i2c_bus_scan.dir/Users/calhound/VSARM/pico/pico-sdk/lib/tinyusb/src/portable/raspberrypi/rp2040/dcd_rp2040.c.obj
 .text.hw_endpoint_init
                0x000000001000497c       0x18 CMakeFiles/i2c_bus_scan.dir/Users/calhound/VSARM/pico/pico-sdk/lib/tinyusb/src/portable/raspberrypi/rp2040/dcd_rp2040.c.obj
 .text.hw_handle_buff_status
                0x0000000010004994       0xb4 CMakeFiles/i2c_bus_scan.dir/Users/calhound/VSARM/pico/pico-sdk/lib/tinyusb/src/portable/raspberrypi/rp2040/dcd_rp2040.c.obj
 .text.dcd_rp2040_irq
                0x0000000010004a48       0xa8 CMakeFiles/i2c_bus_scan.dir/Users/calhound/VSARM/pico/pico-sdk/lib/tinyusb/src/portable/raspberrypi/rp2040/dcd_rp2040.c.obj
 .text.hw_endpoint_xfer
                0x0000000010004af0       0x18 CMakeFiles/i2c_bus_scan.dir/Users/calhound/VSARM/pico/pico-sdk/lib/tinyusb/src/portable/raspberrypi/rp2040/dcd_rp2040.c.obj
 .text.ep0_0len_status
                0x0000000010004b08       0x14 CMakeFiles/i2c_bus_scan.dir/Users/calhound/VSARM/pico/pico-sdk/lib/tinyusb/src/portable/raspberrypi/rp2040/dcd_rp2040.c.obj
 .text._hw_endpoint_stall
                0x0000000010004b1c       0x54 CMakeFiles/i2c_bus_scan.dir/Users/calhound/VSARM/pico/pico-sdk/lib/tinyusb/src/portable/raspberrypi/rp2040/dcd_rp2040.c.obj
 .text.hw_endpoint_stall
                0x0000000010004b70        0xc CMakeFiles/i2c_bus_scan.dir/Users/calhound/VSARM/pico/pico-sdk/lib/tinyusb/src/portable/raspberrypi/rp2040/dcd_rp2040.c.obj
 .text._hw_endpoint_clear_stall
                0x0000000010004b7c       0x34 CMakeFiles/i2c_bus_scan.dir/Users/calhound/VSARM/pico/pico-sdk/lib/tinyusb/src/portable/raspberrypi/rp2040/dcd_rp2040.c.obj
 .text.hw_endpoint_clear_stall
                0x0000000010004bb0        0xc CMakeFiles/i2c_bus_scan.dir/Users/calhound/VSARM/pico/pico-sdk/lib/tinyusb/src/portable/raspberrypi/rp2040/dcd_rp2040.c.obj
 .text.dcd_int_enable
                0x0000000010004bbc       0x2c CMakeFiles/i2c_bus_scan.dir/Users/calhound/VSARM/pico/pico-sdk/lib/tinyusb/src/portable/raspberrypi/rp2040/dcd_rp2040.c.obj
                0x0000000010004bbc                dcd_int_enable
 .text.dcd_set_address
                0x0000000010004be8       0x28 CMakeFiles/i2c_bus_scan.dir/Users/calhound/VSARM/pico/pico-sdk/lib/tinyusb/src/portable/raspberrypi/rp2040/dcd_rp2040.c.obj
                0x0000000010004be8                dcd_set_address
 .text.dcd_connect
                0x0000000010004c10       0x30 CMakeFiles/i2c_bus_scan.dir/Users/calhound/VSARM/pico/pico-sdk/lib/tinyusb/src/portable/raspberrypi/rp2040/dcd_rp2040.c.obj
                0x0000000010004c10                dcd_connect
 .text.dcd_init
                0x0000000010004c40       0x84 CMakeFiles/i2c_bus_scan.dir/Users/calhound/VSARM/pico/pico-sdk/lib/tinyusb/src/portable/raspberrypi/rp2040/dcd_rp2040.c.obj
                0x0000000010004c40                dcd_init
 .text.dcd_edpt0_status_complete
                0x0000000010004cc4       0x40 CMakeFiles/i2c_bus_scan.dir/Users/calhound/VSARM/pico/pico-sdk/lib/tinyusb/src/portable/raspberrypi/rp2040/dcd_rp2040.c.obj
                0x0000000010004cc4                dcd_edpt0_status_complete
 .text.dcd_edpt_open
                0x0000000010004d04       0x40 CMakeFiles/i2c_bus_scan.dir/Users/calhound/VSARM/pico/pico-sdk/lib/tinyusb/src/portable/raspberrypi/rp2040/dcd_rp2040.c.obj
                0x0000000010004d04                dcd_edpt_open
 .text.dcd_edpt_xfer
                0x0000000010004d44       0x34 CMakeFiles/i2c_bus_scan.dir/Users/calhound/VSARM/pico/pico-sdk/lib/tinyusb/src/portable/raspberrypi/rp2040/dcd_rp2040.c.obj
                0x0000000010004d44                dcd_edpt_xfer
 .text.dcd_edpt_stall
                0x0000000010004d78       0x28 CMakeFiles/i2c_bus_scan.dir/Users/calhound/VSARM/pico/pico-sdk/lib/tinyusb/src/portable/raspberrypi/rp2040/dcd_rp2040.c.obj
                0x0000000010004d78                dcd_edpt_stall
 .text.dcd_edpt_clear_stall
                0x0000000010004da0       0x2c CMakeFiles/i2c_bus_scan.dir/Users/calhound/VSARM/pico/pico-sdk/lib/tinyusb/src/portable/raspberrypi/rp2040/dcd_rp2040.c.obj
                0x0000000010004da0                dcd_edpt_clear_stall
 .text.rp2040_usb_init
                0x0000000010004dcc       0x50 CMakeFiles/i2c_bus_scan.dir/Users/calhound/VSARM/pico/pico-sdk/lib/tinyusb/src/portable/raspberrypi/rp2040/rp2040_usb.c.obj
                0x0000000010004dcc                rp2040_usb_init
 .text.hw_endpoint_reset_transfer
                0x0000000010004e1c       0x10 CMakeFiles/i2c_bus_scan.dir/Users/calhound/VSARM/pico/pico-sdk/lib/tinyusb/src/portable/raspberrypi/rp2040/rp2040_usb.c.obj
                0x0000000010004e1c                hw_endpoint_reset_transfer
 .text._hw_endpoint_buffer_control_update32
                0x0000000010004e2c       0x58 CMakeFiles/i2c_bus_scan.dir/Users/calhound/VSARM/pico/pico-sdk/lib/tinyusb/src/portable/raspberrypi/rp2040/rp2040_usb.c.obj
                0x0000000010004e2c                _hw_endpoint_buffer_control_update32
 .text._hw_endpoint_start_next_buffer
                0x0000000010004e84       0x50 CMakeFiles/i2c_bus_scan.dir/Users/calhound/VSARM/pico/pico-sdk/lib/tinyusb/src/portable/raspberrypi/rp2040/rp2040_usb.c.obj
                0x0000000010004e84                _hw_endpoint_start_next_buffer
 .text._hw_endpoint_xfer_start
                0x0000000010004ed4       0x3e CMakeFiles/i2c_bus_scan.dir/Users/calhound/VSARM/pico/pico-sdk/lib/tinyusb/src/portable/raspberrypi/rp2040/rp2040_usb.c.obj
                0x0000000010004ed4                _hw_endpoint_xfer_start
 *fill*         0x0000000010004f12        0x2 
 .text._hw_endpoint_xfer_sync
                0x0000000010004f14       0x74 CMakeFiles/i2c_bus_scan.dir/Users/calhound/VSARM/pico/pico-sdk/lib/tinyusb/src/portable/raspberrypi/rp2040/rp2040_usb.c.obj
                0x0000000010004f14                _hw_endpoint_xfer_sync
 .text._hw_endpoint_xfer_continue
                0x0000000010004f88       0x60 CMakeFiles/i2c_bus_scan.dir/Users/calhound/VSARM/pico/pico-sdk/lib/tinyusb/src/portable/raspberrypi/rp2040/rp2040_usb.c.obj
                0x0000000010004f88                _hw_endpoint_xfer_continue
 .text._hw_endpoint_xfer
                0x0000000010004fe8       0x34 CMakeFiles/i2c_bus_scan.dir/Users/calhound/VSARM/pico/pico-sdk/lib/tinyusb/src/portable/raspberrypi/rp2040/rp2040_usb.c.obj
                0x0000000010004fe8                _hw_endpoint_xfer
 .text.mark_interface_endpoint
                0x000000001000501c       0x2a CMakeFiles/i2c_bus_scan.dir/Users/calhound/VSARM/pico/pico-sdk/lib/tinyusb/src/device/usbd.c.obj
 *fill*         0x0000000010005046        0x2 
 .text.usbd_reset
                0x0000000010005048       0x88 CMakeFiles/i2c_bus_scan.dir/Users/calhound/VSARM/pico/pico-sdk/lib/tinyusb/src/device/usbd.c.obj
 .text.invoke_class_control
                0x00000000100050d0       0x1a CMakeFiles/i2c_bus_scan.dir/Users/calhound/VSARM/pico/pico-sdk/lib/tinyusb/src/device/usbd.c.obj
 *fill*         0x00000000100050ea        0x2 
 .text.process_set_config
                0x00000000100050ec      0x1d4 CMakeFiles/i2c_bus_scan.dir/Users/calhound/VSARM/pico/pico-sdk/lib/tinyusb/src/device/usbd.c.obj
 .text.process_get_descriptor
                0x00000000100052c0       0xf8 CMakeFiles/i2c_bus_scan.dir/Users/calhound/VSARM/pico/pico-sdk/lib/tinyusb/src/device/usbd.c.obj
 .text.tud_mounted
                0x00000000100053b8       0x10 CMakeFiles/i2c_bus_scan.dir/Users/calhound/VSARM/pico/pico-sdk/lib/tinyusb/src/device/usbd.c.obj
                0x00000000100053b8                tud_mounted
 .text.tud_suspended
                0x00000000100053c8       0x10 CMakeFiles/i2c_bus_scan.dir/Users/calhound/VSARM/pico/pico-sdk/lib/tinyusb/src/device/usbd.c.obj
                0x00000000100053c8                tud_suspended
 .text.tud_inited
                0x00000000100053d8        0xc CMakeFiles/i2c_bus_scan.dir/Users/calhound/VSARM/pico/pico-sdk/lib/tinyusb/src/device/usbd.c.obj
                0x00000000100053d8                tud_inited
 .text.tud_init
                0x00000000100053e4       0xcc CMakeFiles/i2c_bus_scan.dir/Users/calhound/VSARM/pico/pico-sdk/lib/tinyusb/src/device/usbd.c.obj
                0x00000000100053e4                tud_init
 .text.dcd_event_handler
                0x00000000100054b0      0x174 CMakeFiles/i2c_bus_scan.dir/Users/calhound/VSARM/pico/pico-sdk/lib/tinyusb/src/device/usbd.c.obj
                0x00000000100054b0                dcd_event_handler
 .text.dcd_event_bus_signal
                0x0000000010005624       0x26 CMakeFiles/i2c_bus_scan.dir/Users/calhound/VSARM/pico/pico-sdk/lib/tinyusb/src/device/usbd.c.obj
                0x0000000010005624                dcd_event_bus_signal
 .text.dcd_event_bus_reset
                0x000000001000564a       0x2a CMakeFiles/i2c_bus_scan.dir/Users/calhound/VSARM/pico/pico-sdk/lib/tinyusb/src/device/usbd.c.obj
                0x000000001000564a                dcd_event_bus_reset
 .text.dcd_event_setup_received
                0x0000000010005674       0x34 CMakeFiles/i2c_bus_scan.dir/Users/calhound/VSARM/pico/pico-sdk/lib/tinyusb/src/device/usbd.c.obj
                0x0000000010005674                dcd_event_setup_received
 .text.dcd_event_xfer_complete
                0x00000000100056a8       0x44 CMakeFiles/i2c_bus_scan.dir/Users/calhound/VSARM/pico/pico-sdk/lib/tinyusb/src/device/usbd.c.obj
                0x00000000100056a8                dcd_event_xfer_complete
 .text.usbd_edpt_open
                0x00000000100056ec       0xe0 CMakeFiles/i2c_bus_scan.dir/Users/calhound/VSARM/pico/pico-sdk/lib/tinyusb/src/device/usbd.c.obj
                0x00000000100056ec                usbd_edpt_open
 .text.usbd_open_edpt_pair
                0x00000000100057cc       0x8c CMakeFiles/i2c_bus_scan.dir/Users/calhound/VSARM/pico/pico-sdk/lib/tinyusb/src/device/usbd.c.obj
                0x00000000100057cc                usbd_open_edpt_pair
 .text.usbd_edpt_claim
                0x0000000010005858       0x8c CMakeFiles/i2c_bus_scan.dir/Users/calhound/VSARM/pico/pico-sdk/lib/tinyusb/src/device/usbd.c.obj
                0x0000000010005858                usbd_edpt_claim
 .text.usbd_edpt_release
                0x00000000100058e4       0x68 CMakeFiles/i2c_bus_scan.dir/Users/calhound/VSARM/pico/pico-sdk/lib/tinyusb/src/device/usbd.c.obj
                0x00000000100058e4                usbd_edpt_release
 .text.usbd_edpt_xfer
                0x000000001000594c       0x80 CMakeFiles/i2c_bus_scan.dir/Users/calhound/VSARM/pico/pico-sdk/lib/tinyusb/src/device/usbd.c.obj
                0x000000001000594c                usbd_edpt_xfer
 .text.usbd_edpt_stall
                0x00000000100059cc       0x2c CMakeFiles/i2c_bus_scan.dir/Users/calhound/VSARM/pico/pico-sdk/lib/tinyusb/src/device/usbd.c.obj
                0x00000000100059cc                usbd_edpt_stall
 .text.usbd_edpt_clear_stall
                0x00000000100059f8       0x2c CMakeFiles/i2c_bus_scan.dir/Users/calhound/VSARM/pico/pico-sdk/lib/tinyusb/src/device/usbd.c.obj
                0x00000000100059f8                usbd_edpt_clear_stall
 .text.usbd_edpt_stalled
                0x0000000010005a24       0x1c CMakeFiles/i2c_bus_scan.dir/Users/calhound/VSARM/pico/pico-sdk/lib/tinyusb/src/device/usbd.c.obj
                0x0000000010005a24                usbd_edpt_stalled
 .text.process_control_request
                0x0000000010005a40      0x380 CMakeFiles/i2c_bus_scan.dir/Users/calhound/VSARM/pico/pico-sdk/lib/tinyusb/src/device/usbd.c.obj
 .text.tud_task
                0x0000000010005dc0      0x204 CMakeFiles/i2c_bus_scan.dir/Users/calhound/VSARM/pico/pico-sdk/lib/tinyusb/src/device/usbd.c.obj
                0x0000000010005dc0                tud_task
 .text._data_stage_xact
                0x0000000010005fc4       0x58 CMakeFiles/i2c_bus_scan.dir/Users/calhound/VSARM/pico/pico-sdk/lib/tinyusb/src/device/usbd_control.c.obj
 .text.tud_control_status
                0x000000001000601c       0x38 CMakeFiles/i2c_bus_scan.dir/Users/calhound/VSARM/pico/pico-sdk/lib/tinyusb/src/device/usbd_control.c.obj
                0x000000001000601c                tud_control_status
 .text.tud_control_xfer
                0x0000000010006054       0xa8 CMakeFiles/i2c_bus_scan.dir/Users/calhound/VSARM/pico/pico-sdk/lib/tinyusb/src/device/usbd_control.c.obj
                0x0000000010006054                tud_control_xfer
 .text.usbd_control_reset
                0x00000000100060fc       0x14 CMakeFiles/i2c_bus_scan.dir/Users/calhound/VSARM/pico/pico-sdk/lib/tinyusb/src/device/usbd_control.c.obj
                0x00000000100060fc                usbd_control_reset
 .text.usbd_control_set_complete_callback
                0x0000000010006110        0xc CMakeFiles/i2c_bus_scan.dir/Users/calhound/VSARM/pico/pico-sdk/lib/tinyusb/src/device/usbd_control.c.obj
                0x0000000010006110                usbd_control_set_complete_callback
 .text.usbd_control_set_request
                0x000000001000611c       0x1c CMakeFiles/i2c_bus_scan.dir/Users/calhound/VSARM/pico/pico-sdk/lib/tinyusb/src/device/usbd_control.c.obj
                0x000000001000611c                usbd_control_set_request
 .text.usbd_control_xfer_cb
                0x0000000010006138       0xfc CMakeFiles/i2c_bus_scan.dir/Users/calhound/VSARM/pico/pico-sdk/lib/tinyusb/src/device/usbd_control.c.obj
                0x0000000010006138                usbd_control_xfer_cb
 .text._prep_out_transaction
                0x0000000010006234       0x46 CMakeFiles/i2c_bus_scan.dir/Users/calhound/VSARM/pico/pico-sdk/lib/tinyusb/src/class/cdc/cdc_device.c.obj
 *fill*         0x000000001000627a        0x2 
 .text.tud_cdc_n_connected
                0x000000001000627c       0x44 CMakeFiles/i2c_bus_scan.dir/Users/calhound/VSARM/pico/pico-sdk/lib/tinyusb/src/class/cdc/cdc_device.c.obj
                0x000000001000627c                tud_cdc_n_connected
 .text.tud_cdc_n_available
                0x00000000100062c0       0x18 CMakeFiles/i2c_bus_scan.dir/Users/calhound/VSARM/pico/pico-sdk/lib/tinyusb/src/class/cdc/cdc_device.c.obj
                0x00000000100062c0                tud_cdc_n_available
 .text.tud_cdc_n_read
                0x00000000100062d8       0x28 CMakeFiles/i2c_bus_scan.dir/Users/calhound/VSARM/pico/pico-sdk/lib/tinyusb/src/class/cdc/cdc_device.c.obj
                0x00000000100062d8                tud_cdc_n_read
 .text.tud_cdc_n_write_flush
                0x0000000010006300       0xcc CMakeFiles/i2c_bus_scan.dir/Users/calhound/VSARM/pico/pico-sdk/lib/tinyusb/src/class/cdc/cdc_device.c.obj
                0x0000000010006300                tud_cdc_n_write_flush
 .text.tud_cdc_n_write
                0x00000000100063cc       0x38 CMakeFiles/i2c_bus_scan.dir/Users/calhound/VSARM/pico/pico-sdk/lib/tinyusb/src/class/cdc/cdc_device.c.obj
                0x00000000100063cc                tud_cdc_n_write
 .text.tud_cdc_n_write_available
                0x0000000010006404       0x1c CMakeFiles/i2c_bus_scan.dir/Users/calhound/VSARM/pico/pico-sdk/lib/tinyusb/src/class/cdc/cdc_device.c.obj
                0x0000000010006404                tud_cdc_n_write_available
 .text.cdcd_init
                0x0000000010006420       0xbc CMakeFiles/i2c_bus_scan.dir/Users/calhound/VSARM/pico/pico-sdk/lib/tinyusb/src/class/cdc/cdc_device.c.obj
                0x0000000010006420                cdcd_init
 .text.cdcd_reset
                0x00000000100064dc       0x44 CMakeFiles/i2c_bus_scan.dir/Users/calhound/VSARM/pico/pico-sdk/lib/tinyusb/src/class/cdc/cdc_device.c.obj
                0x00000000100064dc                cdcd_reset
 .text.cdcd_open
                0x0000000010006520      0x10c CMakeFiles/i2c_bus_scan.dir/Users/calhound/VSARM/pico/pico-sdk/lib/tinyusb/src/class/cdc/cdc_device.c.obj
                0x0000000010006520                cdcd_open
 .text.cdcd_control_xfer_cb
                0x000000001000662c      0x134 CMakeFiles/i2c_bus_scan.dir/Users/calhound/VSARM/pico/pico-sdk/lib/tinyusb/src/class/cdc/cdc_device.c.obj
                0x000000001000662c                cdcd_control_xfer_cb
 .text.cdcd_xfer_cb
                0x0000000010006760      0x144 CMakeFiles/i2c_bus_scan.dir/Users/calhound/VSARM/pico/pico-sdk/lib/tinyusb/src/class/cdc/cdc_device.c.obj
                0x0000000010006760                cdcd_xfer_cb
 .text.tusb_init
                0x00000000100068a4       0x24 CMakeFiles/i2c_bus_scan.dir/Users/calhound/VSARM/pico/pico-sdk/lib/tinyusb/src/tusb.c.obj
                0x00000000100068a4                tusb_init
 .text.tusb_inited
                0x00000000100068c8        0xe CMakeFiles/i2c_bus_scan.dir/Users/calhound/VSARM/pico/pico-sdk/lib/tinyusb/src/tusb.c.obj
                0x00000000100068c8                tusb_inited
 .text.advance_pointer
                0x00000000100068d6       0x1e CMakeFiles/i2c_bus_scan.dir/Users/calhound/VSARM/pico/pico-sdk/lib/tinyusb/src/common/tusb_fifo.c.obj
 .text.backward_pointer
                0x00000000100068f4       0x1a CMakeFiles/i2c_bus_scan.dir/Users/calhound/VSARM/pico/pico-sdk/lib/tinyusb/src/common/tusb_fifo.c.obj
 .text.get_relative_pointer
                0x000000001000690e       0x10 CMakeFiles/i2c_bus_scan.dir/Users/calhound/VSARM/pico/pico-sdk/lib/tinyusb/src/common/tusb_fifo.c.obj
 .text._tu_fifo_peek
                0x000000001000691e       0x50 CMakeFiles/i2c_bus_scan.dir/Users/calhound/VSARM/pico/pico-sdk/lib/tinyusb/src/common/tusb_fifo.c.obj
 .text._ff_pull_const_addr
                0x000000001000696e       0x4c CMakeFiles/i2c_bus_scan.dir/Users/calhound/VSARM/pico/pico-sdk/lib/tinyusb/src/common/tusb_fifo.c.obj
 .text._ff_pull_n
                0x00000000100069ba      0x10c CMakeFiles/i2c_bus_scan.dir/Users/calhound/VSARM/pico/pico-sdk/lib/tinyusb/src/common/tusb_fifo.c.obj
 .text._tu_fifo_peek_n
                0x0000000010006ac6       0x5e CMakeFiles/i2c_bus_scan.dir/Users/calhound/VSARM/pico/pico-sdk/lib/tinyusb/src/common/tusb_fifo.c.obj
 .text._tu_fifo_read_n
                0x0000000010006b24       0x4e CMakeFiles/i2c_bus_scan.dir/Users/calhound/VSARM/pico/pico-sdk/lib/tinyusb/src/common/tusb_fifo.c.obj
 .text._ff_push_const_addr
                0x0000000010006b72       0x40 CMakeFiles/i2c_bus_scan.dir/Users/calhound/VSARM/pico/pico-sdk/lib/tinyusb/src/common/tusb_fifo.c.obj
 .text._ff_push_n
                0x0000000010006bb2      0x108 CMakeFiles/i2c_bus_scan.dir/Users/calhound/VSARM/pico/pico-sdk/lib/tinyusb/src/common/tusb_fifo.c.obj
 .text._tu_fifo_write_n
                0x0000000010006cba       0x9e CMakeFiles/i2c_bus_scan.dir/Users/calhound/VSARM/pico/pico-sdk/lib/tinyusb/src/common/tusb_fifo.c.obj
 .text.tu_fifo_config
                0x0000000010006d58       0x72 CMakeFiles/i2c_bus_scan.dir/Users/calhound/VSARM/pico/pico-sdk/lib/tinyusb/src/common/tusb_fifo.c.obj
                0x0000000010006d58                tu_fifo_config
 .text.tu_fifo_count
                0x0000000010006dca       0x26 CMakeFiles/i2c_bus_scan.dir/Users/calhound/VSARM/pico/pico-sdk/lib/tinyusb/src/common/tusb_fifo.c.obj
                0x0000000010006dca                tu_fifo_count
 .text.tu_fifo_empty
                0x0000000010006df0       0x10 CMakeFiles/i2c_bus_scan.dir/Users/calhound/VSARM/pico/pico-sdk/lib/tinyusb/src/common/tusb_fifo.c.obj
                0x0000000010006df0                tu_fifo_empty
 .text.tu_fifo_remaining
                0x0000000010006e00       0x20 CMakeFiles/i2c_bus_scan.dir/Users/calhound/VSARM/pico/pico-sdk/lib/tinyusb/src/common/tusb_fifo.c.obj
                0x0000000010006e00                tu_fifo_remaining
 .text.tu_fifo_read
                0x0000000010006e20       0x42 CMakeFiles/i2c_bus_scan.dir/Users/calhound/VSARM/pico/pico-sdk/lib/tinyusb/src/common/tusb_fifo.c.obj
                0x0000000010006e20                tu_fifo_read
 .text.tu_fifo_read_n
                0x0000000010006e62        0xa CMakeFiles/i2c_bus_scan.dir/Users/calhound/VSARM/pico/pico-sdk/lib/tinyusb/src/common/tusb_fifo.c.obj
                0x0000000010006e62                tu_fifo_read_n
 .text.tu_fifo_write
                0x0000000010006e6c       0x6c CMakeFiles/i2c_bus_scan.dir/Users/calhound/VSARM/pico/pico-sdk/lib/tinyusb/src/common/tusb_fifo.c.obj
                0x0000000010006e6c                tu_fifo_write
 .text.tu_fifo_write_n
                0x0000000010006ed8        0xa CMakeFiles/i2c_bus_scan.dir/Users/calhound/VSARM/pico/pico-sdk/lib/tinyusb/src/common/tusb_fifo.c.obj
                0x0000000010006ed8                tu_fifo_write_n
 .text.tu_fifo_clear
                0x0000000010006ee2       0x4c CMakeFiles/i2c_bus_scan.dir/Users/calhound/VSARM/pico/pico-sdk/lib/tinyusb/src/common/tusb_fifo.c.obj
                0x0000000010006ee2                tu_fifo_clear
 .text.tu_fifo_set_overwritable
                0x0000000010006f2e       0x3c CMakeFiles/i2c_bus_scan.dir/Users/calhound/VSARM/pico/pico-sdk/lib/tinyusb/src/common/tusb_fifo.c.obj
                0x0000000010006f2e                tu_fifo_set_overwritable
 *fill*         0x0000000010006f6a        0x2 
 .text._retrieve_unique_id_on_boot
                0x0000000010006f6c       0x10 CMakeFiles/i2c_bus_scan.dir/Users/calhound/VSARM/pico/pico-sdk/src/rp2_common/pico_unique_id/unique_id.c.obj
 .text.pico_get_unique_board_id_string
                0x0000000010006f7c       0x60 CMakeFiles/i2c_bus_scan.dir/Users/calhound/VSARM/pico/pico-sdk/src/rp2_common/pico_unique_id/unique_id.c.obj
                0x0000000010006f7c                pico_get_unique_board_id_string
 .text.flash_get_unique_id
                0x0000000010006fdc       0x46 CMakeFiles/i2c_bus_scan.dir/Users/calhound/VSARM/pico/pico-sdk/src/rp2_common/hardware_flash/flash.c.obj
                0x0000000010006fdc                flash_get_unique_id
 .text.i2c_read_blocking_internal
                0x0000000010007022       0xe6 CMakeFiles/i2c_bus_scan.dir/Users/calhound/VSARM/pico/pico-sdk/src/rp2_common/hardware_i2c/i2c.c.obj
 .text.i2c_set_baudrate
                0x0000000010007108       0xf0 CMakeFiles/i2c_bus_scan.dir/Users/calhound/VSARM/pico/pico-sdk/src/rp2_common/hardware_i2c/i2c.c.obj
                0x0000000010007108                i2c_set_baudrate
 .text.i2c_init
                0x00000000100071f8       0x58 CMakeFiles/i2c_bus_scan.dir/Users/calhound/VSARM/pico/pico-sdk/src/rp2_common/hardware_i2c/i2c.c.obj
                0x00000000100071f8                i2c_init
 .text.i2c_read_blocking
                0x0000000010007250       0x18 CMakeFiles/i2c_bus_scan.dir/Users/calhound/VSARM/pico/pico-sdk/src/rp2_common/hardware_i2c/i2c.c.obj
                0x0000000010007250                i2c_read_blocking
 .text.strlen   0x0000000010007268       0x5c /usr/local/Cellar/arm-none-eabi-gcc/10.3-2021.07/gcc/bin/../lib/gcc/arm-none-eabi/10.3.1/../../../../arm-none-eabi/lib/thumb/v6-m/nofp/libg.a(lib_a-strlen-stub.o)
                0x0000000010007268                strlen
 *(.fini)
 .fini          0x00000000100072c4        0x4 /usr/local/Cellar/arm-none-eabi-gcc/10.3-2021.07/gcc/bin/../lib/gcc/arm-none-eabi/10.3.1/thumb/v6-m/nofp/crti.o
                0x00000000100072c4                _fini
 .fini.__stub   0x00000000100072c8       0x70 linker stubs
 *crtbegin.o(.ctors)
 *crtbegin?.o(.ctors)
 *(EXCLUDE_FILE(*crtend.o *crtend?.o) .ctors)
 *(SORT_BY_NAME(.ctors.*))
 *(.ctors)
 *crtbegin.o(.dtors)
 *crtbegin?.o(.dtors)
 *(EXCLUDE_FILE(*crtend.o *crtend?.o) .dtors)
 *(SORT_BY_NAME(.dtors.*))
 *(.dtors)
 *(.eh_frame*)
 .eh_frame      0x0000000010007338        0x0 /usr/local/Cellar/arm-none-eabi-gcc/10.3-2021.07/gcc/bin/../lib/gcc/arm-none-eabi/10.3.1/thumb/v6-m/nofp/crtbegin.o
                0x0000000010007338                . = ALIGN (0x4)

.glue_7         0x0000000010007338        0x0
 .glue_7        0x0000000010007338        0x0 linker stubs

.glue_7t        0x0000000010007338        0x0
 .glue_7t       0x0000000010007338        0x0 linker stubs

.vfp11_veneer   0x0000000010007338        0x0
 .vfp11_veneer  0x0000000010007338        0x0 linker stubs

.v4_bx          0x0000000010007338        0x0
 .v4_bx         0x0000000010007338        0x0 linker stubs

.iplt           0x0000000010007338        0x0
 .iplt          0x0000000010007338        0x0 /usr/local/Cellar/arm-none-eabi-gcc/10.3-2021.07/gcc/bin/../lib/gcc/arm-none-eabi/10.3.1/thumb/v6-m/nofp/crtbegin.o

.rodata         0x0000000010007338     0x1794
 *(EXCLUDE_FILE(*libm.a: *libc.a:*lib_a-mem*.o *libgcc.a:) .rodata*)
 .rodata.main.str1.4
                0x0000000010007338       0x5e CMakeFiles/i2c_bus_scan.dir/i2c_bus_scan.c.obj
                                         0x62 (size before relaxing)
 *fill*         0x0000000010007396        0x2 
 .rodata.__bi_49.0
                0x0000000010007398        0x8 CMakeFiles/i2c_bus_scan.dir/i2c_bus_scan.c.obj
 .rodata.spin_lock_claim_unused.str1.4
                0x00000000100073a0       0x1b CMakeFiles/i2c_bus_scan.dir/Users/calhound/VSARM/pico/pico-sdk/src/rp2_common/hardware_sync/sync.c.obj
 *fill*         0x00000000100073bb        0x1 
 .rodata.repeating_timer_callback.str1.4
                0x00000000100073bc       0x54 CMakeFiles/i2c_bus_scan.dir/Users/calhound/VSARM/pico/pico-sdk/src/common/pico_time/time.c.obj
 .rodata.alarm_pool_dump_key.str1.4
                0x0000000010007410       0x33 CMakeFiles/i2c_bus_scan.dir/Users/calhound/VSARM/pico/pico-sdk/src/common/pico_time/time.c.obj
 *fill*         0x0000000010007443        0x1 
 .rodata.ph_add_child_node.str1.4
                0x0000000010007444       0x9e CMakeFiles/i2c_bus_scan.dir/Users/calhound/VSARM/pico/pico-sdk/src/common/pico_time/time.c.obj
 *fill*         0x00000000100074e2        0x2 
 .rodata.add_alarm_under_lock.str1.4
                0x00000000100074e4       0x28 CMakeFiles/i2c_bus_scan.dir/Users/calhound/VSARM/pico/pico-sdk/src/common/pico_time/time.c.obj
                                         0x2b (size before relaxing)
 .rodata.alarm_pool_alarm_callback.str1.4
                0x000000001000750c       0xee CMakeFiles/i2c_bus_scan.dir/Users/calhound/VSARM/pico/pico-sdk/src/common/pico_time/time.c.obj
 *fill*         0x00000000100075fa        0x2 
 .rodata.alarm_pool_get_default.str1.4
                0x00000000100075fc       0x21 CMakeFiles/i2c_bus_scan.dir/Users/calhound/VSARM/pico/pico-sdk/src/common/pico_time/time.c.obj
 *fill*         0x000000001000761d        0x3 
 .rodata.alarm_pool_cancel_alarm.str1.4
                0x0000000010007620       0x27 CMakeFiles/i2c_bus_scan.dir/Users/calhound/VSARM/pico/pico-sdk/src/common/pico_time/time.c.obj
 *fill*         0x0000000010007647        0x1 
 .rodata.sleep_until.str1.4
                0x0000000010007648       0x4d CMakeFiles/i2c_bus_scan.dir/Users/calhound/VSARM/pico/pico-sdk/src/common/pico_time/time.c.obj
 *fill*         0x0000000010007695        0x3 
 .rodata.__func__.1
                0x0000000010007698       0x18 CMakeFiles/i2c_bus_scan.dir/Users/calhound/VSARM/pico/pico-sdk/src/common/pico_time/time.c.obj
 .rodata.__func__.10
                0x00000000100076b0       0x15 CMakeFiles/i2c_bus_scan.dir/Users/calhound/VSARM/pico/pico-sdk/src/common/pico_time/time.c.obj
 *fill*         0x00000000100076c5        0x3 
 .rodata.__func__.11
                0x00000000100076c8       0x1a CMakeFiles/i2c_bus_scan.dir/Users/calhound/VSARM/pico/pico-sdk/src/common/pico_time/time.c.obj
 *fill*         0x00000000100076e2        0x2 
 .rodata.__func__.12
                0x00000000100076e4        0xa CMakeFiles/i2c_bus_scan.dir/Users/calhound/VSARM/pico/pico-sdk/src/common/pico_time/time.c.obj
 *fill*         0x00000000100076ee        0x2 
 .rodata.__func__.3
                0x00000000100076f0       0x17 CMakeFiles/i2c_bus_scan.dir/Users/calhound/VSARM/pico/pico-sdk/src/common/pico_time/time.c.obj
 *fill*         0x0000000010007707        0x1 
 .rodata.__func__.4
                0x0000000010007708       0x12 CMakeFiles/i2c_bus_scan.dir/Users/calhound/VSARM/pico/pico-sdk/src/common/pico_time/time.c.obj
 *fill*         0x000000001000771a        0x2 
 .rodata.__func__.5
                0x000000001000771c        0xd CMakeFiles/i2c_bus_scan.dir/Users/calhound/VSARM/pico/pico-sdk/src/common/pico_time/time.c.obj
 *fill*         0x0000000010007729        0x3 
 .rodata.__func__.6
                0x000000001000772c       0x12 CMakeFiles/i2c_bus_scan.dir/Users/calhound/VSARM/pico/pico-sdk/src/common/pico_time/time.c.obj
 *fill*         0x000000001000773e        0x2 
 .rodata.__func__.7
                0x0000000010007740        0xf CMakeFiles/i2c_bus_scan.dir/Users/calhound/VSARM/pico/pico-sdk/src/common/pico_time/time.c.obj
 *fill*         0x000000001000774f        0x1 
 .rodata.__func__.8
                0x0000000010007750        0xc CMakeFiles/i2c_bus_scan.dir/Users/calhound/VSARM/pico/pico-sdk/src/common/pico_time/time.c.obj
 .rodata.__func__.9
                0x000000001000775c       0x15 CMakeFiles/i2c_bus_scan.dir/Users/calhound/VSARM/pico/pico-sdk/src/common/pico_time/time.c.obj
 *fill*         0x0000000010007771        0x3 
 .rodata.hardware_alarm_claim.str1.4
                0x0000000010007774       0x22 CMakeFiles/i2c_bus_scan.dir/Users/calhound/VSARM/pico/pico-sdk/src/rp2_common/hardware_timer/timer.c.obj
 *fill*         0x0000000010007796        0x2 
 .rodata.hardware_alarm_set_target.str1.4
                0x0000000010007798       0x6e CMakeFiles/i2c_bus_scan.dir/Users/calhound/VSARM/pico/pico-sdk/src/rp2_common/hardware_timer/timer.c.obj
 *fill*         0x0000000010007806        0x2 
 .rodata.__func__.0
                0x0000000010007808       0x1a CMakeFiles/i2c_bus_scan.dir/Users/calhound/VSARM/pico/pico-sdk/src/rp2_common/hardware_timer/timer.c.obj
 *fill*         0x0000000010007822        0x2 
 .rodata.str1.4
                0x0000000010007824       0xbd CMakeFiles/i2c_bus_scan.dir/Users/calhound/VSARM/pico/pico-sdk/src/common/pico_sync/mutex.c.obj
                                        0x129 (size before relaxing)
 *fill*         0x00000000100078e1        0x3 
 .rodata.__func__.0
                0x00000000100078e4        0xb CMakeFiles/i2c_bus_scan.dir/Users/calhound/VSARM/pico/pico-sdk/src/common/pico_sync/mutex.c.obj
 *fill*         0x00000000100078ef        0x1 
 .rodata.__func__.1
                0x00000000100078f0       0x18 CMakeFiles/i2c_bus_scan.dir/Users/calhound/VSARM/pico/pico-sdk/src/common/pico_sync/mutex.c.obj
 .rodata.__func__.2
                0x0000000010007908       0x15 CMakeFiles/i2c_bus_scan.dir/Users/calhound/VSARM/pico/pico-sdk/src/common/pico_sync/mutex.c.obj
 *fill*         0x000000001000791d        0x3 
 .rodata.__func__.3
                0x0000000010007920       0x15 CMakeFiles/i2c_bus_scan.dir/Users/calhound/VSARM/pico/pico-sdk/src/common/pico_sync/mutex.c.obj
 .rodata.ph_add_child_node.str1.4
                0x0000000010007935       0x9e CMakeFiles/i2c_bus_scan.dir/Users/calhound/VSARM/pico/pico-sdk/src/common/pico_util/pheap.c.obj
 *fill*         0x0000000010007935        0x3 
 .rodata.ph_remove_any_head.str1.4
                0x0000000010007938       0x98 CMakeFiles/i2c_bus_scan.dir/Users/calhound/VSARM/pico/pico-sdk/src/common/pico_util/pheap.c.obj
 .rodata.ph_remove_and_free_node.str1.4
                0x00000000100079d0       0x26 CMakeFiles/i2c_bus_scan.dir/Users/calhound/VSARM/pico/pico-sdk/src/common/pico_util/pheap.c.obj
 *fill*         0x00000000100079f6        0x2 
 .rodata.__func__.0
                0x00000000100079f8       0x18 CMakeFiles/i2c_bus_scan.dir/Users/calhound/VSARM/pico/pico-sdk/src/common/pico_util/pheap.c.obj
 .rodata.__func__.1
                0x0000000010007a10       0x13 CMakeFiles/i2c_bus_scan.dir/Users/calhound/VSARM/pico/pico-sdk/src/common/pico_util/pheap.c.obj
 *fill*         0x0000000010007a23        0x1 
 .rodata.__func__.2
                0x0000000010007a24       0x12 CMakeFiles/i2c_bus_scan.dir/Users/calhound/VSARM/pico/pico-sdk/src/common/pico_util/pheap.c.obj
 *fill*         0x0000000010007a36        0x2 
 .rodata.__func__.3
                0x0000000010007a38        0xc CMakeFiles/i2c_bus_scan.dir/Users/calhound/VSARM/pico/pico-sdk/src/common/pico_util/pheap.c.obj
 .rodata.__assert_func.str1.4
                0x0000000010007a44       0x3f CMakeFiles/i2c_bus_scan.dir/Users/calhound/VSARM/pico/pico-sdk/src/rp2_common/pico_runtime/runtime.c.obj
                                         0x43 (size before relaxing)
 *fill*         0x0000000010007a83        0x1 
 .rodata.panic.str1.4
                0x0000000010007a84       0x10 CMakeFiles/i2c_bus_scan.dir/Users/calhound/VSARM/pico/pico-sdk/src/rp2_common/pico_runtime/runtime.c.obj
                                         0x12 (size before relaxing)
 .rodata.clock_configure.str1.4
                0x0000000010007a94       0x60 CMakeFiles/i2c_bus_scan.dir/Users/calhound/VSARM/pico/pico-sdk/src/rp2_common/hardware_clocks/clocks.c.obj
 .rodata.__func__.1
                0x0000000010007af4       0x10 CMakeFiles/i2c_bus_scan.dir/Users/calhound/VSARM/pico/pico-sdk/src/rp2_common/hardware_clocks/clocks.c.obj
 .rodata.make_branch.str1.4
                0x0000000010007b04       0x56 CMakeFiles/i2c_bus_scan.dir/Users/calhound/VSARM/pico/pico-sdk/src/rp2_common/hardware_irq/irq.c.obj
 *fill*         0x0000000010007b5a        0x2 
 .rodata.irq_set_exclusive_handler.str1.4
                0x0000000010007b5c       0x36 CMakeFiles/i2c_bus_scan.dir/Users/calhound/VSARM/pico/pico-sdk/src/rp2_common/hardware_irq/irq.c.obj
 *fill*         0x0000000010007b92        0x2 
 .rodata.irq_add_shared_handler.str1.4
                0x0000000010007b94       0xd9 CMakeFiles/i2c_bus_scan.dir/Users/calhound/VSARM/pico/pico-sdk/src/rp2_common/hardware_irq/irq.c.obj
 *fill*         0x0000000010007c6d        0x3 
 .rodata.irq_remove_handler.str1.4
                0x0000000010007c70       0x2a CMakeFiles/i2c_bus_scan.dir/Users/calhound/VSARM/pico/pico-sdk/src/rp2_common/hardware_irq/irq.c.obj
 *fill*         0x0000000010007c9a        0x2 
 .rodata.irq_add_tail_to_free_list.str1.4
                0x0000000010007c9c       0x32 CMakeFiles/i2c_bus_scan.dir/Users/calhound/VSARM/pico/pico-sdk/src/rp2_common/hardware_irq/irq.c.obj
                                         0x3a (size before relaxing)
 *fill*         0x0000000010007cce        0x2 
 .rodata.__func__.0
                0x0000000010007cd0       0x1a CMakeFiles/i2c_bus_scan.dir/Users/calhound/VSARM/pico/pico-sdk/src/rp2_common/hardware_irq/irq.c.obj
 *fill*         0x0000000010007cea        0x2 
 .rodata.__func__.1
                0x0000000010007cec       0x17 CMakeFiles/i2c_bus_scan.dir/Users/calhound/VSARM/pico/pico-sdk/src/rp2_common/hardware_irq/irq.c.obj
 *fill*         0x0000000010007d03        0x1 
 .rodata.__func__.2
                0x0000000010007d04       0x13 CMakeFiles/i2c_bus_scan.dir/Users/calhound/VSARM/pico/pico-sdk/src/rp2_common/hardware_irq/irq.c.obj
 *fill*         0x0000000010007d17        0x1 
 .rodata.__func__.3
                0x0000000010007d18        0xc CMakeFiles/i2c_bus_scan.dir/Users/calhound/VSARM/pico/pico-sdk/src/rp2_common/hardware_irq/irq.c.obj
 .rodata.__func__.4
                0x0000000010007d24        0xf CMakeFiles/i2c_bus_scan.dir/Users/calhound/VSARM/pico/pico-sdk/src/rp2_common/hardware_irq/irq.c.obj
 *fill*         0x0000000010007d33        0x1 
 .rodata.__func__.6
                0x0000000010007d34       0x1a CMakeFiles/i2c_bus_scan.dir/Users/calhound/VSARM/pico/pico-sdk/src/rp2_common/hardware_irq/irq.c.obj
 *fill*         0x0000000010007d4e        0x2 
 .rodata.pll_init.str1.4
                0x0000000010007d50       0xe3 CMakeFiles/i2c_bus_scan.dir/Users/calhound/VSARM/pico/pico-sdk/src/rp2_common/hardware_pll/pll.c.obj
 *fill*         0x0000000010007e33        0x1 
 .rodata.__func__.0
                0x0000000010007e34        0x9 CMakeFiles/i2c_bus_scan.dir/Users/calhound/VSARM/pico/pico-sdk/src/rp2_common/hardware_pll/pll.c.obj
 *fill*         0x0000000010007e3d        0x3 
 .rodata._ftoa.str1.4
                0x0000000010007e40       0x15 CMakeFiles/i2c_bus_scan.dir/Users/calhound/VSARM/pico/pico-sdk/src/rp2_common/pico_printf/printf.c.obj
 *fill*         0x0000000010007e55        0x3 
 .rodata._vsnprintf
                0x0000000010007e58      0x1e0 CMakeFiles/i2c_bus_scan.dir/Users/calhound/VSARM/pico/pico-sdk/src/rp2_common/pico_printf/printf.c.obj
 .rodata.pow10.0
                0x0000000010008038       0x50 CMakeFiles/i2c_bus_scan.dir/Users/calhound/VSARM/pico/pico-sdk/src/rp2_common/pico_printf/printf.c.obj
 .rodata.__aeabi_double_init.str1.4
                0x0000000010008088       0xb1 CMakeFiles/i2c_bus_scan.dir/Users/calhound/VSARM/pico/pico-sdk/src/rp2_common/pico_double/double_init_rom.c.obj
 *fill*         0x0000000010008139        0x3 
 .rodata.__func__.0
                0x000000001000813c       0x14 CMakeFiles/i2c_bus_scan.dir/Users/calhound/VSARM/pico/pico-sdk/src/rp2_common/pico_double/double_init_rom.c.obj
 .rodata.__aeabi_float_init.str1.4
                0x0000000010008150       0x83 CMakeFiles/i2c_bus_scan.dir/Users/calhound/VSARM/pico/pico-sdk/src/rp2_common/pico_float/float_init_rom.c.obj
                                         0x87 (size before relaxing)
 *fill*         0x00000000100081d3        0x1 
 .rodata.__func__.0
                0x00000000100081d4       0x13 CMakeFiles/i2c_bus_scan.dir/Users/calhound/VSARM/pico/pico-sdk/src/rp2_common/pico_float/float_init_rom.c.obj
 *fill*         0x00000000100081e7        0x1 
 .rodata.str1.4
                0x00000000100081e8       0x44 CMakeFiles/i2c_bus_scan.dir/Users/calhound/VSARM/pico/pico-sdk/src/rp2_common/pico_standard_link/binary_info.c.obj
 .rodata.__bi_44
                0x000000001000822c        0xc CMakeFiles/i2c_bus_scan.dir/Users/calhound/VSARM/pico/pico-sdk/src/rp2_common/pico_standard_link/binary_info.c.obj
 .rodata.__bi_75
                0x0000000010008238        0xc CMakeFiles/i2c_bus_scan.dir/Users/calhound/VSARM/pico/pico-sdk/src/rp2_common/pico_standard_link/binary_info.c.obj
 .rodata.__bi_81
                0x0000000010008244        0xc CMakeFiles/i2c_bus_scan.dir/Users/calhound/VSARM/pico/pico-sdk/src/rp2_common/pico_standard_link/binary_info.c.obj
 .rodata.crlf_str.3
                0x0000000010008250        0x2 CMakeFiles/i2c_bus_scan.dir/Users/calhound/VSARM/pico/pico-sdk/src/rp2_common/pico_stdio/stdio.c.obj
 *fill*         0x0000000010008252        0x2 
 .rodata._resetd_driver
                0x0000000010008254       0x18 CMakeFiles/i2c_bus_scan.dir/Users/calhound/VSARM/pico/pico-sdk/src/rp2_common/pico_stdio_usb/reset_interface.c.obj
 .rodata.stdio_usb_init.str1.4
                0x000000001000826c       0x6a CMakeFiles/i2c_bus_scan.dir/Users/calhound/VSARM/pico/pico-sdk/src/rp2_common/pico_stdio_usb/stdio_usb.c.obj
 .rodata.str1.4
                0x000000001000826c       0x13 CMakeFiles/i2c_bus_scan.dir/Users/calhound/VSARM/pico/pico-sdk/src/rp2_common/pico_stdio_usb/stdio_usb.c.obj
 *fill*         0x000000001000827f        0x1 
 .rodata.__bi_93.1
                0x0000000010008280        0xc CMakeFiles/i2c_bus_scan.dir/Users/calhound/VSARM/pico/pico-sdk/src/rp2_common/pico_stdio_usb/stdio_usb.c.obj
 .rodata.__func__.0
                0x000000001000828c       0x15 CMakeFiles/i2c_bus_scan.dir/Users/calhound/VSARM/pico/pico-sdk/src/rp2_common/pico_stdio_usb/stdio_usb.c.obj
 *fill*         0x00000000100082a1        0x3 
 .rodata.str1.4
                0x00000000100082a4       0x2a CMakeFiles/i2c_bus_scan.dir/Users/calhound/VSARM/pico/pico-sdk/src/rp2_common/pico_stdio_usb/stdio_usb_descriptors.c.obj
 *fill*         0x00000000100082ce        0x2 
 .rodata.usbd_desc_cfg
                0x00000000100082d0       0x54 CMakeFiles/i2c_bus_scan.dir/Users/calhound/VSARM/pico/pico-sdk/src/rp2_common/pico_stdio_usb/stdio_usb_descriptors.c.obj
 .rodata.usbd_desc_device
                0x0000000010008324       0x12 CMakeFiles/i2c_bus_scan.dir/Users/calhound/VSARM/pico/pico-sdk/src/rp2_common/pico_stdio_usb/stdio_usb_descriptors.c.obj
 *fill*         0x0000000010008336        0x2 
 .rodata.usbd_desc_str
                0x0000000010008338       0x18 CMakeFiles/i2c_bus_scan.dir/Users/calhound/VSARM/pico/pico-sdk/src/rp2_common/pico_stdio_usb/stdio_usb_descriptors.c.obj
 .rodata._hw_endpoint_alloc.str1.4
                0x0000000010008350       0xc1 CMakeFiles/i2c_bus_scan.dir/Users/calhound/VSARM/pico/pico-sdk/lib/tinyusb/src/portable/raspberrypi/rp2040/dcd_rp2040.c.obj
 *fill*         0x0000000010008411        0x3 
 .rodata._hw_endpoint_init.str1.4
                0x0000000010008414       0x28 CMakeFiles/i2c_bus_scan.dir/Users/calhound/VSARM/pico/pico-sdk/lib/tinyusb/src/portable/raspberrypi/rp2040/dcd_rp2040.c.obj
 .rodata.hw_handle_buff_status.str1.4
                0x000000001000843c        0xb CMakeFiles/i2c_bus_scan.dir/Users/calhound/VSARM/pico/pico-sdk/lib/tinyusb/src/portable/raspberrypi/rp2040/dcd_rp2040.c.obj
 *fill*         0x0000000010008447        0x1 
 .rodata.dcd_rp2040_irq.str1.4
                0x0000000010008448       0x14 CMakeFiles/i2c_bus_scan.dir/Users/calhound/VSARM/pico/pico-sdk/lib/tinyusb/src/portable/raspberrypi/rp2040/dcd_rp2040.c.obj
 .rodata._hw_endpoint_stall.str1.4
                0x000000001000845c        0xd CMakeFiles/i2c_bus_scan.dir/Users/calhound/VSARM/pico/pico-sdk/lib/tinyusb/src/portable/raspberrypi/rp2040/dcd_rp2040.c.obj
 *fill*         0x0000000010008469        0x3 
 .rodata.dcd_int_enable.str1.4
                0x000000001000846c        0xc CMakeFiles/i2c_bus_scan.dir/Users/calhound/VSARM/pico/pico-sdk/lib/tinyusb/src/portable/raspberrypi/rp2040/dcd_rp2040.c.obj
 .rodata.__func__.0
                0x0000000010008478       0x15 CMakeFiles/i2c_bus_scan.dir/Users/calhound/VSARM/pico/pico-sdk/lib/tinyusb/src/portable/raspberrypi/rp2040/dcd_rp2040.c.obj
 *fill*         0x000000001000848d        0x3 
 .rodata.__func__.1
                0x0000000010008490       0x13 CMakeFiles/i2c_bus_scan.dir/Users/calhound/VSARM/pico/pico-sdk/lib/tinyusb/src/portable/raspberrypi/rp2040/dcd_rp2040.c.obj
 *fill*         0x00000000100084a3        0x1 
 .rodata.__func__.11
                0x00000000100084a4        0xf CMakeFiles/i2c_bus_scan.dir/Users/calhound/VSARM/pico/pico-sdk/lib/tinyusb/src/portable/raspberrypi/rp2040/dcd_rp2040.c.obj
 *fill*         0x00000000100084b3        0x1 
 .rodata.__func__.12
                0x00000000100084b4       0x13 CMakeFiles/i2c_bus_scan.dir/Users/calhound/VSARM/pico/pico-sdk/lib/tinyusb/src/portable/raspberrypi/rp2040/dcd_rp2040.c.obj
 *fill*         0x00000000100084c7        0x1 
 .rodata.__func__.13
                0x00000000100084c8       0x16 CMakeFiles/i2c_bus_scan.dir/Users/calhound/VSARM/pico/pico-sdk/lib/tinyusb/src/portable/raspberrypi/rp2040/dcd_rp2040.c.obj
 *fill*         0x00000000100084de        0x2 
 .rodata.__func__.14
                0x00000000100084e0        0x9 CMakeFiles/i2c_bus_scan.dir/Users/calhound/VSARM/pico/pico-sdk/lib/tinyusb/src/portable/raspberrypi/rp2040/dcd_rp2040.c.obj
 *fill*         0x00000000100084e9        0x3 
 .rodata.__func__.2
                0x00000000100084ec        0xf CMakeFiles/i2c_bus_scan.dir/Users/calhound/VSARM/pico/pico-sdk/lib/tinyusb/src/portable/raspberrypi/rp2040/dcd_rp2040.c.obj
 *fill*         0x00000000100084fb        0x1 
 .rodata.__func__.3
                0x00000000100084fc        0xe CMakeFiles/i2c_bus_scan.dir/Users/calhound/VSARM/pico/pico-sdk/lib/tinyusb/src/portable/raspberrypi/rp2040/dcd_rp2040.c.obj
 *fill*         0x000000001000850a        0x2 
 .rodata.__func__.4
                0x000000001000850c        0xe CMakeFiles/i2c_bus_scan.dir/Users/calhound/VSARM/pico/pico-sdk/lib/tinyusb/src/portable/raspberrypi/rp2040/dcd_rp2040.c.obj
 *fill*         0x000000001000851a        0x2 
 .rodata.__func__.5
                0x000000001000851c       0x1a CMakeFiles/i2c_bus_scan.dir/Users/calhound/VSARM/pico/pico-sdk/lib/tinyusb/src/portable/raspberrypi/rp2040/dcd_rp2040.c.obj
 *fill*         0x0000000010008536        0x2 
 .rodata.__func__.6
                0x0000000010008538        0xc CMakeFiles/i2c_bus_scan.dir/Users/calhound/VSARM/pico/pico-sdk/lib/tinyusb/src/portable/raspberrypi/rp2040/dcd_rp2040.c.obj
 .rodata.__func__.9
                0x0000000010008544       0x10 CMakeFiles/i2c_bus_scan.dir/Users/calhound/VSARM/pico/pico-sdk/lib/tinyusb/src/portable/raspberrypi/rp2040/dcd_rp2040.c.obj
 .rodata._hw_endpoint_buffer_control_update32.str1.4
                0x0000000010008554       0x1f CMakeFiles/i2c_bus_scan.dir/Users/calhound/VSARM/pico/pico-sdk/lib/tinyusb/src/portable/raspberrypi/rp2040/rp2040_usb.c.obj
 *fill*         0x0000000010008573        0x1 
 .rodata._hw_endpoint_xfer_sync.str1.4
                0x0000000010008574       0x9d CMakeFiles/i2c_bus_scan.dir/Users/calhound/VSARM/pico/pico-sdk/lib/tinyusb/src/portable/raspberrypi/rp2040/rp2040_usb.c.obj
 *fill*         0x0000000010008611        0x3 
 .rodata._hw_endpoint_xfer_continue.str1.4
                0x0000000010008614       0x50 CMakeFiles/i2c_bus_scan.dir/Users/calhound/VSARM/pico/pico-sdk/lib/tinyusb/src/portable/raspberrypi/rp2040/rp2040_usb.c.obj
 .rodata._hw_endpoint_xfer.str1.4
                0x0000000010008664        0xf CMakeFiles/i2c_bus_scan.dir/Users/calhound/VSARM/pico/pico-sdk/lib/tinyusb/src/portable/raspberrypi/rp2040/rp2040_usb.c.obj
 *fill*         0x0000000010008673        0x1 
 .rodata.str1.4
                0x0000000010008674        0x7 CMakeFiles/i2c_bus_scan.dir/Users/calhound/VSARM/pico/pico-sdk/lib/tinyusb/src/portable/raspberrypi/rp2040/rp2040_usb.c.obj
 *fill*         0x000000001000867b        0x1 
 .rodata.__func__.0
                0x000000001000867c       0x12 CMakeFiles/i2c_bus_scan.dir/Users/calhound/VSARM/pico/pico-sdk/lib/tinyusb/src/portable/raspberrypi/rp2040/rp2040_usb.c.obj
 *fill*         0x000000001000868e        0x2 
 .rodata.__func__.1
                0x0000000010008690       0x17 CMakeFiles/i2c_bus_scan.dir/Users/calhound/VSARM/pico/pico-sdk/lib/tinyusb/src/portable/raspberrypi/rp2040/rp2040_usb.c.obj
 *fill*         0x00000000100086a7        0x1 
 .rodata.process_set_config.str1.4
                0x00000000100086a8       0x17 CMakeFiles/i2c_bus_scan.dir/Users/calhound/VSARM/pico/pico-sdk/lib/tinyusb/src/device/usbd.c.obj
 *fill*         0x00000000100086bf        0x1 
 .rodata.process_get_descriptor
                0x00000000100086c0       0x40 CMakeFiles/i2c_bus_scan.dir/Users/calhound/VSARM/pico/pico-sdk/lib/tinyusb/src/device/usbd.c.obj
 .rodata.process_control_request
                0x0000000010008700       0x28 CMakeFiles/i2c_bus_scan.dir/Users/calhound/VSARM/pico/pico-sdk/lib/tinyusb/src/device/usbd.c.obj
 .rodata.tud_task
                0x0000000010008728       0x24 CMakeFiles/i2c_bus_scan.dir/Users/calhound/VSARM/pico/pico-sdk/lib/tinyusb/src/device/usbd.c.obj
 .rodata.__func__.2
                0x000000001000874c        0xf CMakeFiles/i2c_bus_scan.dir/Users/calhound/VSARM/pico/pico-sdk/lib/tinyusb/src/device/usbd.c.obj
 *fill*         0x000000001000875b        0x1 
 .rodata.__func__.3
                0x000000001000875c        0xf CMakeFiles/i2c_bus_scan.dir/Users/calhound/VSARM/pico/pico-sdk/lib/tinyusb/src/device/usbd.c.obj
 *fill*         0x000000001000876b        0x1 
 .rodata.__func__.4
                0x000000001000876c       0x14 CMakeFiles/i2c_bus_scan.dir/Users/calhound/VSARM/pico/pico-sdk/lib/tinyusb/src/device/usbd.c.obj
 .rodata.__func__.5
                0x0000000010008780       0x10 CMakeFiles/i2c_bus_scan.dir/Users/calhound/VSARM/pico/pico-sdk/lib/tinyusb/src/device/usbd.c.obj
 .rodata.__func__.6
                0x0000000010008790       0x17 CMakeFiles/i2c_bus_scan.dir/Users/calhound/VSARM/pico/pico-sdk/lib/tinyusb/src/device/usbd.c.obj
 *fill*         0x00000000100087a7        0x1 
 .rodata.__func__.7
                0x00000000100087a8       0x13 CMakeFiles/i2c_bus_scan.dir/Users/calhound/VSARM/pico/pico-sdk/lib/tinyusb/src/device/usbd.c.obj
 *fill*         0x00000000100087bb        0x1 
 .rodata.__func__.8
                0x00000000100087bc       0x18 CMakeFiles/i2c_bus_scan.dir/Users/calhound/VSARM/pico/pico-sdk/lib/tinyusb/src/device/usbd.c.obj
 .rodata.__func__.9
                0x00000000100087d4        0x9 CMakeFiles/i2c_bus_scan.dir/Users/calhound/VSARM/pico/pico-sdk/lib/tinyusb/src/device/usbd.c.obj
 *fill*         0x00000000100087dd        0x3 
 .rodata._usbd_driver
                0x00000000100087e0       0x18 CMakeFiles/i2c_bus_scan.dir/Users/calhound/VSARM/pico/pico-sdk/lib/tinyusb/src/device/usbd.c.obj
 .rodata.tud_control_xfer.str1.4
                0x00000000100087f8       0x17 CMakeFiles/i2c_bus_scan.dir/Users/calhound/VSARM/pico/pico-sdk/lib/tinyusb/src/device/usbd_control.c.obj
 .rodata.__func__.0
                0x00000000100087f8       0x15 CMakeFiles/i2c_bus_scan.dir/Users/calhound/VSARM/pico/pico-sdk/lib/tinyusb/src/device/usbd_control.c.obj
 *fill*         0x000000001000880d        0x3 
 .rodata.__func__.1
                0x0000000010008810       0x11 CMakeFiles/i2c_bus_scan.dir/Users/calhound/VSARM/pico/pico-sdk/lib/tinyusb/src/device/usbd_control.c.obj
 .rodata.tud_cdc_n_write_flush.str1.4
                0x0000000010008821       0x17 CMakeFiles/i2c_bus_scan.dir/Users/calhound/VSARM/pico/pico-sdk/lib/tinyusb/src/class/cdc/cdc_device.c.obj
 *fill*         0x0000000010008821        0x3 
 .rodata.__func__.0
                0x0000000010008824        0xd CMakeFiles/i2c_bus_scan.dir/Users/calhound/VSARM/pico/pico-sdk/lib/tinyusb/src/class/cdc/cdc_device.c.obj
 *fill*         0x0000000010008831        0x3 
 .rodata.__func__.1
                0x0000000010008834        0xa CMakeFiles/i2c_bus_scan.dir/Users/calhound/VSARM/pico/pico-sdk/lib/tinyusb/src/class/cdc/cdc_device.c.obj
 *fill*         0x000000001000883e        0x2 
 .rodata.__func__.2
                0x0000000010008840       0x16 CMakeFiles/i2c_bus_scan.dir/Users/calhound/VSARM/pico/pico-sdk/lib/tinyusb/src/class/cdc/cdc_device.c.obj
 .rodata.tusb_init.str1.4
                0x0000000010008856       0x17 CMakeFiles/i2c_bus_scan.dir/Users/calhound/VSARM/pico/pico-sdk/lib/tinyusb/src/tusb.c.obj
 *fill*         0x0000000010008856        0x2 
 .rodata.__func__.0
                0x0000000010008858        0xa CMakeFiles/i2c_bus_scan.dir/Users/calhound/VSARM/pico/pico-sdk/lib/tinyusb/src/tusb.c.obj
 *fill*         0x0000000010008862        0x2 
 .rodata.pico_get_unique_board_id_string.str1.4
                0x0000000010008864       0x56 CMakeFiles/i2c_bus_scan.dir/Users/calhound/VSARM/pico/pico-sdk/src/rp2_common/pico_unique_id/unique_id.c.obj
 *fill*         0x00000000100088ba        0x2 
 .rodata.__func__.0
                0x00000000100088bc       0x20 CMakeFiles/i2c_bus_scan.dir/Users/calhound/VSARM/pico/pico-sdk/src/rp2_common/pico_unique_id/unique_id.c.obj
 .rodata.str1.4
                0x00000000100088dc      0x162 CMakeFiles/i2c_bus_scan.dir/Users/calhound/VSARM/pico/pico-sdk/src/rp2_common/hardware_flash/flash.c.obj
 *fill*         0x0000000010008a3e        0x2 
 .rodata.__func__.0
                0x0000000010008a40        0xd CMakeFiles/i2c_bus_scan.dir/Users/calhound/VSARM/pico/pico-sdk/src/rp2_common/hardware_flash/flash.c.obj
 *fill*         0x0000000010008a4d        0x3 
 .rodata.i2c_set_baudrate.str1.4
                0x0000000010008a50       0x66 CMakeFiles/i2c_bus_scan.dir/Users/calhound/VSARM/pico/pico-sdk/src/rp2_common/hardware_i2c/i2c.c.obj
 *fill*         0x0000000010008ab6        0x2 
 .rodata.__func__.0
                0x0000000010008ab8       0x11 CMakeFiles/i2c_bus_scan.dir/Users/calhound/VSARM/pico/pico-sdk/src/rp2_common/hardware_i2c/i2c.c.obj
                0x0000000010008acc                . = ALIGN (0x4)
 *fill*         0x0000000010008ac9        0x3 
 *(SORT_BY_ALIGNMENT(SORT_BY_NAME(.flashdata*)))
                0x0000000010008acc                . = ALIGN (0x4)

.rel.dyn        0x0000000010008acc        0x0
 .rel.iplt      0x0000000010008acc        0x0 /usr/local/Cellar/arm-none-eabi-gcc/10.3-2021.07/gcc/bin/../lib/gcc/arm-none-eabi/10.3.1/thumb/v6-m/nofp/crtbegin.o

.ARM.extab
 *(.ARM.extab* .gnu.linkonce.armextab.*)
                0x0000000010008acc                __exidx_start = .

.ARM.exidx
 *(.ARM.exidx* .gnu.linkonce.armexidx.*)
                0x0000000010008acc                __exidx_end = .
                0x0000000010008acc                . = ALIGN (0x4)
                0x0000000010008acc                __binary_info_start = .

.binary_info    0x0000000010008acc       0x24
 *(.binary_info.keep.*)
 .binary_info.keep.__bi_ptr49
                0x0000000010008acc        0x4 CMakeFiles/i2c_bus_scan.dir/i2c_bus_scan.c.obj
 .binary_info.keep.__bi_ptr22
                0x0000000010008ad0        0x4 CMakeFiles/i2c_bus_scan.dir/Users/calhound/VSARM/pico/pico-sdk/src/rp2_common/pico_standard_link/binary_info.c.obj
 .binary_info.keep.__bi_ptr30
                0x0000000010008ad4        0x4 CMakeFiles/i2c_bus_scan.dir/Users/calhound/VSARM/pico/pico-sdk/src/rp2_common/pico_standard_link/binary_info.c.obj